Archive member included to satisfy reference by file (symbol)

/opt/devkitpro/libctru/lib/libcitro2d.a(base.o)
                              Main.o (C2D_Init)
/opt/devkitpro/libctru/lib/libcitro2d.a(render2d_shbin.o)
                              /opt/devkitpro/libctru/lib/libcitro2d.a(base.o) (render2d_shbin)
/opt/devkitpro/libctru/lib/libcitro3d.a(attribs.o)
                              /opt/devkitpro/libctru/lib/libcitro2d.a(base.o) (AttrInfo_Init)
/opt/devkitpro/libctru/lib/libcitro3d.a(base.o)
                              /opt/devkitpro/libctru/lib/libcitro3d.a(attribs.o) (__C3D_Context)
/opt/devkitpro/libctru/lib/libcitro3d.a(buffers.o)
                              /opt/devkitpro/libctru/lib/libcitro2d.a(base.o) (BufInfo_Init)
/opt/devkitpro/libctru/lib/libcitro3d.a(drawElements.o)
                              /opt/devkitpro/libctru/lib/libcitro2d.a(base.o) (C3D_DrawElements)
/opt/devkitpro/libctru/lib/libcitro3d.a(effect.o)
                              /opt/devkitpro/libctru/lib/libcitro3d.a(base.o) (C3D_DepthMap)
/opt/devkitpro/libctru/lib/libcitro3d.a(framebuffer.o)
                              /opt/devkitpro/libctru/lib/libcitro3d.a(base.o) (C3Di_FrameBufBind)
/opt/devkitpro/libctru/lib/libcitro3d.a(immediate.o)
                              /opt/devkitpro/libctru/lib/libcitro3d.a(base.o) (C3D_ImmSendAttrib)
/opt/devkitpro/libctru/lib/libcitro3d.a(proctex.o)
                              /opt/devkitpro/libctru/lib/libcitro2d.a(base.o) (C3D_ProcTexInit)
/opt/devkitpro/libctru/lib/libcitro3d.a(renderqueue.o)
                              /opt/devkitpro/libctru/lib/libcitro3d.a(base.o) (C3Di_RenderQueueEnableVBlank)
/opt/devkitpro/libctru/lib/libcitro3d.a(texenv.o)
                              /opt/devkitpro/libctru/lib/libcitro2d.a(base.o) (C3D_GetTexEnv)
/opt/devkitpro/libctru/lib/libcitro3d.a(texture.o)
                              /opt/devkitpro/libctru/lib/libcitro2d.a(base.o) (C3D_TexBind)
/opt/devkitpro/libctru/lib/libcitro3d.a(uniforms.o)
                              /opt/devkitpro/libctru/lib/libcitro3d.a(base.o) (C3D_UpdateUniforms)
/opt/devkitpro/libctru/lib/libcitro3d.a(mtx_multiply.o)
                              /opt/devkitpro/libctru/lib/libcitro2d.a(base.o) (Mtx_Multiply)
/opt/devkitpro/libctru/lib/libcitro3d.a(mtx_ortho.o)
                              /opt/devkitpro/libctru/lib/libcitro2d.a(base.o) (Mtx_Ortho)
/opt/devkitpro/libctru/lib/libcitro3d.a(mtx_orthotilt.o)
                              /opt/devkitpro/libctru/lib/libcitro2d.a(base.o) (Mtx_OrthoTilt)
/opt/devkitpro/libctru/lib/libcitro3d.a(mtx_rotatez.o)
                              /opt/devkitpro/libctru/lib/libcitro2d.a(base.o) (Mtx_RotateZ)
/opt/devkitpro/libctru/lib/libcitro3d.a(mtx_scale.o)
                              /opt/devkitpro/libctru/lib/libcitro2d.a(base.o) (Mtx_Scale)
/opt/devkitpro/libctru/lib/libcitro3d.a(mtx_translate.o)
                              /opt/devkitpro/libctru/lib/libcitro2d.a(base.o) (Mtx_Translate)
/opt/devkitpro/libctru/lib/libctru.a(linear.o)
                              /opt/devkitpro/libctru/lib/libcitro2d.a(base.o) (linearAlloc)
/opt/devkitpro/libctru/lib/libctru.a(mem_pool.o)
                              /opt/devkitpro/libctru/lib/libctru.a(linear.o) (MemPool::Allocate(MemChunk&, unsigned long, int))
/opt/devkitpro/libctru/lib/libctru.a(vram.o)
                              /opt/devkitpro/libctru/lib/libcitro3d.a(renderqueue.o) (vramAlloc)
/opt/devkitpro/libctru/lib/libctru.a(gfx.o)
                              /opt/devkitpro/libctru/lib/libcitro2d.a(base.o) (gfxIsWide)
/opt/devkitpro/libctru/lib/libctru.a(os.o)
                              /opt/devkitpro/libctru/lib/libcitro3d.a(buffers.o) (osConvertVirtToPhys)
/opt/devkitpro/libctru/lib/libctru.a(gpu.o)
                              /opt/devkitpro/libctru/lib/libcitro3d.a(renderqueue.o) (gpuCmdBuf)
/opt/devkitpro/libctru/lib/libctru.a(gx.o)
                              /opt/devkitpro/libctru/lib/libcitro3d.a(renderqueue.o) (GX_BindQueue)
/opt/devkitpro/libctru/lib/libctru.a(gxqueue.o)
                              /opt/devkitpro/libctru/lib/libcitro3d.a(renderqueue.o) (gxCmdQueueClear)
/opt/devkitpro/libctru/lib/libctru.a(shaderProgram.o)
                              /opt/devkitpro/libctru/lib/libcitro2d.a(base.o) (shaderInstanceGetUniformLocation)
/opt/devkitpro/libctru/lib/libctru.a(shbin.o)
                              /opt/devkitpro/libctru/lib/libcitro2d.a(base.o) (DVLB_ParseFile)
/opt/devkitpro/libctru/lib/libctru.a(apt.o)
                              /opt/devkitpro/libctru/lib/libcitro3d.a(base.o) (aptHook)
/opt/devkitpro/libctru/lib/libctru.a(gspgpu.o)
                              /opt/devkitpro/libctru/lib/libctru.a(gfx.o) (gspInit)
/opt/devkitpro/libctru/lib/libctru.a(hid.o)
                              Main.o (hidScanInput)
/opt/devkitpro/libctru/lib/libctru.a(irrst.o)
                              /opt/devkitpro/libctru/lib/libctru.a(hid.o) (irrstInit)
/opt/devkitpro/libctru/lib/libctru.a(ptmsysm.o)
[...]
Memory Configuration

Name             Origin             Length             Attributes
*default*        0x00000000         0xffffffff

Linker script and memory map

                0x00000000                        __sync_synchronize = __sync_synchronize_dmb
                0x00100000                        PROVIDE (__start__ = 0x100000)
                0x00100000                        . = __start__

.text           0x00100000    0x10864
 *(.crt0)
 .crt0          0x00100000       0x94 /opt/devkitpro/devkitARM/lib/gcc/arm-none-eabi/16.1.0/../../../../arm-none-eabi/lib/armv6k/fpu/3dsx_crt0.o
                0x00100000                _start
                0x00100008                __service_ptr
                0x0010000c                __apt_appid
                0x00100010                __heap_size
                0x00100014                __linear_heap_size
                0x00100018                __system_arglist
                0x0010001c                __system_runflags
 *(.init)
 .init          0x00100094        0xc /opt/devkitpro/devkitARM/lib/gcc/arm-none-eabi/16.1.0/armv6k/fpu/crti.o
                0x00100094                _init
 .init          0x001000a0        0xc /opt/devkitpro/devkitARM/lib/gcc/arm-none-eabi/16.1.0/armv6k/fpu/crtn.o
                0x001000ac                        . = ALIGN (0x4)
 *(.text)
 .text          0x001000ac        0x4 /opt/devkitpro/devkitARM/lib/gcc/arm-none-eabi/16.1.0/armv6k/fpu/libgcc.a(_dvmd_tls.o)
                0x001000ac                __aeabi_ldiv0
                0x001000ac                __aeabi_idiv0
 *fill*         0x001000b0       0x10 
 .text          0x001000c0      0x390 /opt/devkitpro/devkitARM/lib/gcc/arm-none-eabi/16.1.0/../../../../arm-none-eabi/lib/armv6k/fpu/libc.a(libc_a-strcmp.o)
                0x001000c8                strcmp
 .text          0x00100450      0x20c /opt/devkitpro/devkitARM/lib/gcc/arm-none-eabi/16.1.0/armv6k/fpu/libgcc.a(_udivsi3.o)
                0x00100450                __udivsi3
                0x00100450                __aeabi_uidiv
                0x0010063c                __aeabi_uidivmod
 *(.text.*)
 .text.__do_global_dtors_aux
                0x0010065c       0x50 /opt/devkitpro/devkitARM/lib/gcc/arm-none-eabi/16.1.0/armv6k/fpu/crtbegin.o
 .text.frame_dummy
                0x001006ac       0x2c /opt/devkitpro/devkitARM/lib/gcc/arm-none-eabi/16.1.0/armv6k/fpu/crtbegin.o
 .text.startup  0x001006d8      0x124 Main.o
                0x001006d8                main
 .text.C2Di_FrameEndHook
                0x001007fc       0x44 /opt/devkitpro/libctru/lib/libcitro2d.a(base.o)
 .text.C2D_Init
                0x00100840      0x368 /opt/devkitpro/libctru/lib/libcitro2d.a(base.o)
                0x00100840                C2D_Init
 .text.C2D_Fini
                0x00100ba8       0x4c /opt/devkitpro/libctru/lib/libcitro2d.a(base.o)
                0x00100ba8                C2D_Fini
 .text.C2D_Prepare
                0x00100bf4       0xbc /opt/devkitpro/libctru/lib/libcitro2d.a(base.o)
                0x00100bf4                C2D_Prepare
 .text.C2D_Flush
                0x00100cb0       0x48 /opt/devkitpro/libctru/lib/libcitro2d.a(base.o)
                0x00100cb0                C2D_Flush
 .text.C2D_SceneSize
                0x00100cf8       0xfc /opt/devkitpro/libctru/lib/libcitro2d.a(base.o)
                0x00100cf8                C2D_SceneSize
 .text.C2D_CreateScreenTarget
                0x00100df4       0x60 /opt/devkitpro/libctru/lib/libcitro2d.a(base.o)
                0x00100df4                C2D_CreateScreenTarget
 .text.C2D_TargetClear
                0x00100e54       0x60 /opt/devkitpro/libctru/lib/libcitro2d.a(base.o)
                0x00100e54                C2D_TargetClear
 .text.C2Di_AppendQuad
                0x00100eb4       0x54 /opt/devkitpro/libctru/lib/libcitro2d.a(base.o)
                0x00100eb4                C2Di_AppendQuad
 .text.C2Di_Update
                0x00100f08      0x738 /opt/devkitpro/libctru/lib/libcitro2d.a(base.o)
                0x00100f08                C2Di_Update
 .text.C2D_DrawRectangle
                0x00101640      0x168 /opt/devkitpro/libctru/lib/libcitro2d.a(base.o)
                0x00101640                C2D_DrawRectangle
 .text.AttrInfo_Init
                0x001017a8       0x28 /opt/devkitpro/libctru/lib/libcitro3d.a(attribs.o)
                0x001017a8                AttrInfo_Init
 .text.AttrInfo_AddLoader
                0x001017d0       0x94 /opt/devkitpro/libctru/lib/libcitro3d.a(attribs.o)
                0x001017d0                AttrInfo_AddLoader
 .text.C3D_SetAttrInfo
                0x00101864       0x54 /opt/devkitpro/libctru/lib/libcitro3d.a(attribs.o)
                0x00101864                C3D_SetAttrInfo
 .text.C3Di_AttrInfoBind
                0x001018b8       0x80 /opt/devkitpro/libctru/lib/libcitro3d.a(attribs.o)
                0x001018b8                C3Di_AttrInfoBind
 .text.C3Di_LightEnvUpdate
                0x00101938        0x4 /opt/devkitpro/libctru/lib/libcitro3d.a(base.o)
                0x00101938                C3Di_LightEnvUpdate
 .text.C3Di_LightEnvDirty
                0x0010193c        0x4 /opt/devkitpro/libctru/lib/libcitro3d.a(base.o)
                0x0010193c                C3Di_LightEnvDirty
 .text.C3Di_AptEventHook
                0x00101940       0xb4 /opt/devkitpro/libctru/lib/libcitro3d.a(base.o)
 .text.C3Di_GasUpdate
                0x001019f4        0x4 /opt/devkitpro/libctru/lib/libcitro3d.a(base.o)
                0x001019f4                C3Di_GasUpdate
 .text.C3D_Init
                0x001019f8      0x1d0 /opt/devkitpro/libctru/lib/libcitro3d.a(base.o)
                0x001019f8                C3D_Init
 .text.C3D_SetViewport
                0x00101bc8       0x98 /opt/devkitpro/libctru/lib/libcitro3d.a(base.o)
                0x00101bc8                C3D_SetViewport
 .text.C3Di_UpdateContext
                0x00101c60      0x4e8 /opt/devkitpro/libctru/lib/libcitro3d.a(base.o)
                0x00101c60                C3Di_UpdateContext
 .text.C3Di_SplitFrame
                0x00102148       0xe0 /opt/devkitpro/libctru/lib/libcitro3d.a(base.o)
                0x00102148                C3Di_SplitFrame
 .text.C3D_Fini
                0x00102228       0x44 /opt/devkitpro/libctru/lib/libcitro3d.a(base.o)
                0x00102228                C3D_Fini
 .text.C3D_BindProgram
                0x0010226c      0x194 /opt/devkitpro/libctru/lib/libcitro3d.a(base.o)
                0x0010226c                C3D_BindProgram
 .text.BufInfo_Init
                0x00102400       0x24 /opt/devkitpro/libctru/lib/libcitro3d.a(buffers.o)
                0x00102400                BufInfo_Init
 .text.BufInfo_Add
                0x00102424       0x80 /opt/devkitpro/libctru/lib/libcitro3d.a(buffers.o)
                0x00102424                BufInfo_Add
 .text.C3D_SetBufInfo
                0x001024a4       0x3c /opt/devkitpro/libctru/lib/libcitro3d.a(buffers.o)
                0x001024a4                C3D_SetBufInfo
 .text.C3Di_BufInfoBind
                0x001024e0       0x48 /opt/devkitpro/libctru/lib/libcitro3d.a(buffers.o)
                0x001024e0                C3Di_BufInfoBind
 .text.C3D_DrawElements
                0x00102528      0x21c /opt/devkitpro/libctru/lib/libcitro3d.a(drawElements.o)
                0x00102528                C3D_DrawElements
 .text.C3D_DepthMap
                0x00102744       0x40 /opt/devkitpro/libctru/lib/libcitro3d.a(effect.o)
                0x00102744                C3D_DepthMap
 .text.C3D_CullFace
                0x00102784       0x1c /opt/devkitpro/libctru/lib/libcitro3d.a(effect.o)
                0x00102784                C3D_CullFace
 .text.C3D_StencilTest
                0x001027a0       0x40 /opt/devkitpro/libctru/lib/libcitro3d.a(effect.o)
                0x001027a0                C3D_StencilTest
 .text.C3D_StencilOp
                0x001027e0       0x24 /opt/devkitpro/libctru/lib/libcitro3d.a(effect.o)
                0x001027e0                C3D_StencilOp
 .text.C3D_BlendingColor
                0x00102804       0x1c /opt/devkitpro/libctru/lib/libcitro3d.a(effect.o)
                0x00102804                C3D_BlendingColor
 .text.C3D_EarlyDepthTest
                0x00102820       0x24 /opt/devkitpro/libctru/lib/libcitro3d.a(effect.o)
                0x00102820                C3D_EarlyDepthTest
 .text.C3D_DepthTest
                0x00102844       0x2c /opt/devkitpro/libctru/lib/libcitro3d.a(effect.o)
                0x00102844                C3D_DepthTest
 .text.C3D_AlphaTest
                0x00102870       0x2c /opt/devkitpro/libctru/lib/libcitro3d.a(effect.o)
                0x00102870                C3D_AlphaTest
 .text.C3D_AlphaBlend
                0x0010289c       0x50 /opt/devkitpro/libctru/lib/libcitro3d.a(effect.o)
                0x0010289c                C3D_AlphaBlend
 .text.C3D_FragOpMode
                0x001028ec       0x30 /opt/devkitpro/libctru/lib/libcitro3d.a(effect.o)
                0x001028ec                C3D_FragOpMode
 .text.C3D_FragOpShadow
                0x0010291c       0x44 /opt/devkitpro/libctru/lib/libcitro3d.a(effect.o)
                0x0010291c                C3D_FragOpShadow
 .text.C3Di_EffectBind
                0x00102960      0x1ac /opt/devkitpro/libctru/lib/libcitro3d.a(effect.o)
                0x00102960                C3Di_EffectBind
 .text.C3D_CalcColorBufSize
                0x00102b0c       0x1c /opt/devkitpro/libctru/lib/libcitro3d.a(framebuffer.o)
                0x00102b0c                C3D_CalcColorBufSize
 .text.C3D_CalcDepthBufSize
                0x00102b28       0x1c /opt/devkitpro/libctru/lib/libcitro3d.a(framebuffer.o)
                0x00102b28                C3D_CalcDepthBufSize
 .text.C3D_SetFrameBuf
                0x00102b44       0x44 /opt/devkitpro/libctru/lib/libcitro3d.a(framebuffer.o)
                0x00102b44                C3D_SetFrameBuf
 .text.C3Di_FrameBufBind
                0x00102b88      0x16c /opt/devkitpro/libctru/lib/libcitro3d.a(framebuffer.o)
                0x00102b88                C3Di_FrameBufBind
 .text.C3D_FrameBufClear
                0x00102cf4       0xc8 /opt/devkitpro/libctru/lib/libcitro3d.a(framebuffer.o)
                0x00102cf4                C3D_FrameBufClear
 .text.C3D_FrameBufTransfer
                0x00102dbc       0x44 /opt/devkitpro/libctru/lib/libcitro3d.a(framebuffer.o)
                0x00102dbc                C3D_FrameBufTransfer
 .text.C3D_ImmSendAttrib
                0x00102e00       0xa8 /opt/devkitpro/libctru/lib/libcitro3d.a(immediate.o)
                0x00102e00                C3D_ImmSendAttrib
 .text.C3D_ProcTexInit
                0x00102ea8       0x70 /opt/devkitpro/libctru/lib/libcitro3d.a(proctex.o)
                0x00102ea8                C3D_ProcTexInit
 .text.C3D_ProcTexBind
                0x00102f18       0x54 /opt/devkitpro/libctru/lib/libcitro3d.a(proctex.o)
                0x00102f18                C3D_ProcTexBind
 .text.C3D_ProcTexLutBind
                0x00102f6c       0x5c /opt/devkitpro/libctru/lib/libcitro3d.a(proctex.o)
                0x00102f6c                C3D_ProcTexLutBind
 .text.ProcTexLut_FromArray
                0x00102fc8       0xa4 /opt/devkitpro/libctru/lib/libcitro3d.a(proctex.o)
                0x00102fc8                ProcTexLut_FromArray
 .text.C3Di_ProcTexUpdate
                0x0010306c      0x178 /opt/devkitpro/libctru/lib/libcitro3d.a(proctex.o)
                0x0010306c                C3Di_ProcTexUpdate
 .text.C3Di_ProcTexDirty
                0x001031e4       0x68 /opt/devkitpro/libctru/lib/libcitro3d.a(proctex.o)
                0x001031e4                C3Di_ProcTexDirty
 .text.onVBlank0
                0x0010324c       0x4c /opt/devkitpro/libctru/lib/libcitro3d.a(renderqueue.o)
 .text.onVBlank1
                0x00103298       0x4c /opt/devkitpro/libctru/lib/libcitro3d.a(renderqueue.o)
 .text.C3Di_RenderTargetDestroy
                0x001032e4       0x80 /opt/devkitpro/libctru/lib/libcitro3d.a(renderqueue.o)
 .text.onQueueFinish
                0x00103364       0xf4 /opt/devkitpro/libctru/lib/libcitro3d.a(renderqueue.o)
 .text.C3Di_RenderQueueEnableVBlank
                0x00103458       0x38 /opt/devkitpro/libctru/lib/libcitro3d.a(renderqueue.o)
                0x00103458                C3Di_RenderQueueEnableVBlank
 .text.C3Di_RenderQueueDisableVBlank
                0x00103490       0x30 /opt/devkitpro/libctru/lib/libcitro3d.a(renderqueue.o)
                0x00103490                C3Di_RenderQueueDisableVBlank
 .text.C3Di_RenderQueueInit
                0x001034c0       0x60 /opt/devkitpro/libctru/lib/libcitro3d.a(renderqueue.o)
                0x001034c0                C3Di_RenderQueueInit
 .text.C3Di_RenderQueueExit
                0x00103520       0xb4 /opt/devkitpro/libctru/lib/libcitro3d.a(renderqueue.o)
                0x00103520                C3Di_RenderQueueExit
 .text.C3Di_RenderQueueWaitDone
                0x001035d4       0x34 /opt/devkitpro/libctru/lib/libcitro3d.a(renderqueue.o)
                0x001035d4                C3Di_RenderQueueWaitDone
 .text.C3D_FrameBegin
                0x00103608       0xe8 /opt/devkitpro/libctru/lib/libcitro3d.a(renderqueue.o)
                0x00103608                C3D_FrameBegin
 .text.C3D_FrameDrawOn
                0x001036f0       0x48 /opt/devkitpro/libctru/lib/libcitro3d.a(renderqueue.o)
                0x001036f0                C3D_FrameDrawOn
 .text.C3D_FrameSplit
                0x00103738       0x58 /opt/devkitpro/libctru/lib/libcitro3d.a(renderqueue.o)
                0x00103738                C3D_FrameSplit
 .text.C3D_FrameEnd
                0x00103790      0x1d0 /opt/devkitpro/libctru/lib/libcitro3d.a(renderqueue.o)
                0x00103790                C3D_FrameEnd
 .text.C3D_FrameEndHook
                0x00103960       0x1c /opt/devkitpro/libctru/lib/libcitro3d.a(renderqueue.o)
                0x00103960                C3D_FrameEndHook
 .text.C3D_RenderTargetCreate
                0x0010397c      0x170 /opt/devkitpro/libctru/lib/libcitro3d.a(renderqueue.o)
                0x0010397c                C3D_RenderTargetCreate
 .text.C3D_RenderTargetSetOutput
                0x00103aec       0xa8 /opt/devkitpro/libctru/lib/libcitro3d.a(renderqueue.o)
                0x00103aec                C3D_RenderTargetSetOutput
 .text.C3D_GetTexEnv
                0x00103b94       0x34 /opt/devkitpro/libctru/lib/libcitro3d.a(texenv.o)
                0x00103b94                C3D_GetTexEnv
 .text.C3Di_TexEnvBind
                0x00103bc8       0x24 /opt/devkitpro/libctru/lib/libcitro3d.a(texenv.o)
                0x00103bc8                C3Di_TexEnvBind
 .text.C3D_TexBind
                0x00103bec       0x44 /opt/devkitpro/libctru/lib/libcitro3d.a(texture.o)
                0x00103bec                C3D_TexBind
 .text.C3Di_SetTex
                0x00103c30      0x14c /opt/devkitpro/libctru/lib/libcitro3d.a(texture.o)
                0x00103c30                C3Di_SetTex
 .text.C3D_UpdateUniforms
                0x00103d7c      0x290 /opt/devkitpro/libctru/lib/libcitro3d.a(uniforms.o)
                0x00103d7c                C3D_UpdateUniforms
 .text.C3Di_DirtyUniforms
                0x0010400c       0xc0 /opt/devkitpro/libctru/lib/libcitro3d.a(uniforms.o)
                0x0010400c                C3Di_DirtyUniforms
 .text.C3Di_LoadShaderUniforms
                0x001040cc       0xd8 /opt/devkitpro/libctru/lib/libcitro3d.a(uniforms.o)
                0x001040cc                C3Di_LoadShaderUniforms
 .text.C3Di_ClearShaderUniforms
                0x001041a4       0x28 /opt/devkitpro/libctru/lib/libcitro3d.a(uniforms.o)
                0x001041a4                C3Di_ClearShaderUniforms
 .text.Mtx_Ortho
                0x001041cc       0xcc /opt/devkitpro/libctru/lib/libcitro3d.a(mtx_ortho.o)
                0x001041cc                Mtx_Ortho
 .text.Mtx_OrthoTilt
                0x00104298       0xcc /opt/devkitpro/libctru/lib/libcitro3d.a(mtx_orthotilt.o)
                0x00104298                Mtx_OrthoTilt
 .text._ZL21addrMapNodeComparatorPK11rbtree_nodeS1_
                0x00104364       0x24 /opt/devkitpro/libctru/lib/libctru.a(linear.o)
 .text._ZL21addrMapNodeDestructorP11rbtree_node
                0x00104388        0x4 /opt/devkitpro/libctru/lib/libctru.a(linear.o)
 .text.linearMemAlign
                0x0010438c      0x12c /opt/devkitpro/libctru/lib/libctru.a(linear.o)
                0x0010438c                linearMemAlign
 .text.linearAlloc
                0x001044b8        0x8 /opt/devkitpro/libctru/lib/libctru.a(linear.o)
                0x001044b8                linearAlloc
 .text.linearFree
                0x001044c0       0x5c /opt/devkitpro/libctru/lib/libctru.a(linear.o)
                0x001044c0                linearFree
 .text._ZN7MemPool13CoalesceRightEP8MemBlock
                0x0010451c       0x88 /opt/devkitpro/libctru/lib/libctru.a(mem_pool.o)
                0x0010451c                MemPool::CoalesceRight(MemBlock*)
 .text._ZN7MemPool8AllocateER8MemChunkmi
                0x001045a4      0x178 /opt/devkitpro/libctru/lib/libctru.a(mem_pool.o)
                0x001045a4                MemPool::Allocate(MemChunk&, unsigned long, int)
 .text._ZN7MemPool10DeallocateERK8MemChunk
                0x0010471c      0x118 /opt/devkitpro/libctru/lib/libctru.a(mem_pool.o)
                0x0010471c                MemPool::Deallocate(MemChunk const&)
 .text._ZN7MemPool12GetFreeSpaceEv
                0x00104834       0x30 /opt/devkitpro/libctru/lib/libctru.a(mem_pool.o)
                0x00104834                MemPool::GetFreeSpace()
 .text._ZL21addrMapNodeComparatorPK11rbtree_nodeS1_
                0x00104864       0x24 /opt/devkitpro/libctru/lib/libctru.a(vram.o)
 .text._ZL21addrMapNodeDestructorP11rbtree_node
                0x00104888        0x4 /opt/devkitpro/libctru/lib/libctru.a(vram.o)
 .text.vramMemAlignAt
                0x0010488c      0x248 /opt/devkitpro/libctru/lib/libctru.a(vram.o)
                0x0010488c                vramMemAlignAt
 .text.vramAlloc
                0x00104ad4        0xc /opt/devkitpro/libctru/lib/libctru.a(vram.o)
                0x00104ad4                vramAlloc
 .text.vramAllocAt
                0x00104ae0        0xc /opt/devkitpro/libctru/lib/libctru.a(vram.o)
                0x00104ae0                vramAllocAt
 .text.vramFree
                0x00104aec       0x94 /opt/devkitpro/libctru/lib/libctru.a(vram.o)
                0x00104aec                vramFree
 .text.gfxPresentFramebuffer
                0x00104b80       0xcc /opt/devkitpro/libctru/lib/libctru.a(gfx.o)
 .text.gfxIsWide
                0x00104c4c       0x1c /opt/devkitpro/libctru/lib/libctru.a(gfx.o)
                0x00104c4c                gfxIsWide
 .text.gfxSetScreenFormat
                0x00104c68       0xf8 /opt/devkitpro/libctru/lib/libctru.a(gfx.o)
                0x00104c68                gfxSetScreenFormat
 .text.gfxInit  0x00104d60       0xd8 /opt/devkitpro/libctru/lib/libctru.a(gfx.o)
                0x00104d60                gfxInit
 .text.gfxInitDefault
                0x00104e38       0x10 /opt/devkitpro/libctru/lib/libctru.a(gfx.o)
                0x00104e38                gfxInitDefault
 .text.gfxExit  0x00104e48       0xb8 /opt/devkitpro/libctru/lib/libctru.a(gfx.o)
                0x00104e48                gfxExit
 .text.gfxGetFramebuffer
                0x00104f00       0xa0 /opt/devkitpro/libctru/lib/libctru.a(gfx.o)
                0x00104f00                gfxGetFramebuffer
 .text.gfxScreenSwapBuffers
                0x00104fa0       0x28 /opt/devkitpro/libctru/lib/libctru.a(gfx.o)
                0x00104fa0                gfxScreenSwapBuffers
 .text.osConvertVirtToPhys
                0x00104fc8       0x74 /opt/devkitpro/libctru/lib/libctru.a(os.o)
                0x00104fc8                osConvertVirtToPhys
 .text.__ctru_speedup_config
                0x0010503c       0x34 /opt/devkitpro/libctru/lib/libctru.a(os.o)
                0x0010503c                __ctru_speedup_config
 .text.GPUCMD_Add
                0x00105070      0x13c /opt/devkitpro/libctru/lib/libctru.a(gpu.o)
                0x00105070                GPUCMD_Add
 .text.GPUCMD_Split
                0x001051ac       0xb0 /opt/devkitpro/libctru/lib/libctru.a(gpu.o)
                0x001051ac                GPUCMD_Split
 .text.f32tof16
                0x0010525c       0x34 /opt/devkitpro/libctru/lib/libctru.a(gpu.o)
                0x0010525c                f32tof16
 .text.f32tof24
                0x00105290       0x34 /opt/devkitpro/libctru/lib/libctru.a(gpu.o)
                0x00105290                f32tof24
 .text.f32tof31
                0x001052c4       0x38 /opt/devkitpro/libctru/lib/libctru.a(gpu.o)
                0x001052c4                f32tof31
 .text.GX_BindQueue
                0x001052fc       0x10 /opt/devkitpro/libctru/lib/libctru.a(gx.o)
                0x001052fc                GX_BindQueue
 .text.GX_ProcessCommandList
                0x0010530c       0x7c /opt/devkitpro/libctru/lib/libctru.a(gx.o)
                0x0010530c                GX_ProcessCommandList
 .text.GX_MemoryFill
                0x00105388       0x74 /opt/devkitpro/libctru/lib/libctru.a(gx.o)
                0x00105388                GX_MemoryFill
 .text.GX_DisplayTransfer
                0x001053fc       0x74 /opt/devkitpro/libctru/lib/libctru.a(gx.o)
                0x001053fc                GX_DisplayTransfer
 .text.gxCmdQueueDoCommands.part.0
                0x00105470       0x64 /opt/devkitpro/libctru/lib/libctru.a(gxqueue.o)
 .text.gxCmdQueueInterrupt
                0x001054d4       0xe4 /opt/devkitpro/libctru/lib/libctru.a(gxqueue.o)
                0x001054d4                gxCmdQueueInterrupt
 .text.gxCmdQueueClear
                0x001055b8       0x68 /opt/devkitpro/libctru/lib/libctru.a(gxqueue.o)
                0x001055b8                gxCmdQueueClear
 .text.gxCmdQueueAdd
                0x00105620      0x108 /opt/devkitpro/libctru/lib/libctru.a(gxqueue.o)
                0x00105620                gxCmdQueueAdd
 .text.gxCmdQueueRun
                0x00105728       0x80 /opt/devkitpro/libctru/lib/libctru.a(gxqueue.o)
                0x00105728                gxCmdQueueRun
 .text.gxCmdQueueStop
                0x001057a8       0x64 /opt/devkitpro/libctru/lib/libctru.a(gxqueue.o)
                0x001057a8                gxCmdQueueStop
 .text.gxCmdQueueWait
                0x0010580c       0xac /opt/devkitpro/libctru/lib/libctru.a(gxqueue.o)
                0x0010580c                gxCmdQueueWait
 .text.shaderInstanceInit
                0x001058b8      0x1e0 /opt/devkitpro/libctru/lib/libctru.a(shaderProgram.o)
                0x001058b8                shaderInstanceInit
 .text.shaderInstanceGetUniformLocation
                0x00105a98       0x18 /opt/devkitpro/libctru/lib/libctru.a(shaderProgram.o)
                0x00105a98                shaderInstanceGetUniformLocation
 .text.shaderProgramInit
                0x00105ab0       0x1c /opt/devkitpro/libctru/lib/libctru.a(shaderProgram.o)
                0x00105ab0                shaderProgramInit
 .text.shaderProgramFree
                0x00105acc       0x74 /opt/devkitpro/libctru/lib/libctru.a(shaderProgram.o)
                0x00105acc                shaderProgramFree
 .text.shaderProgramSetVsh
                0x00105b40       0x94 /opt/devkitpro/libctru/lib/libctru.a(shaderProgram.o)
                0x00105b40                shaderProgramSetVsh
 .text.shaderProgramConfigure
                0x00105bd4      0x8d0 /opt/devkitpro/libctru/lib/libctru.a(shaderProgram.o)
                0x00105bd4                shaderProgramConfigure
 .text.DVLE_GenerateOutmap.part.0
                0x001064a4      0x1dc /opt/devkitpro/libctru/lib/libctru.a(shbin.o)
 .text.DVLB_ParseFile
                0x00106680      0x1ac /opt/devkitpro/libctru/lib/libctru.a(shbin.o)
                0x00106680                DVLB_ParseFile
 .text.DVLB_Free
                0x0010682c       0x50 /opt/devkitpro/libctru/lib/libctru.a(shbin.o)
                0x0010682c                DVLB_Free
 .text.DVLE_GetUniformRegister
                0x0010687c       0x74 /opt/devkitpro/libctru/lib/libctru.a(shbin.o)
                0x0010687c                DVLE_GetUniformRegister
 .text.aptConvertScreenForCapture
                0x001068f0      0x180 /opt/devkitpro/libctru/lib/libctru.a(apt.o)
 .text.aptDspSleep
                0x00106a70        0x8 /opt/devkitpro/libctru/lib/libctru.a(apt.o)
                0x00106a70                aptDspSleep
 .text.aptDspWakeup
                0x00106a78        0x4 /opt/devkitpro/libctru/lib/libctru.a(apt.o)
                0x00106a78                aptDspWakeup
 .text.aptDspCancel
                0x00106a7c        0x4 /opt/devkitpro/libctru/lib/libctru.a(apt.o)
                0x00106a7c                aptDspCancel
 .text.aptSendCommand
                0x00106a80      0x138 /opt/devkitpro/libctru/lib/libctru.a(apt.o)
                0x00106a80                aptSendCommand
 .text.aptExitProcess
                0x00106bb8       0x44 /opt/devkitpro/libctru/lib/libctru.a(apt.o)
 .text.aptExit  0x00106bfc      0x394 /opt/devkitpro/libctru/lib/libctru.a(apt.o)
                0x00106bfc                aptExit
 .text.aptHandleSleep
                0x00106f90       0xd8 /opt/devkitpro/libctru/lib/libctru.a(apt.o)
                0x00106f90                aptHandleSleep
 .text.aptHook  0x00107068       0x34 /opt/devkitpro/libctru/lib/libctru.a(apt.o)
                0x00107068                aptHook
 .text.aptUnhook
                0x0010709c       0x30 /opt/devkitpro/libctru/lib/libctru.a(apt.o)
                0x0010709c                aptUnhook
 .text.APT_SleepIfShellClosed
                0x001070cc       0x84 /opt/devkitpro/libctru/lib/libctru.a(apt.o)
                0x001070cc                APT_SleepIfShellClosed
 .text.aptSetSleepAllowed
                0x00107150       0x78 /opt/devkitpro/libctru/lib/libctru.a(apt.o)
                0x00107150                aptSetSleepAllowed
 .text.APT_UnlockTransition
                0x001071c8       0x84 /opt/devkitpro/libctru/lib/libctru.a(apt.o)
                0x001071c8                APT_UnlockTransition
 *fill*         0x0010724c        0x4 
 .text.aptEventHandler
                0x00107250      0x470 /opt/devkitpro/libctru/lib/libctru.a(apt.o)
 .text.APT_ReceiveParameter
                0x001076c0       0xbc /opt/devkitpro/libctru/lib/libctru.a(apt.o)
                0x001076c0                APT_ReceiveParameter
 .text.aptReceiveParameter.constprop.0
                0x0010777c       0xb0 /opt/devkitpro/libctru/lib/libctru.a(apt.o)
 *fill*         0x0010782c        0x4 
 .text.aptScreenTransfer
                0x00107830      0x294 /opt/devkitpro/libctru/lib/libctru.a(apt.o)
 .text.aptWaitForWakeUp.isra.0
                0x00107ac4      0x2d0 /opt/devkitpro/libctru/lib/libctru.a(apt.o)
 .text.aptJumpToHomeMenu
                0x00107d94       0xf4 /opt/devkitpro/libctru/lib/libctru.a(apt.o)
                0x00107d94                aptJumpToHomeMenu
 .text.aptMainLoop
                0x00107e88       0x58 /opt/devkitpro/libctru/lib/libctru.a(apt.o)
                0x00107e88                aptMainLoop
 .text.aptInit  0x00107ee0      0x240 /opt/devkitpro/libctru/lib/libctru.a(apt.o)
                0x00107ee0                aptInit
 .text.APT_CheckNew3DS
                0x00108120       0x90 /opt/devkitpro/libctru/lib/libctru.a(apt.o)
                0x00108120                APT_CheckNew3DS
 .text.gspHardwareInit
                0x001081b0      0xc70 /opt/devkitpro/libctru/lib/libctru.a(gspgpu.o)
 .text.gspInit  0x00108e20      0x288 /opt/devkitpro/libctru/lib/libctru.a(gspgpu.o)
                0x00108e20                gspInit
 .text.gspExit  0x001090a8      0x104 /opt/devkitpro/libctru/lib/libctru.a(gspgpu.o)
                0x001090a8                gspExit
 .text.gspHasGpuRight
                0x001091ac       0x10 /opt/devkitpro/libctru/lib/libctru.a(gspgpu.o)
                0x001091ac                gspHasGpuRight
 .text.gspPresentBuffer
                0x001091bc       0xa4 /opt/devkitpro/libctru/lib/libctru.a(gspgpu.o)
                0x001091bc                gspPresentBuffer
 .text.gspSetEventCallback
                0x00109260       0x30 /opt/devkitpro/libctru/lib/libctru.a(gspgpu.o)
                0x00109260                gspSetEventCallback
 .text.gspWaitForEvent
                0x00109290       0x50 /opt/devkitpro/libctru/lib/libctru.a(gspgpu.o)
                0x00109290                gspWaitForEvent
 .text.gspWaitForAnyEvent
                0x001092e0       0x4c /opt/devkitpro/libctru/lib/libctru.a(gspgpu.o)
                0x001092e0                gspWaitForAnyEvent
 .text.gspEventThreadMain
                0x0010932c      0x154 /opt/devkitpro/libctru/lib/libctru.a(gspgpu.o)
 .text.gspSubmitGxCommand
                0x00109480      0x12c /opt/devkitpro/libctru/lib/libctru.a(gspgpu.o)
                0x00109480                gspSubmitGxCommand
 .text.GSPGPU_FlushDataCache
                0x001095ac       0x50 /opt/devkitpro/libctru/lib/libctru.a(gspgpu.o)
                0x001095ac                GSPGPU_FlushDataCache
 .text.GSPGPU_SetLcdForceBlack
                0x001095fc       0x34 /opt/devkitpro/libctru/lib/libctru.a(gspgpu.o)
                0x001095fc                GSPGPU_SetLcdForceBlack
 .text.GSPGPU_AcquireRight
                0x00109630       0x84 /opt/devkitpro/libctru/lib/libctru.a(gspgpu.o)
                0x00109630                GSPGPU_AcquireRight
 .text.GSPGPU_ReleaseRight
                0x001096b4       0x64 /opt/devkitpro/libctru/lib/libctru.a(gspgpu.o)
                0x001096b4                GSPGPU_ReleaseRight
 .text.GSPGPU_ImportDisplayCaptureInfo
                0x00109718       0x7c /opt/devkitpro/libctru/lib/libctru.a(gspgpu.o)
                0x00109718                GSPGPU_ImportDisplayCaptureInfo
 .text.GSPGPU_SaveVramSysArea
                0x00109794       0x2c /opt/devkitpro/libctru/lib/libctru.a(gspgpu.o)
                0x00109794                GSPGPU_SaveVramSysArea
 .text.GSPGPU_RestoreVramSysArea
                0x001097c0       0x2c /opt/devkitpro/libctru/lib/libctru.a(gspgpu.o)
                0x001097c0                GSPGPU_RestoreVramSysArea
 .text.hidShouldUseIrrst
                0x001097ec       0x24 /opt/devkitpro/libctru/lib/libctru.a(hid.o)
                0x001097ec                hidShouldUseIrrst
 .text.hidInit  0x00109810      0x1cc /opt/devkitpro/libctru/lib/libctru.a(hid.o)
                0x00109810                hidInit
 .text.hidExit  0x001099dc       0xe8 /opt/devkitpro/libctru/lib/libctru.a(hid.o)
                0x001099dc                hidExit
 .text.hidScanInput
                0x00109ac4      0x2a0 /opt/devkitpro/libctru/lib/libctru.a(hid.o)
                0x00109ac4                hidScanInput
 .text.hidKeysDown
                0x00109d64       0x10 /opt/devkitpro/libctru/lib/libctru.a(hid.o)
                0x00109d64                hidKeysDown
 .text.irrstInit
                0x00109d74      0x1a4 /opt/devkitpro/libctru/lib/libctru.a(irrst.o)
                0x00109d74                irrstInit
 .text.irrstExit
                0x00109f18       0xdc /opt/devkitpro/libctru/lib/libctru.a(irrst.o)
                0x00109f18                irrstExit
 .text.irrstScanInput
                0x00109ff4       0xb4 /opt/devkitpro/libctru/lib/libctru.a(irrst.o)
                0x00109ff4                irrstScanInput
 .text.irrstKeysHeld
                0x0010a0a8       0x24 /opt/devkitpro/libctru/lib/libctru.a(irrst.o)
                0x0010a0a8                irrstKeysHeld
 .text.ptmSysmInit
                0x0010a0cc       0x78 /opt/devkitpro/libctru/lib/libctru.a(ptmsysm.o)
                0x0010a0cc                ptmSysmInit
 .text.ptmSysmExit
                0x0010a144       0x3c /opt/devkitpro/libctru/lib/libctru.a(ptmsysm.o)
                0x0010a144                ptmSysmExit
 .text.PTMSYSM_ConfigureNew3DSCPU
                0x0010a180       0x34 /opt/devkitpro/libctru/lib/libctru.a(ptmsysm.o)
                0x0010a180                PTMSYSM_ConfigureNew3DSCPU
 .text.rbtree_find
                0x0010a1b4       0x74 /opt/devkitpro/libctru/lib/libctru.a(rbtree_find.o)
                0x0010a1b4                rbtree_find
 .text.rbtree_init
                0x0010a228       0x10 /opt/devkitpro/libctru/lib/libctru.a(rbtree_init.o)
                0x0010a228                rbtree_init
 .text.do_insert
                0x0010a238      0x198 /opt/devkitpro/libctru/lib/libctru.a(rbtree_insert.o)
 .text.rbtree_insert
                0x0010a3d0        0x8 /opt/devkitpro/libctru/lib/libctru.a(rbtree_insert.o)
                0x0010a3d0                rbtree_insert
 .text.rbtree_remove
                0x0010a3d8      0x310 /opt/devkitpro/libctru/lib/libctru.a(rbtree_remove.o)
                0x0010a3d8                rbtree_remove
 .text.rbtree_rotate
                0x0010a6e8       0x90 /opt/devkitpro/libctru/lib/libctru.a(rbtree_rotate.o)
                0x0010a6e8                rbtree_rotate
 .text.__system_allocateHeaps
                0x0010a778      0x1e8 /opt/devkitpro/libctru/lib/libctru.a(allocateHeaps.o)
                0x0010a778                __system_allocateHeaps
 .text.__libctru_init
                0x0010a960       0x38 /opt/devkitpro/libctru/lib/libctru.a(ctru_init.o)
                0x0010a960                __libctru_init
 .text.__system_initArgv
                0x0010a998      0x16c /opt/devkitpro/libctru/lib/libctru.a(initArgv.o)
                0x0010a998                __system_initArgv
 .text.__syscall_getreent
                0x0010ab04       0x30 /opt/devkitpro/libctru/lib/libctru.a(syscalls.o)
                0x0010ab04                __syscall_getreent
 .text.__syscall_lock_acquire_recursive
                0x0010ab34        0x4 /opt/devkitpro/libctru/lib/libctru.a(syscalls.o)
                0x0010ab34                __syscall_lock_acquire_recursive
 .text.__syscall_lock_release_recursive
                0x0010ab38        0x4 /opt/devkitpro/libctru/lib/libctru.a(syscalls.o)
                0x0010ab38                __syscall_lock_release_recursive
 .text.__syscall_exit
                0x0010ab3c        0x4 /opt/devkitpro/libctru/lib/libctru.a(syscalls.o)
                0x0010ab3c                __syscall_exit
 .text.initThreadVars
                0x0010ab40       0x54 /opt/devkitpro/libctru/lib/libctru.a(syscalls.o)
                0x0010ab40                initThreadVars
 .text.__system_initSyscalls
                0x0010ab94       0x80 /opt/devkitpro/libctru/lib/libctru.a(syscalls.o)
                0x0010ab94                __system_initSyscalls
 .text.svcControlMemory
                0x0010ac14       0x20 /opt/devkitpro/libctru/lib/libctru.a(svc.o)
                0x0010ac14                svcControlMemory
 .text.svcQueryMemory
                0x0010ac34       0x30 /opt/devkitpro/libctru/lib/libctru.a(svc.o)
                0x0010ac34                svcQueryMemory
 .text.svcExitProcess
                0x0010ac64        0x8 /opt/devkitpro/libctru/lib/libctru.a(svc.o)
                0x0010ac64                svcExitProcess
 .text.svcCreateThread
                0x0010ac6c       0x20 /opt/devkitpro/libctru/lib/libctru.a(svc.o)
                0x0010ac6c                svcCreateThread
 .text.svcExitThread
                0x0010ac8c        0x8 /opt/devkitpro/libctru/lib/libctru.a(svc.o)
                0x0010ac8c                svcExitThread
 .text.svcSleepThread
                0x0010ac94        0x8 /opt/devkitpro/libctru/lib/libctru.a(svc.o)
                0x0010ac94                svcSleepThread
 .text.svcReleaseMutex
                0x0010ac9c        0x8 /opt/devkitpro/libctru/lib/libctru.a(svc.o)
                0x0010ac9c                svcReleaseMutex
 .text.svcCreateEvent
                0x0010aca4       0x14 /opt/devkitpro/libctru/lib/libctru.a(svc.o)
                0x0010aca4                svcCreateEvent
 .text.svcSignalEvent
                0x0010acb8        0x8 /opt/devkitpro/libctru/lib/libctru.a(svc.o)
                0x0010acb8                svcSignalEvent
 .text.svcClearEvent
                0x0010acc0        0x8 /opt/devkitpro/libctru/lib/libctru.a(svc.o)
                0x0010acc0                svcClearEvent
 .text.svcMapMemoryBlock
                0x0010acc8        0x8 /opt/devkitpro/libctru/lib/libctru.a(svc.o)
                0x0010acc8                svcMapMemoryBlock
 .text.svcUnmapMemoryBlock
                0x0010acd0        0x8 /opt/devkitpro/libctru/lib/libctru.a(svc.o)
                0x0010acd0                svcUnmapMemoryBlock
 .text.svcCreateAddressArbiter
                0x0010acd8       0x14 /opt/devkitpro/libctru/lib/libctru.a(svc.o)
                0x0010acd8                svcCreateAddressArbiter
 .text.svcArbitrateAddressNoTimeout
                0x0010acec        0x8 /opt/devkitpro/libctru/lib/libctru.a(svc.o)
                0x0010acec                svcArbitrateAddressNoTimeout
 .text.svcCloseHandle
                0x0010acf4        0x8 /opt/devkitpro/libctru/lib/libctru.a(svc.o)
                0x0010acf4                svcCloseHandle
 .text.svcWaitSynchronization
                0x0010acfc        0x8 /opt/devkitpro/libctru/lib/libctru.a(svc.o)
                0x0010acfc                svcWaitSynchronization
 .text.svcWaitSynchronizationN
                0x0010ad04       0x28 /opt/devkitpro/libctru/lib/libctru.a(svc.o)
                0x0010ad04                svcWaitSynchronizationN
 .text.svcDuplicateHandle
                0x0010ad2c       0x14 /opt/devkitpro/libctru/lib/libctru.a(svc.o)
                0x0010ad2c                svcDuplicateHandle
 .text.svcGetSystemTick
                0x0010ad40        0x8 /opt/devkitpro/libctru/lib/libctru.a(svc.o)
                0x0010ad40                svcGetSystemTick
 .text.svcConnectToPort
                0x0010ad48       0x14 /opt/devkitpro/libctru/lib/libctru.a(svc.o)
                0x0010ad48                svcConnectToPort
 .text.svcSendSyncRequest
                0x0010ad5c        0x8 /opt/devkitpro/libctru/lib/libctru.a(svc.o)
                0x0010ad5c                svcSendSyncRequest
 .text.svcGetResourceLimit
                0x0010ad64       0x14 /opt/devkitpro/libctru/lib/libctru.a(svc.o)
                0x0010ad64                svcGetResourceLimit
 .text.svcGetResourceLimitLimitValues
                0x0010ad78        0x8 /opt/devkitpro/libctru/lib/libctru.a(svc.o)
                0x0010ad78                svcGetResourceLimitLimitValues
 .text.svcGetResourceLimitCurrentValues
                0x0010ad80        0x8 /opt/devkitpro/libctru/lib/libctru.a(svc.o)
                0x0010ad80                svcGetResourceLimitCurrentValues
 .text.svcBreak
                0x0010ad88        0x8 /opt/devkitpro/libctru/lib/libctru.a(svc.o)
                0x0010ad88                svcBreak
 .text.initSystem
                0x0010ad90       0x50 /opt/devkitpro/libctru/lib/libctru.a(stack_adjust.o)
                0x0010ad90                initSystem
 .text.__ctru_exit
                0x0010ade0       0x14 /opt/devkitpro/libctru/lib/libctru.a(stack_adjust.o)
                0x0010ade0                __ctru_exit
 .text.envGetHandle
                0x0010adf4       0x8c /opt/devkitpro/libctru/lib/libctru.a(env.o)
                0x0010adf4                envGetHandle
 .text.envDestroyHandles
                0x0010ae80       0x50 /opt/devkitpro/libctru/lib/libctru.a(env.o)
                0x0010ae80                envDestroyHandles
 .text.srvInit  0x0010aed0      0x164 /opt/devkitpro/libctru/lib/libctru.a(srv.o)
                0x0010aed0                srvInit
 .text.srvExit  0x0010b034       0x64 /opt/devkitpro/libctru/lib/libctru.a(srv.o)
                0x0010b034                srvExit
 .text.srvEnableNotification
                0x0010b098       0x60 /opt/devkitpro/libctru/lib/libctru.a(srv.o)
                0x0010b098                srvEnableNotification
 .text.srvGetServiceHandleDirect
                0x0010b0f8       0xa0 /opt/devkitpro/libctru/lib/libctru.a(srv.o)
                0x0010b0f8                srvGetServiceHandleDirect
 .text.srvGetServiceHandle
                0x0010b198       0x48 /opt/devkitpro/libctru/lib/libctru.a(srv.o)
                0x0010b198                srvGetServiceHandle
 .text.srvSubscribe
                0x0010b1e0       0x34 /opt/devkitpro/libctru/lib/libctru.a(srv.o)
                0x0010b1e0                srvSubscribe
 .text.srvReceiveNotification
                0x0010b214       0x60 /opt/devkitpro/libctru/lib/libctru.a(srv.o)
                0x0010b214                srvReceiveNotification
 .text.srvPublishToSubscriber
                0x0010b274       0x38 /opt/devkitpro/libctru/lib/libctru.a(srv.o)
                0x0010b274                srvPublishToSubscriber
 .text.__sync_init
                0x0010b2ac        0xc /opt/devkitpro/libctru/lib/libctru.a(synchronization.o)
                0x0010b2ac                __sync_init
 .text.__sync_fini
                0x0010b2b8       0x18 /opt/devkitpro/libctru/lib/libctru.a(synchronization.o)
                0x0010b2b8                __sync_fini
 .text.syncArbitrateAddress
                0x0010b2d0       0x28 /opt/devkitpro/libctru/lib/libctru.a(synchronization.o)
                0x0010b2d0                syncArbitrateAddress
 .text.LightLock_Lock
                0x0010b2f8       0xac /opt/devkitpro/libctru/lib/libctru.a(synchronization.o)
                0x0010b2f8                LightLock_Lock
 .text.LightLock_Unlock
                0x0010b3a4       0x40 /opt/devkitpro/libctru/lib/libctru.a(synchronization.o)
                0x0010b3a4                LightLock_Unlock
 .text.RecursiveLock_Lock
                0x0010b3e4       0x54 /opt/devkitpro/libctru/lib/libctru.a(synchronization.o)
                0x0010b3e4                RecursiveLock_Lock
 .text.RecursiveLock_Unlock
                0x0010b438       0x54 /opt/devkitpro/libctru/lib/libctru.a(synchronization.o)
                0x0010b438                RecursiveLock_Unlock
 .text.LightEvent_Init
                0x0010b48c       0x44 /opt/devkitpro/libctru/lib/libctru.a(synchronization.o)
                0x0010b48c                LightEvent_Init
 .text.LightEvent_Clear
                0x0010b4d0       0xb8 /opt/devkitpro/libctru/lib/libctru.a(synchronization.o)
                0x0010b4d0                LightEvent_Clear
 .text.LightEvent_Signal
                0x0010b588       0xdc /opt/devkitpro/libctru/lib/libctru.a(synchronization.o)
                0x0010b588                LightEvent_Signal
 .text.LightEvent_TryWait
                0x0010b664       0x50 /opt/devkitpro/libctru/lib/libctru.a(synchronization.o)
                0x0010b664                LightEvent_TryWait
 .text.LightEvent_Wait
                0x0010b6b4       0xac /opt/devkitpro/libctru/lib/libctru.a(synchronization.o)
                0x0010b6b4                LightEvent_Wait
 .text.threadCreate
                0x0010b760      0x1fc /opt/devkitpro/libctru/lib/libctru.a(thread.o)
                0x0010b760                threadCreate
 .text.threadFree
                0x0010b95c       0x38 /opt/devkitpro/libctru/lib/libctru.a(thread.o)
                0x0010b95c                threadFree
 .text.threadJoin
                0x0010b994       0x24 /opt/devkitpro/libctru/lib/libctru.a(thread.o)
                0x0010b994                threadJoin
 .text.threadGetCurrent
                0x0010b9b8       0x30 /opt/devkitpro/libctru/lib/libctru.a(thread.o)
                0x0010b9b8                threadGetCurrent
 .text.threadExit
                0x0010b9e8       0x40 /opt/devkitpro/libctru/lib/libctru.a(thread.o)
                0x0010b9e8                threadExit
 .text._thread_begin
                0x0010ba28       0x20 /opt/devkitpro/libctru/lib/libctru.a(thread.o)
 .text.mappableFindAddressWithin
                0x0010ba48       0x90 /opt/devkitpro/libctru/lib/libctru.a(mappable.o)
 .text.mappableInit
                0x0010bad8       0x28 /opt/devkitpro/libctru/lib/libctru.a(mappable.o)
                0x0010bad8                mappableInit
 .text.mappableAlloc
                0x0010bb00       0x7c /opt/devkitpro/libctru/lib/libctru.a(mappable.o)
                0x0010bb00                mappableAlloc
 .text.mappableFree
                0x0010bb7c        0x4 /opt/devkitpro/libctru/lib/libctru.a(mappable.o)
                0x0010bb7c                mappableFree
 .text.srvPmGetSessionHandle
                0x0010bb80        0xc /opt/devkitpro/libctru/lib/libctru.a(srvpm.o)
                0x0010bb80                srvPmGetSessionHandle
 .text.rbtree_node_next
                0x0010bb8c       0x60 /opt/devkitpro/libctru/lib/libctru.a(rbtree_iterator.o)
                0x0010bb8c                rbtree_node_next
 .text.__appExit
                0x0010bbec       0x30 /opt/devkitpro/libctru/lib/libctru.a(appExit.o)
                0x0010bbec                __appExit
 .text.__appInit
                0x0010bc1c       0x30 /opt/devkitpro/libctru/lib/libctru.a(appInit.o)
                0x0010bc1c                __appInit
 .text.__libctru_exit
                0x0010bc4c       0x90 /opt/devkitpro/libctru/lib/libctru.a(ctru_exit.o)
                0x0010bc4c                __libctru_exit
 .text.error_cmp
                0x0010bcdc       0x24 /opt/devkitpro/libctru/lib/libctru.a(archive_dev.o)
 .text.archive_translate_error
                0x0010bd00       0x50 /opt/devkitpro/libctru/lib/libctru.a(archive_dev.o)
 .text.archive_seek
                0x0010bd50       0xc0 /opt/devkitpro/libctru/lib/libctru.a(archive_dev.o)
 .text._archiveInit.part.0
                0x0010be10       0x78 /opt/devkitpro/libctru/lib/libctru.a(archive_dev.o)
 .text.archiveFindDevice.part.0
                0x0010be88      0x110 /opt/devkitpro/libctru/lib/libctru.a(archive_dev.o)
 .text.archive_utf16path
                0x0010bf98      0x298 /opt/devkitpro/libctru/lib/libctru.a(archive_dev.o)
 .text._archiveUnmountDeviceStruct.part.0
                0x0010c230       0x98 /opt/devkitpro/libctru/lib/libctru.a(archive_dev.o)
 .text._archiveMountDevice
                0x0010c2c8      0x178 /opt/devkitpro/libctru/lib/libctru.a(archive_dev.o)
 .text.archive_diropen
                0x0010c440       0xf8 /opt/devkitpro/libctru/lib/libctru.a(archive_dev.o)
 .text.archive_fstat
                0x0010c538       0xac /opt/devkitpro/libctru/lib/libctru.a(archive_dev.o)
 .text.archive_fsync
                0x0010c5e4       0x74 /opt/devkitpro/libctru/lib/libctru.a(archive_dev.o)
 .text.archive_close
                0x0010c658       0x74 /opt/devkitpro/libctru/lib/libctru.a(archive_dev.o)
 .text.archive_dirclose
                0x0010c6cc       0x78 /opt/devkitpro/libctru/lib/libctru.a(archive_dev.o)
 .text.sdmc_statvfs
                0x0010c744       0xec /opt/devkitpro/libctru/lib/libctru.a(archive_dev.o)
 .text.archive_chdir
                0x0010c830       0xf8 /opt/devkitpro/libctru/lib/libctru.a(archive_dev.o)
 .text.archive_ftruncate
                0x0010c928       0x8c /opt/devkitpro/libctru/lib/libctru.a(archive_dev.o)
 .text.archive_read
                0x0010c9b4       0xbc /opt/devkitpro/libctru/lib/libctru.a(archive_dev.o)
 .text.archive_unlink
                0x0010ca70       0xa8 /opt/devkitpro/libctru/lib/libctru.a(archive_dev.o)
 .text.archive_rmdir
                0x0010cb18       0xc0 /opt/devkitpro/libctru/lib/libctru.a(archive_dev.o)
 .text.archive_mkdir
                0x0010cbd8       0xd8 /opt/devkitpro/libctru/lib/libctru.a(archive_dev.o)
 .text.archive_stat
                0x0010ccb0      0x1a0 /opt/devkitpro/libctru/lib/libctru.a(archive_dev.o)
 .text.archive_dirnext
                0x0010ce50      0x164 /opt/devkitpro/libctru/lib/libctru.a(archive_dev.o)
 .text.archive_write
                0x0010cfb4      0x13c /opt/devkitpro/libctru/lib/libctru.a(archive_dev.o)
 .text.archive_open
                0x0010d0f0      0x254 /opt/devkitpro/libctru/lib/libctru.a(archive_dev.o)
 .text.archive_rename
                0x0010d344      0x270 /opt/devkitpro/libctru/lib/libctru.a(archive_dev.o)
 .text.archiveMountSdmc
                0x0010d5b4      0x1c8 /opt/devkitpro/libctru/lib/libctru.a(archive_dev.o)
                0x0010d5b4                archiveMountSdmc
 .text.archiveUnmountAll
                0x0010d77c       0x54 /opt/devkitpro/libctru/lib/libctru.a(archive_dev.o)
                0x0010d77c                archiveUnmountAll
 .text.fsInit   0x0010d7d0      0x104 /opt/devkitpro/libctru/lib/libctru.a(fs.o)
                0x0010d7d0                fsInit
 .text.fsExit   0x0010d8d4       0x3c /opt/devkitpro/libctru/lib/libctru.a(fs.o)
                0x0010d8d4                fsExit
 .text.fsExemptFromSession
                0x0010d910       0x68 /opt/devkitpro/libctru/lib/libctru.a(fs.o)
                0x0010d910                fsExemptFromSession
 .text.fsUnexemptFromSession
                0x0010d978       0x50 /opt/devkitpro/libctru/lib/libctru.a(fs.o)
                0x0010d978                fsUnexemptFromSession
 .text.FSUSER_OpenFile
                0x0010d9c8       0xcc /opt/devkitpro/libctru/lib/libctru.a(fs.o)
                0x0010d9c8                FSUSER_OpenFile
 .text.FSUSER_DeleteFile
                0x0010da94       0xb8 /opt/devkitpro/libctru/lib/libctru.a(fs.o)
                0x0010da94                FSUSER_DeleteFile
 .text.FSUSER_RenameFile
                0x0010db4c       0xf4 /opt/devkitpro/libctru/lib/libctru.a(fs.o)
                0x0010db4c                FSUSER_RenameFile
 .text.FSUSER_DeleteDirectory
                0x0010dc40       0xb8 /opt/devkitpro/libctru/lib/libctru.a(fs.o)
                0x0010dc40                FSUSER_DeleteDirectory
 .text.FSUSER_CreateFile
                0x0010dcf8       0xd0 /opt/devkitpro/libctru/lib/libctru.a(fs.o)
                0x0010dcf8                FSUSER_CreateFile
 .text.FSUSER_CreateDirectory
                0x0010ddc8       0xc0 /opt/devkitpro/libctru/lib/libctru.a(fs.o)
                0x0010ddc8                FSUSER_CreateDirectory
 .text.FSUSER_RenameDirectory
                0x0010de88       0xf4 /opt/devkitpro/libctru/lib/libctru.a(fs.o)
                0x0010de88                FSUSER_RenameDirectory
 .text.FSUSER_OpenDirectory
                0x0010df7c       0xb4 /opt/devkitpro/libctru/lib/libctru.a(fs.o)
                0x0010df7c                FSUSER_OpenDirectory
 .text.FSUSER_OpenArchive
                0x0010e030       0x90 /opt/devkitpro/libctru/lib/libctru.a(fs.o)
                0x0010e030                FSUSER_OpenArchive
 .text.FSUSER_CloseArchive
                0x0010e0c0       0x8c /opt/devkitpro/libctru/lib/libctru.a(fs.o)
                0x0010e0c0                FSUSER_CloseArchive
 .text.FSUSER_GetSdmcArchiveResource
                0x0010e14c       0x74 /opt/devkitpro/libctru/lib/libctru.a(fs.o)
                0x0010e14c                FSUSER_GetSdmcArchiveResource
 .text.FSUSER_IsSdmcWritable
                0x0010e1c0       0x64 /opt/devkitpro/libctru/lib/libctru.a(fs.o)
                0x0010e1c0                FSUSER_IsSdmcWritable
 .text.FSFILE_Read
                0x0010e224       0x64 /opt/devkitpro/libctru/lib/libctru.a(fs.o)
                0x0010e224                FSFILE_Read
 .text.FSFILE_Write
                0x0010e288       0x6c /opt/devkitpro/libctru/lib/libctru.a(fs.o)
                0x0010e288                FSFILE_Write
 .text.FSFILE_GetSize
                0x0010e2f4       0x44 /opt/devkitpro/libctru/lib/libctru.a(fs.o)
                0x0010e2f4                FSFILE_GetSize
 .text.FSFILE_SetSize
                0x0010e338       0x28 /opt/devkitpro/libctru/lib/libctru.a(fs.o)
                0x0010e338                FSFILE_SetSize
 .text.FSFILE_Close
                0x0010e360       0x3c /opt/devkitpro/libctru/lib/libctru.a(fs.o)
                0x0010e360                FSFILE_Close
 .text.FSFILE_Flush
                0x0010e39c       0x24 /opt/devkitpro/libctru/lib/libctru.a(fs.o)
                0x0010e39c                FSFILE_Flush
 .text.FSDIR_Read
                0x0010e3c0       0x60 /opt/devkitpro/libctru/lib/libctru.a(fs.o)
                0x0010e3c0                FSDIR_Read
 .text.FSDIR_Close
                0x0010e420       0x3c /opt/devkitpro/libctru/lib/libctru.a(fs.o)
                0x0010e420                FSDIR_Close
 .text.decode_utf8
                0x0010e45c      0x140 /opt/devkitpro/libctru/lib/libctru.a(decode_utf8.o)
                0x0010e45c                decode_utf8
 .text.utf16_to_utf8
                0x0010e59c       0xe8 /opt/devkitpro/libctru/lib/libctru.a(utf16_to_utf8.o)
                0x0010e59c                utf16_to_utf8
 .text.utf8_to_utf16
                0x0010e684       0xc0 /opt/devkitpro/libctru/lib/libctru.a(utf8_to_utf16.o)
                0x0010e684                utf8_to_utf16
 .text.__aeabi_read_tp
                0x0010e744        0xc /opt/devkitpro/libctru/lib/libctru.a(readtp.o)
                0x0010e744                __aeabi_read_tp
 .text.decode_utf16
                0x0010e750       0x54 /opt/devkitpro/libctru/lib/libctru.a(decode_utf16.o)
                0x0010e750                decode_utf16
 .text.encode_utf16
                0x0010e7a4       0x54 /opt/devkitpro/libctru/lib/libctru.a(encode_utf16.o)
                0x0010e7a4                encode_utf16
 .text.encode_utf8
                0x0010e7f8       0xe0 /opt/devkitpro/libctru/lib/libctru.a(encode_utf8.o)
                0x0010e7f8                encode_utf8
 .text.strncat  0x0010e8d8       0xe4 /opt/devkitpro/devkitARM/lib/gcc/arm-none-eabi/16.1.0/../../../../arm-none-eabi/lib/armv6k/fpu/libc.a(libc_a-strncat.o)
                0x0010e8d8                strncat
 .text.memcpy   0x0010e9bc      0x128 /opt/devkitpro/devkitARM/lib/gcc/arm-none-eabi/16.1.0/../../../../arm-none-eabi/lib/armv6k/fpu/libc.a(libc_a-memcpy-stub.o)
                0x0010e9bc                memcpy
 .text.strlen   0x0010eae4       0x8c /opt/devkitpro/devkitARM/lib/gcc/arm-none-eabi/16.1.0/../../../../arm-none-eabi/lib/armv6k/fpu/libc.a(libc_a-strlen.o)
                0x0010eae4                strlen
 .text.bsearch  0x0010eb70       0x78 /opt/devkitpro/devkitARM/lib/gcc/arm-none-eabi/16.1.0/../../../../arm-none-eabi/lib/armv6k/fpu/libc.a(libc_a-bsearch.o)
                0x0010eb70                bsearch
 .text.memalign
                0x0010ebe8       0x28 /opt/devkitpro/devkitARM/lib/gcc/arm-none-eabi/16.1.0/../../../../arm-none-eabi/lib/armv6k/fpu/libc.a(libc_a-malign.o)
                0x0010ebe8                memalign
 .text._strtoul_l.isra.0
                0x0010ec10      0x1ec /opt/devkitpro/devkitARM/lib/gcc/arm-none-eabi/16.1.0/../../../../arm-none-eabi/lib/armv6k/fpu/libc.a(libc_a-strtoul.o)
 .text.strtoul  0x0010edfc       0x3c /opt/devkitpro/devkitARM/lib/gcc/arm-none-eabi/16.1.0/../../../../arm-none-eabi/lib/armv6k/fpu/libc.a(libc_a-strtoul.o)
                0x0010edfc                strtoul
 .text.calloc   0x0010ee38       0x28 /opt/devkitpro/devkitARM/lib/gcc/arm-none-eabi/16.1.0/../../../../arm-none-eabi/lib/armv6k/fpu/libc.a(libc_a-calloc.o)
                0x0010ee38                calloc
 .text._memalign_r
                0x0010ee60      0x16c /opt/devkitpro/devkitARM/lib/gcc/arm-none-eabi/16.1.0/../../../../arm-none-eabi/lib/armv6k/fpu/libc.a(libc_a-malignr.o)
                0x0010ee60                _memalign_r
 .text.__errno  0x0010efcc        0xc /opt/devkitpro/devkitARM/lib/gcc/arm-none-eabi/16.1.0/../../../../arm-none-eabi/lib/armv6k/fpu/libc.a(libc_a-errno.o)
                0x0010efcc                __errno
 .text.memset   0x0010efd8       0xe4 /opt/devkitpro/devkitARM/lib/gcc/arm-none-eabi/16.1.0/../../../../arm-none-eabi/lib/armv6k/fpu/libc.a(libc_a-memset.o)
                0x0010efd8                memset
 .text._calloc_r
                0x0010f0bc       0xd8 /opt/devkitpro/devkitARM/lib/gcc/arm-none-eabi/16.1.0/../../../../arm-none-eabi/lib/armv6k/fpu/libc.a(libc_a-callocr.o)
                0x0010f0bc                _calloc_r
 .text._malloc_r
                0x0010f194      0x82c /opt/devkitpro/devkitARM/lib/gcc/arm-none-eabi/16.1.0/../../../../arm-none-eabi/lib/armv6k/fpu/libc.a(libc_a-mallocr.o)
                0x0010f194                _malloc_r
 .text._malloc_trim_r
                0x0010f9c0      0x114 /opt/devkitpro/devkitARM/lib/gcc/arm-none-eabi/16.1.0/../../../../arm-none-eabi/lib/armv6k/fpu/libc.a(libc_a-freer.o)
                0x0010f9c0                _malloc_trim_r
 .text._free_r  0x0010fad4      0x314 /opt/devkitpro/devkitARM/lib/gcc/arm-none-eabi/16.1.0/../../../../arm-none-eabi/lib/armv6k/fpu/libc.a(libc_a-freer.o)
                0x0010fad4                _free_r
 .text.__libc_init_array
                0x0010fde8       0x84 /opt/devkitpro/devkitARM/lib/gcc/arm-none-eabi/16.1.0/../../../../arm-none-eabi/lib/armv6k/fpu/libc.a(libc_a-init.o)
                0x0010fde8                __libc_init_array
 .text.strncpy  0x0010fe6c       0xd4 /opt/devkitpro/devkitARM/lib/gcc/arm-none-eabi/16.1.0/../../../../arm-none-eabi/lib/armv6k/fpu/libc.a(libc_a-strncpy.o)
                0x0010fe6c                strncpy
 .text.malloc   0x0010ff40       0x40 /opt/devkitpro/devkitARM/lib/gcc/arm-none-eabi/16.1.0/../../../../arm-none-eabi/lib/armv6k/fpu/libc.a(libc_a-malloc.o)
                0x0010ff40                malloc
 .text.free     0x0010ff80       0x20 /opt/devkitpro/devkitARM/lib/gcc/arm-none-eabi/16.1.0/../../../../arm-none-eabi/lib/armv6k/fpu/libc.a(libc_a-malloc.o)
                0x0010ff80                free
 .text.__malloc_lock
                0x0010ffa0        0xc /opt/devkitpro/devkitARM/lib/gcc/arm-none-eabi/16.1.0/../../../../arm-none-eabi/lib/armv6k/fpu/libc.a(libc_a-mlock.o)
                0x0010ffa0                __malloc_lock
 .text.__malloc_unlock
                0x0010ffac        0xc /opt/devkitpro/devkitARM/lib/gcc/arm-none-eabi/16.1.0/../../../../arm-none-eabi/lib/armv6k/fpu/libc.a(libc_a-mlock.o)
                0x0010ffac                __malloc_unlock
 .text.__call_exitprocs
                0x0010ffb8        0x4 /opt/devkitpro/devkitARM/lib/gcc/arm-none-eabi/16.1.0/../../../../arm-none-eabi/lib/armv6k/fpu/libc.a(libc_a-exit.o)
                0x0010ffb8                __call_exitprocs
 .text.exit     0x0010ffbc       0x30 /opt/devkitpro/devkitARM/lib/gcc/arm-none-eabi/16.1.0/../../../../arm-none-eabi/lib/armv6k/fpu/libc.a(libc_a-exit.o)
                0x0010ffbc                exit
 .text.__libc_fini_array
                0x0010ffec       0x3c /opt/devkitpro/devkitARM/lib/gcc/arm-none-eabi/16.1.0/../../../../arm-none-eabi/lib/armv6k/fpu/libc.a(libc_a-fini.o)
                0x0010ffec                __libc_fini_array
 .text.strnlen  0x00110028       0x3c /opt/devkitpro/devkitARM/lib/gcc/arm-none-eabi/16.1.0/../../../../arm-none-eabi/lib/armv6k/fpu/libc.a(libc_a-strnlen.o)
                0x00110028                strnlen
 .text.strncmp  0x00110064       0xd8 /opt/devkitpro/devkitARM/lib/gcc/arm-none-eabi/16.1.0/../../../../arm-none-eabi/lib/armv6k/fpu/libc.a(libc_a-strncmp.o)
                0x00110064                strncmp
 .text._exit    0x0011013c       0x20 /opt/devkitpro/devkitARM/lib/gcc/arm-none-eabi/16.1.0/../../../../arm-none-eabi/lib/armv6k/fpu/libsysbase.a(libsysbase_libsysbase_a-_exit.o)
                0x0011013c                _exit
 .text.chdir    0x0011015c      0x140 /opt/devkitpro/devkitARM/lib/gcc/arm-none-eabi/16.1.0/../../../../arm-none-eabi/lib/armv6k/fpu/libsysbase.a(libsysbase_libsysbase_a-chdir.o)
                0x0011015c                chdir
 .text._concatenate_path
                0x0011029c      0x1c8 /opt/devkitpro/devkitARM/lib/gcc/arm-none-eabi/16.1.0/../../../../arm-none-eabi/lib/armv6k/fpu/libsysbase.a(libsysbase_libsysbase_a-concatenate.o)
                0x0011029c                _concatenate_path
 .text.__getreent
                0x00110464       0x2c /opt/devkitpro/devkitARM/lib/gcc/arm-none-eabi/16.1.0/../../../../arm-none-eabi/lib/armv6k/fpu/libsysbase.a(libsysbase_libsysbase_a-getreent.o)
                0x00110464                __getreent
 .text.null_write
                0x00110490        0x8 /opt/devkitpro/devkitARM/lib/gcc/arm-none-eabi/16.1.0/../../../../arm-none-eabi/lib/armv6k/fpu/libsysbase.a(libsysbase_libsysbase_a-iosupport.o)
 .text.setDefaultDevice
                0x00110498       0x18 /opt/devkitpro/devkitARM/lib/gcc/arm-none-eabi/16.1.0/../../../../arm-none-eabi/lib/armv6k/fpu/libsysbase.a(libsysbase_libsysbase_a-iosupport.o)
                0x00110498                setDefaultDevice
 .text.FindDevice
                0x001104b0       0x98 /opt/devkitpro/devkitARM/lib/gcc/arm-none-eabi/16.1.0/../../../../arm-none-eabi/lib/armv6k/fpu/libsysbase.a(libsysbase_libsysbase_a-iosupport.o)
                0x001104b0                FindDevice
 .text.RemoveDevice
                0x00110548       0x24 /opt/devkitpro/devkitARM/lib/gcc/arm-none-eabi/16.1.0/../../../../arm-none-eabi/lib/armv6k/fpu/libsysbase.a(libsysbase_libsysbase_a-iosupport.o)
                0x00110548                RemoveDevice
 .text.AddDevice
                0x0011056c       0x88 /opt/devkitpro/devkitARM/lib/gcc/arm-none-eabi/16.1.0/../../../../arm-none-eabi/lib/armv6k/fpu/libsysbase.a(libsysbase_libsysbase_a-iosupport.o)
                0x0011056c                AddDevice
 .text.GetDeviceOpTab
                0x001105f4       0x20 /opt/devkitpro/devkitARM/lib/gcc/arm-none-eabi/16.1.0/../../../../arm-none-eabi/lib/armv6k/fpu/libsysbase.a(libsysbase_libsysbase_a-iosupport.o)
                0x001105f4                GetDeviceOpTab
 .text._sbrk_r  0x00110614       0x78 /opt/devkitpro/devkitARM/lib/gcc/arm-none-eabi/16.1.0/../../../../arm-none-eabi/lib/armv6k/fpu/libsysbase.a(libsysbase_libsysbase_a-sbrk.o)
                0x00110614                _sbrk_r
 .text.__libc_lock_acquire_recursive
                0x0011068c       0x1c /opt/devkitpro/devkitARM/lib/gcc/arm-none-eabi/16.1.0/../../../../arm-none-eabi/lib/armv6k/fpu/libsysbase.a(libsysbase_libsysbase_a-syscall_support.o)
                0x0011068c                __libc_lock_acquire_recursive
 .text.__libc_lock_release_recursive
                0x001106a8       0x1c /opt/devkitpro/devkitARM/lib/gcc/arm-none-eabi/16.1.0/../../../../arm-none-eabi/lib/armv6k/fpu/libsysbase.a(libsysbase_libsysbase_a-syscall_support.o)
                0x001106a8                __libc_lock_release_recursive
 .text.strchr   0x001106c4      0x140 /opt/devkitpro/devkitARM/lib/gcc/arm-none-eabi/16.1.0/../../../../arm-none-eabi/lib/armv6k/fpu/libc.a(libc_a-strchr.o)
                0x001106c4                strchr
 .text.strrchr  0x00110804       0x48 /opt/devkitpro/devkitARM/lib/gcc/arm-none-eabi/16.1.0/../../../../arm-none-eabi/lib/armv6k/fpu/libc.a(libc_a-strrchr.o)
                0x00110804                strrchr
 *(.glue_7)
 .glue_7        0x0011084c        0x0 linker stubs
 *(.glue_7t)
 .glue_7t       0x0011084c        0x0 linker stubs
 *(.stub)
 *(.gnu.warning)
 *(.gnu.linkonce.t*)
                0x0011084c                        . = ALIGN (0x4)
 *(.fini)
 .fini          0x0011084c        0xc /opt/devkitpro/devkitARM/lib/gcc/arm-none-eabi/16.1.0/armv6k/fpu/crti.o
                0x0011084c                _fini
 .fini          0x00110858        0xc /opt/devkitpro/devkitARM/lib/gcc/arm-none-eabi/16.1.0/armv6k/fpu/crtn.o
                0x00110864                        . = ALIGN (0x4)

.vfp11_veneer   0x00110864        0x0
 .vfp11_veneer  0x00110864        0x0 linker stubs

.v4_bx          0x00110864        0x0
 .v4_bx         0x00110864        0x0 linker stubs

.iplt           0x00110864        0x0
 .iplt          0x00110864        0x0 /opt/devkitpro/devkitARM/lib/gcc/arm-none-eabi/16.1.0/../../../../arm-none-eabi/lib/armv6k/fpu/3dsx_crt0.o
                0x00111000                        . = ALIGN (0x1000)

.rodata         0x00111000      0x4d4
 *(.rodata)
 .rodata        0x00111000        0xc /opt/devkitpro/libctru/lib/libctru.a(archive_dev.o)
 *(.roda)
 *(.rodata.*)
 .rodata.str1.4
                0x0011100c       0x9c /opt/devkitpro/libctru/lib/libcitro2d.a(base.o)
                                 0x10 (size before relaxing)
 .rodata.render2d_shbin
                0x001110a8      0x18c /opt/devkitpro/libctru/lib/libcitro2d.a(render2d_shbin.o)
                0x001110a8                render2d_shbin
                0x00111234                render2d_shbin_end
 .rodata.depthFmtSizes
                0x00111234        0x4 /opt/devkitpro/libctru/lib/libcitro3d.a(framebuffer.o)
 .rodata.colorFmtSizes
                0x00111238        0x5 /opt/devkitpro/libctru/lib/libcitro3d.a(framebuffer.o)
 *fill*         0x0011123d        0x3 
 .rodata.CSWTCH.11
                0x00111240       0x10 /opt/devkitpro/libctru/lib/libcitro3d.a(proctex.o)
 .rodata.DVLE_GenerateOutmap.part.0
                0x00111250        0x9 /opt/devkitpro/libctru/lib/libctru.a(shbin.o)
 .rodata.aptEventHandler
                0x00111259        0xb /opt/devkitpro/libctru/lib/libctru.a(apt.o)
 .rodata.aptWaitForWakeUp.isra.0
                0x00111264       0x11 /opt/devkitpro/libctru/lib/libctru.a(apt.o)
 *fill*         0x00111275        0x3 
 .rodata.morton_y.2
                0x00111278        0x8 /opt/devkitpro/libctru/lib/libctru.a(apt.o)
 .rodata.morton_x.3
                0x00111280        0x8 /opt/devkitpro/libctru/lib/libctru.a(apt.o)
 .rodata.s_sleepWakeEvents.4
                0x00111288        0x8 /opt/devkitpro/libctru/lib/libctru.a(apt.o)
 .rodata.str1.4
                0x00111290        0x0 /opt/devkitpro/libctru/lib/libctru.a(apt.o)
                                 0x16 (size before relaxing)
 .rodata.serviceNameTable.5
                0x00111290        0xc /opt/devkitpro/libctru/lib/libctru.a(apt.o)
 .rodata.gspInit.str1.4
                0x0011129c        0x0 /opt/devkitpro/libctru/lib/libctru.a(gspgpu.o)
                                  0x9 (size before relaxing)
 .rodata.hidInit.str1.4
                0x0011129c        0x0 /opt/devkitpro/libctru/lib/libctru.a(hid.o)
                                 0x15 (size before relaxing)
 .rodata.irrstInit.str1.4
                0x0011129c        0x0 /opt/devkitpro/libctru/lib/libctru.a(irrst.o)
                                  0x7 (size before relaxing)
 .rodata.ptmSysmInit.str1.4
                0x0011129c        0x0 /opt/devkitpro/libctru/lib/libctru.a(ptmsysm.o)
                                  0x9 (size before relaxing)
 .rodata.__system_initArgv.str1.4
                0x0011129c        0x0 /opt/devkitpro/libctru/lib/libctru.a(initArgv.o)
                                  0xa (size before relaxing)
 .rodata.srvInit.str1.4
                0x0011129c        0x0 /opt/devkitpro/libctru/lib/libctru.a(srv.o)
                                  0x5 (size before relaxing)
 .rodata.archive_utf16path.str1.4
                0x0011129c        0x0 /opt/devkitpro/libctru/lib/libctru.a(archive_dev.o)
                                  0x2 (size before relaxing)
 .rodata._archiveUnmountDeviceStruct.part.0.str1.4
                0x0011129c        0x0 /opt/devkitpro/libctru/lib/libctru.a(archive_dev.o)
                                  0x2 (size before relaxing)
 .rodata._archiveMountDevice.str1.4
                0x0011129c        0x0 /opt/devkitpro/libctru/lib/libctru.a(archive_dev.o)
                                  0xc (size before relaxing)
 .rodata.archiveMountSdmc.str1.4
                0x0011129c        0x0 /opt/devkitpro/libctru/lib/libctru.a(archive_dev.o)
                                  0x5 (size before relaxing)
 .rodata.error_table
                0x0011129c       0x30 /opt/devkitpro/libctru/lib/libctru.a(archive_dev.o)
 .rodata.str1.4
                0x001112cc        0x0 /opt/devkitpro/libctru/lib/libctru.a(archive_dev.o)
                                  0x8 (size before relaxing)
 .rodata.archive_devoptab
                0x001112cc       0x80 /opt/devkitpro/libctru/lib/libctru.a(archive_dev.o)
 .rodata.fsInit.str1.4
                0x0011134c        0x0 /opt/devkitpro/libctru/lib/libctru.a(fs.o)
                                  0x8 (size before relaxing)
 .rodata._ctype_
                0x0011134c      0x101 /opt/devkitpro/devkitARM/lib/gcc/arm-none-eabi/16.1.0/../../../../arm-none-eabi/lib/armv6k/fpu/libc.a(libc_a-ctype_.o)
                0x0011134c                _ctype_
 .rodata.str1.4
                0x0011144d        0x0 /opt/devkitpro/devkitARM/lib/gcc/arm-none-eabi/16.1.0/../../../../arm-none-eabi/lib/armv6k/fpu/libsysbase.a(libsysbase_libsysbase_a-iosupport.o)
                                  0x8 (size before relaxing)
 *fill*         0x0011144d        0x3 
 .rodata.dotab_stdnull
                0x00111450       0x80 /opt/devkitpro/devkitARM/lib/gcc/arm-none-eabi/16.1.0/../../../../arm-none-eabi/lib/armv6k/fpu/libsysbase.a(libsysbase_libsysbase_a-iosupport.o)
                0x00111450                dotab_stdnull
 *all.rodata*(*)
 *(.gnu.linkonce.r*)
                0x001114d0                        . = ALIGN (0x4)
                0x001114d0                        __tdata_align = .
                0x001114d0        0x4 LONG 0x4 ALIGNOF (.tdata)
                0x001114d4                        . = ALIGN (0x4)

.eh_frame       0x001114d4        0x0
 .eh_frame      0x001114d4        0x0 /opt/devkitpro/devkitARM/lib/gcc/arm-none-eabi/16.1.0/armv6k/fpu/crtbegin.o

.rel.dyn        0x001114d4        0x0
 .rel.iplt      0x001114d4        0x0 /opt/devkitpro/devkitARM/lib/gcc/arm-none-eabi/16.1.0/../../../../arm-none-eabi/lib/armv6k/fpu/3dsx_crt0.o
 .rel.got       0x001114d4        0x0 /opt/devkitpro/devkitARM/lib/gcc/arm-none-eabi/16.1.0/../../../../arm-none-eabi/lib/armv6k/fpu/3dsx_crt0.o

.ARM.extab
 *(.ARM.extab* .gnu.linkonce.armextab.*)
                0x001114d4                        __exidx_start = .

.ARM.exidx
 *(.ARM.exidx* .gnu.linkonce.armexidx.*)
                0x001114d4                        __exidx_end = .
                0x00112000                        . = ALIGN (0x1000)

.data           0x00112000      0xac8
 *(.data)
 *(.data.*)
 .data.framerateCounter
                0x00112000        0x8 /opt/devkitpro/libctru/lib/libcitro3d.a(renderqueue.o)
 .data.framerate
                0x00112008        0x4 /opt/devkitpro/libctru/lib/libcitro3d.a(renderqueue.o)
 .data.queueLock
                0x0011200c        0x4 /opt/devkitpro/libctru/lib/libctru.a(gxqueue.o)
 .data.aptChainloadDeliverArgSize
                0x00112010        0x4 /opt/devkitpro/libctru/lib/libctru.a(apt.o)
 .data.kCount   0x00112014        0x4 /opt/devkitpro/libctru/lib/libctru.a(hid.o)
 .data.kInterval
                0x00112018        0x4 /opt/devkitpro/libctru/lib/libctru.a(hid.o)
 .data.kDelay   0x0011201c        0x4 /opt/devkitpro/libctru/lib/libctru.a(hid.o)
 .data.__stacksize__
                0x00112020        0x4 /opt/devkitpro/libctru/lib/libctru.a(stack_adjust.o)
                0x00112020                __stacksize__
 .data._impure_ptr
                0x00112024        0x4 /opt/devkitpro/devkitARM/lib/gcc/arm-none-eabi/16.1.0/../../../../arm-none-eabi/lib/armv6k/fpu/libc.a(libc_a-impure.o)
                0x00112024                _impure_ptr
 .data._impure_data
                0x00112028      0x200 /opt/devkitpro/devkitARM/lib/gcc/arm-none-eabi/16.1.0/../../../../arm-none-eabi/lib/armv6k/fpu/libc.a(libc_a-impure.o)
                0x00112028                _impure_data
 .data.__malloc_sbrk_base
                0x00112228        0x4 /opt/devkitpro/devkitARM/lib/gcc/arm-none-eabi/16.1.0/../../../../arm-none-eabi/lib/armv6k/fpu/libc.a(libc_a-mallocr.o)
                0x00112228                __malloc_sbrk_base
 .data.__malloc_trim_threshold
                0x0011222c        0x4 /opt/devkitpro/devkitARM/lib/gcc/arm-none-eabi/16.1.0/../../../../arm-none-eabi/lib/armv6k/fpu/libc.a(libc_a-mallocr.o)
                0x0011222c                __malloc_trim_threshold
 .data.__malloc_av_
                0x00112230      0x408 /opt/devkitpro/devkitARM/lib/gcc/arm-none-eabi/16.1.0/../../../../arm-none-eabi/lib/armv6k/fpu/libc.a(libc_a-mallocr.o)
                0x00112230                __malloc_av_
 .data._current_working_directory
                0x00112638      0x400 /opt/devkitpro/devkitARM/lib/gcc/arm-none-eabi/16.1.0/../../../../arm-none-eabi/lib/armv6k/fpu/libsysbase.a(libsysbase_libsysbase_a-chdir.o)
 .data.devoptab_list
                0x00112a38       0x8c /opt/devkitpro/devkitARM/lib/gcc/arm-none-eabi/16.1.0/../../../../arm-none-eabi/lib/armv6k/fpu/libsysbase.a(libsysbase_libsysbase_a-iosupport.o)
                0x00112a38                devoptab_list
 .data.defaultDevice
                0x00112ac4        0x4 /opt/devkitpro/devkitARM/lib/gcc/arm-none-eabi/16.1.0/../../../../arm-none-eabi/lib/armv6k/fpu/libsysbase.a(libsysbase_libsysbase_a-iosupport.o)
 *(.gnu.linkonce.d*)
                0x00112ac8                        . = ALIGN (0x4)

.igot.plt       0x00112ac8        0x0
 .igot.plt      0x00112ac8        0x0 /opt/devkitpro/devkitARM/lib/gcc/arm-none-eabi/16.1.0/../../../../arm-none-eabi/lib/armv6k/fpu/3dsx_crt0.o

.got            0x00112ac8        0x8
 .got           0x00112ac8        0x8 /opt/devkitpro/devkitARM/lib/gcc/arm-none-eabi/16.1.0/../../../../arm-none-eabi/lib/armv6k/fpu/3dsx_crt0.o

.got.plt        0x00112ad0        0xc
 .got.plt       0x00112ad0        0xc /opt/devkitpro/devkitARM/lib/gcc/arm-none-eabi/16.1.0/../../../../arm-none-eabi/lib/armv6k/fpu/3dsx_crt0.o
                0x00112ad0                _GLOBAL_OFFSET_TABLE_

.tdata          0x00112adc        0x0
                0x00112adc                        __tdata_lma = .
 *(.tdata)
 *(.tdata.*)
 *(.gnu.linkonce.td.*)
                0x00112adc                        . = ALIGN (0x4)
                0x00112adc                        __tdata_lma_end = .

.tbss           0x00112adc      0xc08
 *(.tbss)
 *(.tbss.*)
 .tbss.__ctru_dev_utf16_buf
                0x00112adc      0x802 /opt/devkitpro/libctru/lib/libctru.a(path_buf.o)
                0x00112adc                __ctru_dev_utf16_buf
 *fill*         0x001132de        0x2 
 .tbss.__ctru_dev_path_buf
                0x001132e0      0x401 /opt/devkitpro/libctru/lib/libctru.a(path_buf.o)
                0x001132e0                __ctru_dev_path_buf
 *(.gnu.linkonce.tb.*)
 *(.tcommon)
                0x001136e4                        . = ALIGN (0x4)
 *fill*         0x001136e1        0x3 

.preinit_array  0x00112adc        0x0
                0x00112adc                        PROVIDE (__preinit_array_start = .)
 *(.preinit_array)
                0x00112adc                        PROVIDE (__preinit_array_end = .)

.init_array     0x00112adc        0x4
                0x00112adc                        PROVIDE (__init_array_start = .)
 *(SORT_BY_NAME(.init_array.*))
 *(.init_array)
 .init_array    0x00112adc        0x4 /opt/devkitpro/devkitARM/lib/gcc/arm-none-eabi/16.1.0/armv6k/fpu/crtbegin.o
                0x00112ae0                        PROVIDE (__init_array_end = .)

.fini_array     0x00112ae0        0x4
                0x00112ae0                        PROVIDE (__fini_array_start = .)
 *(.fini_array)
 .fini_array    0x00112ae0        0x4 /opt/devkitpro/devkitARM/lib/gcc/arm-none-eabi/16.1.0/armv6k/fpu/crtbegin.o
 *(SORT_BY_NAME(.fini_array.*))
                0x00112ae4                        PROVIDE (__fini_array_end = .)

.ctors
 *crtbegin.o(.ctors)
 *(EXCLUDE_FILE(*crtend.o) .ctors)
 *(SORT_BY_NAME(.ctors.*))
 *(.ctors)

.dtors
 *crtbegin.o(.dtors)
 *(EXCLUDE_FILE(*crtend.o) .dtors)
 *(SORT_BY_NAME(.dtors.*))
 *(.dtors)
                0x00112ae4                        __bss_start__ = .

.bss            0x00112ae4     0x44b0
 *(.dynbss)
 *(.bss)
 *fill*         0x00112ae4        0x4 
 .bss           0x00112ae8      0x630 /opt/devkitpro/libctru/lib/libcitro2d.a(base.o)
                0x00112ae8                __C2Di_Context
 *(.bss.*)
 .bss.completed.1
                0x00113118        0x1 /opt/devkitpro/devkitARM/lib/gcc/arm-none-eabi/16.1.0/armv6k/fpu/crtbegin.o
 *fill*         0x00113119        0x3 
 .bss.object.0  0x0011311c       0x18 /opt/devkitpro/devkitARM/lib/gcc/arm-none-eabi/16.1.0/armv6k/fpu/crtbegin.o
 .bss.hookCookie
                0x00113134        0xc /opt/devkitpro/libctru/lib/libcitro3d.a(base.o)
 .bss.__C3D_Context
                0x00113140      0x2d0 /opt/devkitpro/libctru/lib/libcitro3d.a(base.o)
                0x00113140                __C3D_Context
 .bss.frameEndCbData
                0x00113410        0x4 /opt/devkitpro/libctru/lib/libcitro3d.a(renderqueue.o)
 .bss.frameEndCb
                0x00113414        0x4 /opt/devkitpro/libctru/lib/libcitro3d.a(renderqueue.o)
 .bss.frameCounter
                0x00113418        0x8 /opt/devkitpro/libctru/lib/libcitro3d.a(renderqueue.o)
 .bss.isTopStereo
                0x00113420        0x1 /opt/devkitpro/libctru/lib/libcitro3d.a(renderqueue.o)
 .bss.needSwapBot
                0x00113421        0x1 /opt/devkitpro/libctru/lib/libcitro3d.a(renderqueue.o)
 .bss.needSwapTop
                0x00113422        0x1 /opt/devkitpro/libctru/lib/libcitro3d.a(renderqueue.o)
 .bss.measureGpuTime
                0x00113423        0x1 /opt/devkitpro/libctru/lib/libcitro3d.a(renderqueue.o)
 .bss.inSafeTransfer
                0x00113424        0x1 /opt/devkitpro/libctru/lib/libcitro3d.a(renderqueue.o)
 .bss.inFrame   0x00113425        0x1 /opt/devkitpro/libctru/lib/libcitro3d.a(renderqueue.o)
 *fill*         0x00113426        0x2 
 .bss.cpuTime   0x00113428       0x10 /opt/devkitpro/libctru/lib/libcitro3d.a(renderqueue.o)
 .bss.gpuTime   0x00113438       0x10 /opt/devkitpro/libctru/lib/libcitro3d.a(renderqueue.o)
 .bss.linkedTarget
                0x00113448        0xc /opt/devkitpro/libctru/lib/libcitro3d.a(renderqueue.o)
 .bss.lastTarget
                0x00113454        0x4 /opt/devkitpro/libctru/lib/libcitro3d.a(renderqueue.o)
 .bss.firstTarget
                0x00113458        0x4 /opt/devkitpro/libctru/lib/libcitro3d.a(renderqueue.o)
 .bss.C3Di_IVUnifEverDirty
                0x0011345c        0x8 /opt/devkitpro/libctru/lib/libcitro3d.a(uniforms.o)
 .bss.C3Di_FVUnifEverDirty
                0x00113464       0xc0 /opt/devkitpro/libctru/lib/libcitro3d.a(uniforms.o)
 .bss.C3Di_ShaderFVecData
                0x00113524       0x18 /opt/devkitpro/libctru/lib/libcitro3d.a(uniforms.o)
 .bss.C3D_BoolUnifsDirty
                0x0011353c        0x2 /opt/devkitpro/libctru/lib/libcitro3d.a(uniforms.o)
                0x0011353c                C3D_BoolUnifsDirty
 *fill*         0x0011353e        0x2 
 .bss.C3D_IVUnifDirty
                0x00113540        0x8 /opt/devkitpro/libctru/lib/libcitro3d.a(uniforms.o)
                0x00113540                C3D_IVUnifDirty
 .bss.C3D_FVUnifDirty
                0x00113548       0xc0 /opt/devkitpro/libctru/lib/libcitro3d.a(uniforms.o)
                0x00113548                C3D_FVUnifDirty
 .bss.C3D_BoolUnifs
                0x00113608        0x4 /opt/devkitpro/libctru/lib/libcitro3d.a(uniforms.o)
                0x00113608                C3D_BoolUnifs
 .bss.C3D_IVUnif
                0x0011360c       0x20 /opt/devkitpro/libctru/lib/libcitro3d.a(uniforms.o)
                0x0011360c                C3D_IVUnif
 .bss.C3D_FVUnif
                0x0011362c      0xc00 /opt/devkitpro/libctru/lib/libcitro3d.a(uniforms.o)
                0x0011362c                C3D_FVUnif
 *fill*         0x0011422c        0x4 
 .bss._ZL11sLinearPool
                0x00114230        0x8 /opt/devkitpro/libctru/lib/libctru.a(linear.o)
 .bss._ZL8sAddrMap
                0x00114238        0xc /opt/devkitpro/libctru/lib/libctru.a(linear.o)
 *fill*         0x00114244        0x4 
 .bss._ZL10sVramPoolB
                0x00114248        0x8 /opt/devkitpro/libctru/lib/libctru.a(vram.o)
 .bss._ZL10sVramPoolA
                0x00114250        0x8 /opt/devkitpro/libctru/lib/libctru.a(vram.o)
 .bss._ZL8sAddrMap
                0x00114258        0xc /opt/devkitpro/libctru/lib/libctru.a(vram.o)
 .bss.screenAlloc
                0x00114264        0x4 /opt/devkitpro/libctru/lib/libctru.a(gfx.o)
 .bss.screenFree
                0x00114268        0x4 /opt/devkitpro/libctru/lib/libctru.a(gfx.o)
 .bss.gfxIsDoubleBuf
                0x0011426c        0x2 /opt/devkitpro/libctru/lib/libctru.a(gfx.o)
 *fill*         0x0011426e        0x2 
 .bss.gfxCurBuf
                0x00114270        0x2 /opt/devkitpro/libctru/lib/libctru.a(gfx.o)
 .bss.gfxIsVram
                0x00114272        0x1 /opt/devkitpro/libctru/lib/libctru.a(gfx.o)
 .bss.gfxTopMode
                0x00114273        0x1 /opt/devkitpro/libctru/lib/libctru.a(gfx.o)
 .bss.gfxFramebufferFormats
                0x00114274        0x2 /opt/devkitpro/libctru/lib/libctru.a(gfx.o)
 *fill*         0x00114276        0x2 
 .bss.gfxBottomFramebufferMaxSize
                0x00114278        0x4 /opt/devkitpro/libctru/lib/libctru.a(gfx.o)
 .bss.gfxTopFramebufferMaxSize
                0x0011427c        0x4 /opt/devkitpro/libctru/lib/libctru.a(gfx.o)
 .bss.gfxBottomFramebuffers
                0x00114280        0x8 /opt/devkitpro/libctru/lib/libctru.a(gfx.o)
 .bss.gfxTopFramebuffers
                0x00114288        0x8 /opt/devkitpro/libctru/lib/libctru.a(gfx.o)
 .bss.__ctru_speedup
                0x00114290        0x1 /opt/devkitpro/libctru/lib/libctru.a(os.o)
                0x00114290                __ctru_speedup
 *fill*         0x00114291        0x3 
 .bss.gpuCmdBufOffset
                0x00114294        0x4 /opt/devkitpro/libctru/lib/libctru.a(gpu.o)
                0x00114294                gpuCmdBufOffset
 .bss.gpuCmdBufSize
                0x00114298        0x4 /opt/devkitpro/libctru/lib/libctru.a(gpu.o)
                0x00114298                gpuCmdBufSize
 .bss.gpuCmdBuf
                0x0011429c        0x4 /opt/devkitpro/libctru/lib/libctru.a(gpu.o)
                0x0011429c                gpuCmdBuf
 .bss.boundQueue
                0x001142a0        0x4 /opt/devkitpro/libctru/lib/libctru.a(gx.o)
 .bss.shouldStop
                0x001142a4        0x1 /opt/devkitpro/libctru/lib/libctru.a(gxqueue.o)
 .bss.isRunning
                0x001142a5        0x1 /opt/devkitpro/libctru/lib/libctru.a(gxqueue.o)
 .bss.isActive  0x001142a6        0x1 /opt/devkitpro/libctru/lib/libctru.a(gxqueue.o)
 *fill*         0x001142a7        0x1 
 .bss.curQueue  0x001142a8        0x4 /opt/devkitpro/libctru/lib/libctru.a(gxqueue.o)
 .bss.flagValue.0
                0x001142ac        0x1 /opt/devkitpro/libctru/lib/libctru.a(apt.o)
 .bss.flagInit.1
                0x001142ad        0x1 /opt/devkitpro/libctru/lib/libctru.a(apt.o)
 *fill*         0x001142ae        0x2 
 .bss.serviceName.6
                0x001142b0        0x4 /opt/devkitpro/libctru/lib/libctru.a(apt.o)
 .bss.aptChainloadFlags
                0x001142b4        0x1 /opt/devkitpro/libctru/lib/libctru.a(apt.o)
 .bss.aptChainloadMediatype
                0x001142b5        0x1 /opt/devkitpro/libctru/lib/libctru.a(apt.o)
 *fill*         0x001142b6        0x2 
 .bss.aptChainloadHmac
                0x001142b8       0x20 /opt/devkitpro/libctru/lib/libctru.a(apt.o)
 .bss.aptChainloadDeliverArg
                0x001142d8      0x300 /opt/devkitpro/libctru/lib/libctru.a(apt.o)
 .bss.aptChainloadTid
                0x001145d8        0x8 /opt/devkitpro/libctru/lib/libctru.a(apt.o)
 .bss.aptParameters
                0x001145e0     0x1000 /opt/devkitpro/libctru/lib/libctru.a(apt.o)
 .bss.aptFlags  0x001155e0        0x4 /opt/devkitpro/libctru/lib/libctru.a(apt.o)
 .bss.aptHomeButtonState
                0x001155e4        0x1 /opt/devkitpro/libctru/lib/libctru.a(apt.o)
 *fill*         0x001155e5        0x3 
 .bss.aptMessageFuncData
                0x001155e8        0x4 /opt/devkitpro/libctru/lib/libctru.a(apt.o)
 .bss.aptMessageFunc
                0x001155ec        0x4 /opt/devkitpro/libctru/lib/libctru.a(apt.o)
 .bss.aptFirstHook
                0x001155f0        0xc /opt/devkitpro/libctru/lib/libctru.a(apt.o)
 .bss.aptEventHandlerThreadQuit
                0x001155fc        0x1 /opt/devkitpro/libctru/lib/libctru.a(apt.o)
 *fill*         0x001155fd        0x3 
 .bss.aptEventHandlerThread
                0x00115600        0x4 /opt/devkitpro/libctru/lib/libctru.a(apt.o)
 .bss.aptSleepEvent
                0x00115604        0x8 /opt/devkitpro/libctru/lib/libctru.a(apt.o)
 .bss.aptReceiveEvent
                0x0011560c        0x8 /opt/devkitpro/libctru/lib/libctru.a(apt.o)
 .bss.aptEvents
                0x00115614        0x8 /opt/devkitpro/libctru/lib/libctru.a(apt.o)
 .bss.aptLockHandle
                0x0011561c        0x4 /opt/devkitpro/libctru/lib/libctru.a(apt.o)
 .bss.aptRefCount
                0x00115620        0x4 /opt/devkitpro/libctru/lib/libctru.a(apt.o)
 .bss.gspEventCbOneShot
                0x00115624        0x7 /opt/devkitpro/libctru/lib/libctru.a(gspgpu.o)
 *fill*         0x0011562b        0x1 
 .bss.gspEventCbData
                0x0011562c       0x1c /opt/devkitpro/libctru/lib/libctru.a(gspgpu.o)
 .bss.gspEventCb
                0x00115648       0x1c /opt/devkitpro/libctru/lib/libctru.a(gspgpu.o)
 .bss.gspEvents
                0x00115664       0x38 /opt/devkitpro/libctru/lib/libctru.a(gspgpu.o)
 .bss.gspLastEvent
                0x0011569c        0x4 /opt/devkitpro/libctru/lib/libctru.a(gspgpu.o)
 .bss.gspRunEvents
                0x001156a0        0x1 /opt/devkitpro/libctru/lib/libctru.a(gspgpu.o)
 *fill*         0x001156a1        0x3 
 .bss.gspEventThread
                0x001156a4        0x4 /opt/devkitpro/libctru/lib/libctru.a(gspgpu.o)
 .bss.gspEvent  0x001156a8        0x4 /opt/devkitpro/libctru/lib/libctru.a(gspgpu.o)
 .bss.gspGpuRight
                0x001156ac        0x1 /opt/devkitpro/libctru/lib/libctru.a(gspgpu.o)
 .bss.gspThreadId
                0x001156ad        0x1 /opt/devkitpro/libctru/lib/libctru.a(gspgpu.o)
 *fill*         0x001156ae        0x2 
 .bss.gspSharedMem
                0x001156b0        0x4 /opt/devkitpro/libctru/lib/libctru.a(gspgpu.o)
 .bss.gspSharedMemHandle
                0x001156b4        0x4 /opt/devkitpro/libctru/lib/libctru.a(gspgpu.o)
 .bss.gspRefCount
                0x001156b8        0x4 /opt/devkitpro/libctru/lib/libctru.a(gspgpu.o)
 .bss.gspGpuHandle
                0x001156bc        0x4 /opt/devkitpro/libctru/lib/libctru.a(gspgpu.o)
 .bss.usingIrrst
                0x001156c0        0x1 /opt/devkitpro/libctru/lib/libctru.a(hid.o)
 *fill*         0x001156c1        0x3 
 .bss.hidRefCount
                0x001156c4        0x4 /opt/devkitpro/libctru/lib/libctru.a(hid.o)
 .bss.gRate     0x001156c8        0x6 /opt/devkitpro/libctru/lib/libctru.a(hid.o)
 *fill*         0x001156ce        0x2 
 .bss.aVec      0x001156d0        0x6 /opt/devkitpro/libctru/lib/libctru.a(hid.o)
 *fill*         0x001156d6        0x2 
 .bss.cPos      0x001156d8        0x4 /opt/devkitpro/libctru/lib/libctru.a(hid.o)
 .bss.tPos      0x001156dc        0x4 /opt/devkitpro/libctru/lib/libctru.a(hid.o)
 .bss.kRepeat   0x001156e0        0x4 /opt/devkitpro/libctru/lib/libctru.a(hid.o)
 .bss.kUp       0x001156e4        0x4 /opt/devkitpro/libctru/lib/libctru.a(hid.o)
 .bss.kDown     0x001156e8        0x4 /opt/devkitpro/libctru/lib/libctru.a(hid.o)
 .bss.kHeld     0x001156ec        0x4 /opt/devkitpro/libctru/lib/libctru.a(hid.o)
 .bss.kOld      0x001156f0        0x4 /opt/devkitpro/libctru/lib/libctru.a(hid.o)
 .bss.hidSharedMem
                0x001156f4        0x4 /opt/devkitpro/libctru/lib/libctru.a(hid.o)
                0x001156f4                hidSharedMem
 .bss.hidEvents
                0x001156f8       0x14 /opt/devkitpro/libctru/lib/libctru.a(hid.o)
                0x001156f8                hidEvents
 .bss.hidMemHandle
                0x0011570c        0x4 /opt/devkitpro/libctru/lib/libctru.a(hid.o)
                0x0011570c                hidMemHandle
 .bss.hidHandle
                0x00115710        0x4 /opt/devkitpro/libctru/lib/libctru.a(hid.o)
                0x00115710                hidHandle
 .bss.irrstRefCount
                0x00115714        0x4 /opt/devkitpro/libctru/lib/libctru.a(irrst.o)
 .bss.csPos     0x00115718        0x4 /opt/devkitpro/libctru/lib/libctru.a(irrst.o)
 .bss.kHeld     0x0011571c        0x4 /opt/devkitpro/libctru/lib/libctru.a(irrst.o)
 .bss.irrstSharedMem
                0x00115720        0x4 /opt/devkitpro/libctru/lib/libctru.a(irrst.o)
                0x00115720                irrstSharedMem
 .bss.irrstEvent
                0x00115724        0x4 /opt/devkitpro/libctru/lib/libctru.a(irrst.o)
                0x00115724                irrstEvent
 .bss.irrstMemHandle
                0x00115728        0x4 /opt/devkitpro/libctru/lib/libctru.a(irrst.o)
                0x00115728                irrstMemHandle
 .bss.irrstHandle
                0x0011572c        0x4 /opt/devkitpro/libctru/lib/libctru.a(irrst.o)
                0x0011572c                irrstHandle
 .bss.ptmSysmRefCount
                0x00115730        0x4 /opt/devkitpro/libctru/lib/libctru.a(ptmsysm.o)
 .bss.ptmSysmHandle
                0x00115734        0x4 /opt/devkitpro/libctru/lib/libctru.a(ptmsysm.o)
 .bss.__ctru_linear_heap_size
                0x00115738        0x4 /opt/devkitpro/libctru/lib/libctru.a(allocateHeaps.o)
                0x00115738                __ctru_linear_heap_size
 .bss.__ctru_heap_size
                0x0011573c        0x4 /opt/devkitpro/libctru/lib/libctru.a(allocateHeaps.o)
                0x0011573c                __ctru_heap_size
 .bss.__ctru_linear_heap
                0x00115740        0x4 /opt/devkitpro/libctru/lib/libctru.a(allocateHeaps.o)
                0x00115740                __ctru_linear_heap
 .bss.__ctru_heap
                0x00115744        0x4 /opt/devkitpro/libctru/lib/libctru.a(allocateHeaps.o)
                0x00115744                __ctru_heap
 .bss.__system_retAddr
                0x00115748        0x4 /opt/devkitpro/libctru/lib/libctru.a(ctru_init.o)
                0x00115748                __system_retAddr
 .bss.__system_argv
                0x0011574c        0x4 /opt/devkitpro/libctru/lib/libctru.a(initArgv.o)
                0x0011574c                __system_argv
 .bss.__system_argc
                0x00115750        0x4 /opt/devkitpro/libctru/lib/libctru.a(initArgv.o)
                0x00115750                __system_argc
 .bss.saved_stack.42
                0x00115754        0x8 /opt/devkitpro/libctru/lib/libctru.a(stack_adjust.o)
 .bss.__3dslink_host
                0x0011575c        0x4 /opt/devkitpro/libctru/lib/libctru.a(3dslink.o)
                0x0011575c                __3dslink_host
 .bss.srvRefCount
                0x00115760        0x4 /opt/devkitpro/libctru/lib/libctru.a(srv.o)
 .bss.srvHandle
                0x00115764        0x4 /opt/devkitpro/libctru/lib/libctru.a(srv.o)
 .bss.arbiter   0x00115768        0x4 /opt/devkitpro/libctru/lib/libctru.a(synchronization.o)
 .bss.currentAddr
                0x0011576c        0x4 /opt/devkitpro/libctru/lib/libctru.a(mappable.o)
 .bss.maxAddr   0x00115770        0x4 /opt/devkitpro/libctru/lib/libctru.a(mappable.o)
 .bss.minAddr   0x00115774        0x4 /opt/devkitpro/libctru/lib/libctru.a(mappable.o)
 .bss.srvPmHandle
                0x00115778        0x4 /opt/devkitpro/libctru/lib/libctru.a(srvpm.o)
 *fill*         0x0011577c        0x4 
 .bss.archive_devices
                0x00115780      0x5c0 /opt/devkitpro/libctru/lib/libctru.a(archive_dev.o)
 .bss.archive_device_cwd
                0x00115d40        0x4 /opt/devkitpro/libctru/lib/libctru.a(archive_dev.o)
 .bss.archive_initialized
                0x00115d44        0x1 /opt/devkitpro/libctru/lib/libctru.a(archive_dev.o)
 *fill*         0x00115d45        0x3 
 .bss.fsExemptArchives
                0x00115d48       0x80 /opt/devkitpro/libctru/lib/libctru.a(fs.o)
 .bss.fsuRefCount
                0x00115dc8        0x4 /opt/devkitpro/libctru/lib/libctru.a(fs.o)
 .bss.fsuHandle
                0x00115dcc        0x4 /opt/devkitpro/libctru/lib/libctru.a(fs.o)
 .bss.__malloc_current_mallinfo
                0x00115dd0       0x28 /opt/devkitpro/devkitARM/lib/gcc/arm-none-eabi/16.1.0/../../../../arm-none-eabi/lib/armv6k/fpu/libc.a(libc_a-mallocr.o)
                0x00115dd0                __malloc_current_mallinfo
 .bss.__malloc_max_total_mem
                0x00115df8        0x4 /opt/devkitpro/devkitARM/lib/gcc/arm-none-eabi/16.1.0/../../../../arm-none-eabi/lib/armv6k/fpu/libc.a(libc_a-mallocr.o)
                0x00115df8                __malloc_max_total_mem
 .bss.__malloc_max_sbrked_mem
                0x00115dfc        0x4 /opt/devkitpro/devkitARM/lib/gcc/arm-none-eabi/16.1.0/../../../../arm-none-eabi/lib/armv6k/fpu/libc.a(libc_a-mallocr.o)
                0x00115dfc                __malloc_max_sbrked_mem
 .bss.__malloc_top_pad
                0x00115e00        0x4 /opt/devkitpro/devkitARM/lib/gcc/arm-none-eabi/16.1.0/../../../../arm-none-eabi/lib/armv6k/fpu/libc.a(libc_a-mallocr.o)
                0x00115e00                __malloc_top_pad
 *fill*         0x00115e04        0x4 
 .bss.__sf      0x00115e08      0x168 /opt/devkitpro/devkitARM/lib/gcc/arm-none-eabi/16.1.0/../../../../arm-none-eabi/lib/armv6k/fpu/libc.a(libc_a-findfp.o)
                0x00115e08                __sf
 .bss.__stdio_exit_handler
                0x00115f70        0x4 /opt/devkitpro/devkitARM/lib/gcc/arm-none-eabi/16.1.0/../../../../arm-none-eabi/lib/armv6k/fpu/libc.a(libc_a-findfp.o)
                0x00115f70                __stdio_exit_handler
 .bss.__malloc_recursive_mutex
                0x00115f74        0xc /opt/devkitpro/devkitARM/lib/gcc/arm-none-eabi/16.1.0/../../../../arm-none-eabi/lib/armv6k/fpu/libc.a(libc_a-mlock.o)
 .bss.temp_cwd  0x00115f80      0x400 /opt/devkitpro/devkitARM/lib/gcc/arm-none-eabi/16.1.0/../../../../arm-none-eabi/lib/armv6k/fpu/libsysbase.a(libsysbase_libsysbase_a-chdir.o)
 .bss.fake_heap_start
                0x00116380        0x4 /opt/devkitpro/devkitARM/lib/gcc/arm-none-eabi/16.1.0/../../../../arm-none-eabi/lib/armv6k/fpu/libsysbase.a(libsysbase_libsysbase_a-malloc_vars.o)
                0x00116380                fake_heap_start
 .bss.fake_heap_end
                0x00116384        0x4 /opt/devkitpro/devkitARM/lib/gcc/arm-none-eabi/16.1.0/../../../../arm-none-eabi/lib/armv6k/fpu/libsysbase.a(libsysbase_libsysbase_a-malloc_vars.o)
                0x00116384                fake_heap_end
 .bss.heap_start.0
                0x00116388        0x4 /opt/devkitpro/devkitARM/lib/gcc/arm-none-eabi/16.1.0/../../../../arm-none-eabi/lib/armv6k/fpu/libsysbase.a(libsysbase_libsysbase_a-sbrk.o)
 *(.gnu.linkonce.b*)
 *(COMMON)
                0x0011638c                        . = (0x8 + ABSOLUTE (ALIGN (ABSOLUTE ((. - 0x8)), MAX (ALIGNOF (.tdata), ALIGNOF (.tbss)))))
                0x0011638c                        __tls_start = .
                0x0011638c                        . = (. + SIZEOF (.tdata))