Archive member included to satisfy reference by file (symbol)

/opt/devkitpro/libctru/lib/libcitro2d.a(base.o)
                              Main.o (C2D_Init)
/opt/devkitpro/libctru/lib/libcitro2d.a(render2d_shbin.o)
                              /opt/devkitpro/libctru/lib/libcitro2d.a(base.o) (render2d_shbin)
/opt/devkitpro/libctru/lib/libcitro3d.a(attribs.o)
                              /opt/devkitpro/libctru/lib/libcitro2d.a(base.o) (AttrInfo_Init)
/opt/devkitpro/libctru/lib/libcitro3d.a(base.o)
                              /opt/devkitpro/libctru/lib/libcitro3d.a(attribs.o) (__C3D_Context)
/opt/devkitpro/libctru/lib/libcitro3d.a(buffers.o)
                              /opt/devkitpro/libctru/lib/libcitro2d.a(base.o) (BufInfo_Init)
/opt/devkitpro/libctru/lib/libcitro3d.a(drawElements.o)
                              /opt/devkitpro/libctru/lib/libcitro2d.a(base.o) (C3D_DrawElements)
/opt/devkitpro/libctru/lib/libcitro3d.a(effect.o)
                              /opt/devkitpro/libctru/lib/libcitro3d.a(base.o) (C3D_DepthMap)
/opt/devkitpro/libctru/lib/libcitro3d.a(framebuffer.o)
                              /opt/devkitpro/libctru/lib/libcitro3d.a(base.o) (C3Di_FrameBufBind)
/opt/devkitpro/libctru/lib/libcitro3d.a(immediate.o)
                              /opt/devkitpro/libctru/lib/libcitro3d.a(base.o) (C3D_ImmSendAttrib)
/opt/devkitpro/libctru/lib/libcitro3d.a(proctex.o)
                              /opt/devkitpro/libctru/lib/libcitro2d.a(base.o) (C3D_ProcTexInit)
/opt/devkitpro/libctru/lib/libcitro3d.a(renderqueue.o)
                              /opt/devkitpro/libctru/lib/libcitro3d.a(base.o) (C3Di_RenderQueueEnableVBlank)
/opt/devkitpro/libctru/lib/libcitro3d.a(texenv.o)
                              /opt/devkitpro/libctru/lib/libcitro2d.a(base.o) (C3D_GetTexEnv)
/opt/devkitpro/libctru/lib/libcitro3d.a(texture.o)
                              /opt/devkitpro/libctru/lib/libcitro2d.a(base.o) (C3D_TexBind)
/opt/devkitpro/libctru/lib/libcitro3d.a(uniforms.o)
                              /opt/devkitpro/libctru/lib/libcitro3d.a(base.o) (C3D_UpdateUniforms)
/opt/devkitpro/libctru/lib/libcitro3d.a(mtx_multiply.o)
                              /opt/devkitpro/libctru/lib/libcitro2d.a(base.o) (Mtx_Multiply)
/opt/devkitpro/libctru/lib/libcitro3d.a(mtx_ortho.o)
                              /opt/devkitpro/libctru/lib/libcitro2d.a(base.o) (Mtx_Ortho)
/opt/devkitpro/libctru/lib/libcitro3d.a(mtx_orthotilt.o)
                              /opt/devkitpro/libctru/lib/libcitro2d.a(base.o) (Mtx_OrthoTilt)
/opt/devkitpro/libctru/lib/libcitro3d.a(mtx_rotatez.o)
                              /opt/devkitpro/libctru/lib/libcitro2d.a(base.o) (Mtx_RotateZ)
/opt/devkitpro/libctru/lib/libcitro3d.a(mtx_scale.o)
                              /opt/devkitpro/libctru/lib/libcitro2d.a(base.o) (Mtx_Scale)
/opt/devkitpro/libctru/lib/libcitro3d.a(mtx_translate.o)
                              /opt/devkitpro/libctru/lib/libcitro2d.a(base.o) (Mtx_Translate)
/opt/devkitpro/libctru/lib/libctru.a(linear.o)
                              /opt/devkitpro/libctru/lib/libcitro2d.a(base.o) (linearAlloc)
/opt/devkitpro/libctru/lib/libctru.a(mem_pool.o)
                              /opt/devkitpro/libctru/lib/libctru.a(linear.o) (MemPool::Allocate(MemChunk&, unsigned long, int))
/opt/devkitpro/libctru/lib/libctru.a(vram.o)
                              /opt/devkitpro/libctru/lib/libcitro3d.a(renderqueue.o) (vramAlloc)
/opt/devkitpro/libctru/lib/libctru.a(gfx.o)
                              /opt/devkitpro/libctru/lib/libcitro2d.a(base.o) (gfxIsWide)
/opt/devkitpro/libctru/lib/libctru.a(os.o)
                              /opt/devkitpro/libctru/lib/libcitro3d.a(buffers.o) (osConvertVirtToPhys)
/opt/devkitpro/libctru/lib/libctru.a(gpu.o)
                              /opt/devkitpro/libctru/lib/libcitro3d.a(renderqueue.o) (gpuCmdBuf)
/opt/devkitpro/libctru/lib/libctru.a(gx.o)
                              /opt/devkitpro/libctru/lib/libcitro3d.a(renderqueue.o) (GX_BindQueue)
/opt/devkitpro/libctru/lib/libctru.a(gxqueue.o)
                              /opt/devkitpro/libctru/lib/libcitro3d.a(renderqueue.o) (gxCmdQueueClear)
/opt/devkitpro/libctru/lib/libctru.a(shaderProgram.o)
                              /opt/devkitpro/libctru/lib/libcitro2d.a(base.o) (shaderInstanceGetUniformLocation)
/opt/devkitpro/libctru/lib/libctru.a(shbin.o)
                              /opt/devkitpro/libctru/lib/libcitro2d.a(base.o) (DVLB_ParseFile)
/opt/devkitpro/libctru/lib/libctru.a(apt.o)
                              /opt/devkitpro/libctru/lib/libcitro3d.a(base.o) (aptHook)
/opt/devkitpro/libctru/lib/libctru.a(gspgpu.o)
                              /opt/devkitpro/libctru/lib/libctru.a(gfx.o) (gspInit)
/opt/devkitpro/libctru/lib/libctru.a(hid.o)
                              Main.o (hidScanInput)
/opt/devkitpro/libctru/lib/libctru.a(irrst.o)
                              /opt/devkitpro/libctru/lib/libctru.a(hid.o) (irrstInit)
/opt/devkitpro/libctru/lib/libctru.a(ptmsysm.o)
[...]
Memory Configuration

Name             Origin             Length             Attributes
*default*        0x00000000         0xffffffff

Linker script and memory map

                0x00000000                        __sync_synchronize = __sync_synchronize_dmb
                0x00100000                        PROVIDE (__start__ = 0x100000)
                0x00100000                        . = __start__

.text           0x00100000    0x1438c
 *(.crt0)
 .crt0          0x00100000       0x94 /opt/devkitpro/devkitARM/lib/gcc/arm-none-eabi/16.1.0/../../../../arm-none-eabi/lib/armv6k/fpu/3dsx_crt0.o
                0x00100000                _start
                0x00100008                __service_ptr
                0x0010000c                __apt_appid
                0x00100010                __heap_size
                0x00100014                __linear_heap_size
                0x00100018                __system_arglist
                0x0010001c                __system_runflags
 *(.init)
 .init          0x00100094        0xc /opt/devkitpro/devkitARM/lib/gcc/arm-none-eabi/16.1.0/armv6k/fpu/crti.o
                0x00100094                _init
 .init          0x001000a0        0xc /opt/devkitpro/devkitARM/lib/gcc/arm-none-eabi/16.1.0/armv6k/fpu/crtn.o
                0x001000ac                        . = ALIGN (0x4)
 *(.text)
 .text          0x001000ac      0x1a8 /opt/devkitpro/devkitARM/lib/gcc/arm-none-eabi/16.1.0/armv6k/fpu/libgcc.a(libunwind.o)
                0x001000ac                __restore_core_regs
                0x001000ac                restore_core_regs
                0x001000c0                __gnu_Unwind_Restore_VFP
                0x001000c8                __gnu_Unwind_Save_VFP
                0x001000d0                __gnu_Unwind_Restore_VFP_D
                0x001000d8                __gnu_Unwind_Save_VFP_D
                0x001000e0                __gnu_Unwind_Restore_VFP_D_16_to_31
                0x001000e8                __gnu_Unwind_Save_VFP_D_16_to_31
                0x001000f0                __gnu_Unwind_Restore_WMMXD
                0x00100134                __gnu_Unwind_Save_WMMXD
                0x00100178                __gnu_Unwind_Restore_WMMXC
                0x0010018c                __gnu_Unwind_Save_WMMXC
                0x001001a0                ___Unwind_RaiseException
                0x001001a0                _Unwind_RaiseException
                0x001001c4                ___Unwind_Resume
                0x001001c4                _Unwind_Resume
                0x001001e8                _Unwind_Resume_or_Rethrow
                0x001001e8                ___Unwind_Resume_or_Rethrow
                0x0010020c                ___Unwind_ForcedUnwind
                0x0010020c                _Unwind_ForcedUnwind
                0x00100230                _Unwind_Backtrace
                0x00100230                ___Unwind_Backtrace
 .text          0x00100254        0x4 /opt/devkitpro/devkitARM/lib/gcc/arm-none-eabi/16.1.0/armv6k/fpu/libgcc.a(_dvmd_tls.o)
                0x00100254                __aeabi_ldiv0
                0x00100254                __aeabi_idiv0
 *fill*         0x00100258        0x8 
 .text          0x00100260      0x390 /opt/devkitpro/devkitARM/lib/gcc/arm-none-eabi/16.1.0/../../../../arm-none-eabi/lib/armv6k/fpu/libc.a(libc_a-strcmp.o)
                0x00100268                strcmp
 .text          0x001005f0      0x20c /opt/devkitpro/devkitARM/lib/gcc/arm-none-eabi/16.1.0/armv6k/fpu/libgcc.a(_udivsi3.o)
                0x001005f0                __udivsi3
                0x001005f0                __aeabi_uidiv
                0x001007dc                __aeabi_uidivmod
 *(.text.*)
 .text.__do_global_dtors_aux
                0x001007fc       0x50 /opt/devkitpro/devkitARM/lib/gcc/arm-none-eabi/16.1.0/armv6k/fpu/crtbegin.o
 .text.frame_dummy
                0x0010084c       0x2c /opt/devkitpro/devkitARM/lib/gcc/arm-none-eabi/16.1.0/armv6k/fpu/crtbegin.o
 .text.startup  0x00100878      0x2a0 Main.o
                0x00100878                main
 .text.C2Di_FrameEndHook
                0x00100b18       0x44 /opt/devkitpro/libctru/lib/libcitro2d.a(base.o)
 .text.C2D_Init
                0x00100b5c      0x368 /opt/devkitpro/libctru/lib/libcitro2d.a(base.o)
                0x00100b5c                C2D_Init
 .text.C2D_Fini
                0x00100ec4       0x4c /opt/devkitpro/libctru/lib/libcitro2d.a(base.o)
                0x00100ec4                C2D_Fini
 .text.C2D_Prepare
                0x00100f10       0xbc /opt/devkitpro/libctru/lib/libcitro2d.a(base.o)
                0x00100f10                C2D_Prepare
 .text.C2D_Flush
                0x00100fcc       0x48 /opt/devkitpro/libctru/lib/libcitro2d.a(base.o)
                0x00100fcc                C2D_Flush
 .text.C2D_SceneSize
                0x00101014       0xfc /opt/devkitpro/libctru/lib/libcitro2d.a(base.o)
                0x00101014                C2D_SceneSize
 .text.C2D_CreateScreenTarget
                0x00101110       0x60 /opt/devkitpro/libctru/lib/libcitro2d.a(base.o)
                0x00101110                C2D_CreateScreenTarget
 .text.C2D_TargetClear
                0x00101170       0x60 /opt/devkitpro/libctru/lib/libcitro2d.a(base.o)
                0x00101170                C2D_TargetClear
 .text.C2Di_AppendQuad
                0x001011d0       0x54 /opt/devkitpro/libctru/lib/libcitro2d.a(base.o)
                0x001011d0                C2Di_AppendQuad
 .text.C2Di_Update
                0x00101224      0x738 /opt/devkitpro/libctru/lib/libcitro2d.a(base.o)
                0x00101224                C2Di_Update
 .text.C2D_DrawRectangle
                0x0010195c      0x168 /opt/devkitpro/libctru/lib/libcitro2d.a(base.o)
                0x0010195c                C2D_DrawRectangle
 .text.AttrInfo_Init
                0x00101ac4       0x28 /opt/devkitpro/libctru/lib/libcitro3d.a(attribs.o)
                0x00101ac4                AttrInfo_Init
 .text.AttrInfo_AddLoader
                0x00101aec       0x94 /opt/devkitpro/libctru/lib/libcitro3d.a(attribs.o)
                0x00101aec                AttrInfo_AddLoader
 .text.C3D_SetAttrInfo
                0x00101b80       0x54 /opt/devkitpro/libctru/lib/libcitro3d.a(attribs.o)
                0x00101b80                C3D_SetAttrInfo
 .text.C3Di_AttrInfoBind
                0x00101bd4       0x80 /opt/devkitpro/libctru/lib/libcitro3d.a(attribs.o)
                0x00101bd4                C3Di_AttrInfoBind
 .text.C3Di_LightEnvUpdate
                0x00101c54        0x4 /opt/devkitpro/libctru/lib/libcitro3d.a(base.o)
                0x00101c54                C3Di_LightEnvUpdate
 .text.C3Di_LightEnvDirty
                0x00101c58        0x4 /opt/devkitpro/libctru/lib/libcitro3d.a(base.o)
                0x00101c58                C3Di_LightEnvDirty
 .text.C3Di_AptEventHook
                0x00101c5c       0xb4 /opt/devkitpro/libctru/lib/libcitro3d.a(base.o)
 .text.C3Di_GasUpdate
                0x00101d10        0x4 /opt/devkitpro/libctru/lib/libcitro3d.a(base.o)
                0x00101d10                C3Di_GasUpdate
 .text.C3D_Init
                0x00101d14      0x1d0 /opt/devkitpro/libctru/lib/libcitro3d.a(base.o)
                0x00101d14                C3D_Init
 .text.C3D_SetViewport
                0x00101ee4       0x98 /opt/devkitpro/libctru/lib/libcitro3d.a(base.o)
                0x00101ee4                C3D_SetViewport
 .text.C3Di_UpdateContext
                0x00101f7c      0x4e8 /opt/devkitpro/libctru/lib/libcitro3d.a(base.o)
                0x00101f7c                C3Di_UpdateContext
 .text.C3Di_SplitFrame
                0x00102464       0xe0 /opt/devkitpro/libctru/lib/libcitro3d.a(base.o)
                0x00102464                C3Di_SplitFrame
 .text.C3D_Fini
                0x00102544       0x44 /opt/devkitpro/libctru/lib/libcitro3d.a(base.o)
                0x00102544                C3D_Fini
 .text.C3D_BindProgram
                0x00102588      0x194 /opt/devkitpro/libctru/lib/libcitro3d.a(base.o)
                0x00102588                C3D_BindProgram
 .text.BufInfo_Init
                0x0010271c       0x24 /opt/devkitpro/libctru/lib/libcitro3d.a(buffers.o)
                0x0010271c                BufInfo_Init
 .text.BufInfo_Add
                0x00102740       0x80 /opt/devkitpro/libctru/lib/libcitro3d.a(buffers.o)
                0x00102740                BufInfo_Add
 .text.C3D_SetBufInfo
                0x001027c0       0x3c /opt/devkitpro/libctru/lib/libcitro3d.a(buffers.o)
                0x001027c0                C3D_SetBufInfo
 .text.C3Di_BufInfoBind
                0x001027fc       0x48 /opt/devkitpro/libctru/lib/libcitro3d.a(buffers.o)
                0x001027fc                C3Di_BufInfoBind
 .text.C3D_DrawElements
                0x00102844      0x21c /opt/devkitpro/libctru/lib/libcitro3d.a(drawElements.o)
                0x00102844                C3D_DrawElements
 .text.C3D_DepthMap
                0x00102a60       0x40 /opt/devkitpro/libctru/lib/libcitro3d.a(effect.o)
                0x00102a60                C3D_DepthMap
 .text.C3D_CullFace
                0x00102aa0       0x1c /opt/devkitpro/libctru/lib/libcitro3d.a(effect.o)
                0x00102aa0                C3D_CullFace
 .text.C3D_StencilTest
                0x00102abc       0x40 /opt/devkitpro/libctru/lib/libcitro3d.a(effect.o)
                0x00102abc                C3D_StencilTest
 .text.C3D_StencilOp
                0x00102afc       0x24 /opt/devkitpro/libctru/lib/libcitro3d.a(effect.o)
                0x00102afc                C3D_StencilOp
 .text.C3D_BlendingColor
                0x00102b20       0x1c /opt/devkitpro/libctru/lib/libcitro3d.a(effect.o)
                0x00102b20                C3D_BlendingColor
 .text.C3D_EarlyDepthTest
                0x00102b3c       0x24 /opt/devkitpro/libctru/lib/libcitro3d.a(effect.o)
                0x00102b3c                C3D_EarlyDepthTest
 .text.C3D_DepthTest
                0x00102b60       0x2c /opt/devkitpro/libctru/lib/libcitro3d.a(effect.o)
                0x00102b60                C3D_DepthTest
 .text.C3D_AlphaTest
                0x00102b8c       0x2c /opt/devkitpro/libctru/lib/libcitro3d.a(effect.o)
                0x00102b8c                C3D_AlphaTest
 .text.C3D_AlphaBlend
                0x00102bb8       0x50 /opt/devkitpro/libctru/lib/libcitro3d.a(effect.o)
                0x00102bb8                C3D_AlphaBlend
 .text.C3D_FragOpMode
                0x00102c08       0x30 /opt/devkitpro/libctru/lib/libcitro3d.a(effect.o)
                0x00102c08                C3D_FragOpMode
 .text.C3D_FragOpShadow
                0x00102c38       0x44 /opt/devkitpro/libctru/lib/libcitro3d.a(effect.o)
                0x00102c38                C3D_FragOpShadow
 .text.C3Di_EffectBind
                0x00102c7c      0x1ac /opt/devkitpro/libctru/lib/libcitro3d.a(effect.o)
                0x00102c7c                C3Di_EffectBind
 .text.C3D_CalcColorBufSize
                0x00102e28       0x1c /opt/devkitpro/libctru/lib/libcitro3d.a(framebuffer.o)
                0x00102e28                C3D_CalcColorBufSize
 .text.C3D_CalcDepthBufSize
                0x00102e44       0x1c /opt/devkitpro/libctru/lib/libcitro3d.a(framebuffer.o)
                0x00102e44                C3D_CalcDepthBufSize
 .text.C3D_SetFrameBuf
                0x00102e60       0x44 /opt/devkitpro/libctru/lib/libcitro3d.a(framebuffer.o)
                0x00102e60                C3D_SetFrameBuf
 .text.C3Di_FrameBufBind
                0x00102ea4      0x16c /opt/devkitpro/libctru/lib/libcitro3d.a(framebuffer.o)
                0x00102ea4                C3Di_FrameBufBind
 .text.C3D_FrameBufClear
                0x00103010       0xc8 /opt/devkitpro/libctru/lib/libcitro3d.a(framebuffer.o)
                0x00103010                C3D_FrameBufClear
 .text.C3D_FrameBufTransfer
                0x001030d8       0x44 /opt/devkitpro/libctru/lib/libcitro3d.a(framebuffer.o)
                0x001030d8                C3D_FrameBufTransfer
 .text.C3D_ImmSendAttrib
                0x0010311c       0xa8 /opt/devkitpro/libctru/lib/libcitro3d.a(immediate.o)
                0x0010311c                C3D_ImmSendAttrib
 .text.C3D_ProcTexInit
                0x001031c4       0x70 /opt/devkitpro/libctru/lib/libcitro3d.a(proctex.o)
                0x001031c4                C3D_ProcTexInit
 .text.C3D_ProcTexBind
                0x00103234       0x54 /opt/devkitpro/libctru/lib/libcitro3d.a(proctex.o)
                0x00103234                C3D_ProcTexBind
 .text.C3D_ProcTexLutBind
                0x00103288       0x5c /opt/devkitpro/libctru/lib/libcitro3d.a(proctex.o)
                0x00103288                C3D_ProcTexLutBind
 .text.ProcTexLut_FromArray
                0x001032e4       0xa4 /opt/devkitpro/libctru/lib/libcitro3d.a(proctex.o)
                0x001032e4                ProcTexLut_FromArray
 .text.C3Di_ProcTexUpdate
                0x00103388      0x178 /opt/devkitpro/libctru/lib/libcitro3d.a(proctex.o)
                0x00103388                C3Di_ProcTexUpdate
 .text.C3Di_ProcTexDirty
                0x00103500       0x68 /opt/devkitpro/libctru/lib/libcitro3d.a(proctex.o)
                0x00103500                C3Di_ProcTexDirty
 .text.onVBlank0
                0x00103568       0x4c /opt/devkitpro/libctru/lib/libcitro3d.a(renderqueue.o)
 .text.onVBlank1
                0x001035b4       0x4c /opt/devkitpro/libctru/lib/libcitro3d.a(renderqueue.o)
 .text.C3Di_RenderTargetDestroy
                0x00103600       0x80 /opt/devkitpro/libctru/lib/libcitro3d.a(renderqueue.o)
 .text.onQueueFinish
                0x00103680       0xf4 /opt/devkitpro/libctru/lib/libcitro3d.a(renderqueue.o)
 .text.C3Di_RenderQueueEnableVBlank
                0x00103774       0x38 /opt/devkitpro/libctru/lib/libcitro3d.a(renderqueue.o)
                0x00103774                C3Di_RenderQueueEnableVBlank
 .text.C3Di_RenderQueueDisableVBlank
                0x001037ac       0x30 /opt/devkitpro/libctru/lib/libcitro3d.a(renderqueue.o)
                0x001037ac                C3Di_RenderQueueDisableVBlank
 .text.C3Di_RenderQueueInit
                0x001037dc       0x60 /opt/devkitpro/libctru/lib/libcitro3d.a(renderqueue.o)
                0x001037dc                C3Di_RenderQueueInit
 .text.C3Di_RenderQueueExit
                0x0010383c       0xb4 /opt/devkitpro/libctru/lib/libcitro3d.a(renderqueue.o)
                0x0010383c                C3Di_RenderQueueExit
 .text.C3Di_RenderQueueWaitDone
                0x001038f0       0x34 /opt/devkitpro/libctru/lib/libcitro3d.a(renderqueue.o)
                0x001038f0                C3Di_RenderQueueWaitDone
 .text.C3D_FrameBegin
                0x00103924       0xe8 /opt/devkitpro/libctru/lib/libcitro3d.a(renderqueue.o)
                0x00103924                C3D_FrameBegin
 .text.C3D_FrameDrawOn
                0x00103a0c       0x48 /opt/devkitpro/libctru/lib/libcitro3d.a(renderqueue.o)
                0x00103a0c                C3D_FrameDrawOn
 .text.C3D_FrameSplit
                0x00103a54       0x58 /opt/devkitpro/libctru/lib/libcitro3d.a(renderqueue.o)
                0x00103a54                C3D_FrameSplit
 .text.C3D_FrameEnd
                0x00103aac      0x1d0 /opt/devkitpro/libctru/lib/libcitro3d.a(renderqueue.o)
                0x00103aac                C3D_FrameEnd
 .text.C3D_FrameEndHook
                0x00103c7c       0x1c /opt/devkitpro/libctru/lib/libcitro3d.a(renderqueue.o)
                0x00103c7c                C3D_FrameEndHook
 .text.C3D_RenderTargetCreate
                0x00103c98      0x170 /opt/devkitpro/libctru/lib/libcitro3d.a(renderqueue.o)
                0x00103c98                C3D_RenderTargetCreate
 .text.C3D_RenderTargetSetOutput
                0x00103e08       0xa8 /opt/devkitpro/libctru/lib/libcitro3d.a(renderqueue.o)
                0x00103e08                C3D_RenderTargetSetOutput
 .text.C3D_GetTexEnv
                0x00103eb0       0x34 /opt/devkitpro/libctru/lib/libcitro3d.a(texenv.o)
                0x00103eb0                C3D_GetTexEnv
 .text.C3Di_TexEnvBind
                0x00103ee4       0x24 /opt/devkitpro/libctru/lib/libcitro3d.a(texenv.o)
                0x00103ee4                C3Di_TexEnvBind
 .text.C3D_TexBind
                0x00103f08       0x44 /opt/devkitpro/libctru/lib/libcitro3d.a(texture.o)
                0x00103f08                C3D_TexBind
 .text.C3Di_SetTex
                0x00103f4c      0x14c /opt/devkitpro/libctru/lib/libcitro3d.a(texture.o)
                0x00103f4c                C3Di_SetTex
 .text.C3D_UpdateUniforms
                0x00104098      0x290 /opt/devkitpro/libctru/lib/libcitro3d.a(uniforms.o)
                0x00104098                C3D_UpdateUniforms
 .text.C3Di_DirtyUniforms
                0x00104328       0xc0 /opt/devkitpro/libctru/lib/libcitro3d.a(uniforms.o)
                0x00104328                C3Di_DirtyUniforms
 .text.C3Di_LoadShaderUniforms
                0x001043e8       0xd8 /opt/devkitpro/libctru/lib/libcitro3d.a(uniforms.o)
                0x001043e8                C3Di_LoadShaderUniforms
 .text.C3Di_ClearShaderUniforms
                0x001044c0       0x28 /opt/devkitpro/libctru/lib/libcitro3d.a(uniforms.o)
                0x001044c0                C3Di_ClearShaderUniforms
 .text.Mtx_Ortho
                0x001044e8       0xcc /opt/devkitpro/libctru/lib/libcitro3d.a(mtx_ortho.o)
                0x001044e8                Mtx_Ortho
 .text.Mtx_OrthoTilt
                0x001045b4       0xcc /opt/devkitpro/libctru/lib/libcitro3d.a(mtx_orthotilt.o)
                0x001045b4                Mtx_OrthoTilt
 .text._ZL21addrMapNodeComparatorPK11rbtree_nodeS1_
                0x00104680       0x24 /opt/devkitpro/libctru/lib/libctru.a(linear.o)
 .text._ZL21addrMapNodeDestructorP11rbtree_node
                0x001046a4        0x4 /opt/devkitpro/libctru/lib/libctru.a(linear.o)
 .text.linearMemAlign
                0x001046a8      0x12c /opt/devkitpro/libctru/lib/libctru.a(linear.o)
                0x001046a8                linearMemAlign
 .text.linearAlloc
                0x001047d4        0x8 /opt/devkitpro/libctru/lib/libctru.a(linear.o)
                0x001047d4                linearAlloc
 .text.linearFree
                0x001047dc       0x5c /opt/devkitpro/libctru/lib/libctru.a(linear.o)
                0x001047dc                linearFree
 .text._ZN7MemPool13CoalesceRightEP8MemBlock
                0x00104838       0x88 /opt/devkitpro/libctru/lib/libctru.a(mem_pool.o)
                0x00104838                MemPool::CoalesceRight(MemBlock*)
 .text._ZN7MemPool8AllocateER8MemChunkmi
                0x001048c0      0x178 /opt/devkitpro/libctru/lib/libctru.a(mem_pool.o)
                0x001048c0                MemPool::Allocate(MemChunk&, unsigned long, int)
 .text._ZN7MemPool10DeallocateERK8MemChunk
                0x00104a38      0x118 /opt/devkitpro/libctru/lib/libctru.a(mem_pool.o)
                0x00104a38                MemPool::Deallocate(MemChunk const&)
 .text._ZN7MemPool12GetFreeSpaceEv
                0x00104b50       0x30 /opt/devkitpro/libctru/lib/libctru.a(mem_pool.o)
                0x00104b50                MemPool::GetFreeSpace()
 .text._ZL21addrMapNodeComparatorPK11rbtree_nodeS1_
                0x00104b80       0x24 /opt/devkitpro/libctru/lib/libctru.a(vram.o)
 .text._ZL21addrMapNodeDestructorP11rbtree_node
                0x00104ba4        0x4 /opt/devkitpro/libctru/lib/libctru.a(vram.o)
 .text.vramMemAlignAt
                0x00104ba8      0x248 /opt/devkitpro/libctru/lib/libctru.a(vram.o)
                0x00104ba8                vramMemAlignAt
 .text.vramAlloc
                0x00104df0        0xc /opt/devkitpro/libctru/lib/libctru.a(vram.o)
                0x00104df0                vramAlloc
 .text.vramAllocAt
                0x00104dfc        0xc /opt/devkitpro/libctru/lib/libctru.a(vram.o)
                0x00104dfc                vramAllocAt
 .text.vramFree
                0x00104e08       0x94 /opt/devkitpro/libctru/lib/libctru.a(vram.o)
                0x00104e08                vramFree
 .text.gfxPresentFramebuffer
                0x00104e9c       0xcc /opt/devkitpro/libctru/lib/libctru.a(gfx.o)
 .text.gfxIsWide
                0x00104f68       0x1c /opt/devkitpro/libctru/lib/libctru.a(gfx.o)
                0x00104f68                gfxIsWide
 .text.gfxSetScreenFormat
                0x00104f84       0xf8 /opt/devkitpro/libctru/lib/libctru.a(gfx.o)
                0x00104f84                gfxSetScreenFormat
 .text.gfxInit  0x0010507c       0xd8 /opt/devkitpro/libctru/lib/libctru.a(gfx.o)
                0x0010507c                gfxInit
 .text.gfxInitDefault
                0x00105154       0x10 /opt/devkitpro/libctru/lib/libctru.a(gfx.o)
                0x00105154                gfxInitDefault
 .text.gfxExit  0x00105164       0xb8 /opt/devkitpro/libctru/lib/libctru.a(gfx.o)
                0x00105164                gfxExit
 .text.gfxGetFramebuffer
                0x0010521c       0xa0 /opt/devkitpro/libctru/lib/libctru.a(gfx.o)
                0x0010521c                gfxGetFramebuffer
 .text.gfxScreenSwapBuffers
                0x001052bc       0x28 /opt/devkitpro/libctru/lib/libctru.a(gfx.o)
                0x001052bc                gfxScreenSwapBuffers
 .text.osConvertVirtToPhys
                0x001052e4       0x74 /opt/devkitpro/libctru/lib/libctru.a(os.o)
                0x001052e4                osConvertVirtToPhys
 .text.__ctru_speedup_config
                0x00105358       0x34 /opt/devkitpro/libctru/lib/libctru.a(os.o)
                0x00105358                __ctru_speedup_config
 .text.GPUCMD_Add
                0x0010538c      0x13c /opt/devkitpro/libctru/lib/libctru.a(gpu.o)
                0x0010538c                GPUCMD_Add
 .text.GPUCMD_Split
                0x001054c8       0xb0 /opt/devkitpro/libctru/lib/libctru.a(gpu.o)
                0x001054c8                GPUCMD_Split
 .text.f32tof16
                0x00105578       0x34 /opt/devkitpro/libctru/lib/libctru.a(gpu.o)
                0x00105578                f32tof16
 .text.f32tof24
                0x001055ac       0x34 /opt/devkitpro/libctru/lib/libctru.a(gpu.o)
                0x001055ac                f32tof24
 .text.f32tof31
                0x001055e0       0x38 /opt/devkitpro/libctru/lib/libctru.a(gpu.o)
                0x001055e0                f32tof31
 .text.GX_BindQueue
                0x00105618       0x10 /opt/devkitpro/libctru/lib/libctru.a(gx.o)
                0x00105618                GX_BindQueue
 .text.GX_ProcessCommandList
                0x00105628       0x7c /opt/devkitpro/libctru/lib/libctru.a(gx.o)
                0x00105628                GX_ProcessCommandList
 .text.GX_MemoryFill
                0x001056a4       0x74 /opt/devkitpro/libctru/lib/libctru.a(gx.o)
                0x001056a4                GX_MemoryFill
 .text.GX_DisplayTransfer
                0x00105718       0x74 /opt/devkitpro/libctru/lib/libctru.a(gx.o)
                0x00105718                GX_DisplayTransfer
 .text.gxCmdQueueDoCommands.part.0
                0x0010578c       0x64 /opt/devkitpro/libctru/lib/libctru.a(gxqueue.o)
 .text.gxCmdQueueInterrupt
                0x001057f0       0xe4 /opt/devkitpro/libctru/lib/libctru.a(gxqueue.o)
                0x001057f0                gxCmdQueueInterrupt
 .text.gxCmdQueueClear
                0x001058d4       0x68 /opt/devkitpro/libctru/lib/libctru.a(gxqueue.o)
                0x001058d4                gxCmdQueueClear
 .text.gxCmdQueueAdd
                0x0010593c      0x108 /opt/devkitpro/libctru/lib/libctru.a(gxqueue.o)
                0x0010593c                gxCmdQueueAdd
 .text.gxCmdQueueRun
                0x00105a44       0x80 /opt/devkitpro/libctru/lib/libctru.a(gxqueue.o)
                0x00105a44                gxCmdQueueRun
 .text.gxCmdQueueStop
                0x00105ac4       0x64 /opt/devkitpro/libctru/lib/libctru.a(gxqueue.o)
                0x00105ac4                gxCmdQueueStop
 .text.gxCmdQueueWait
                0x00105b28       0xac /opt/devkitpro/libctru/lib/libctru.a(gxqueue.o)
                0x00105b28                gxCmdQueueWait
 .text.shaderInstanceInit
                0x00105bd4      0x1e0 /opt/devkitpro/libctru/lib/libctru.a(shaderProgram.o)
                0x00105bd4                shaderInstanceInit
 .text.shaderInstanceGetUniformLocation
                0x00105db4       0x18 /opt/devkitpro/libctru/lib/libctru.a(shaderProgram.o)
                0x00105db4                shaderInstanceGetUniformLocation
 .text.shaderProgramInit
                0x00105dcc       0x1c /opt/devkitpro/libctru/lib/libctru.a(shaderProgram.o)
                0x00105dcc                shaderProgramInit
 .text.shaderProgramFree
                0x00105de8       0x74 /opt/devkitpro/libctru/lib/libctru.a(shaderProgram.o)
                0x00105de8                shaderProgramFree
 .text.shaderProgramSetVsh
                0x00105e5c       0x94 /opt/devkitpro/libctru/lib/libctru.a(shaderProgram.o)
                0x00105e5c                shaderProgramSetVsh
 .text.shaderProgramConfigure
                0x00105ef0      0x8d0 /opt/devkitpro/libctru/lib/libctru.a(shaderProgram.o)
                0x00105ef0                shaderProgramConfigure
 .text.DVLE_GenerateOutmap.part.0
                0x001067c0      0x1dc /opt/devkitpro/libctru/lib/libctru.a(shbin.o)
 .text.DVLB_ParseFile
                0x0010699c      0x1ac /opt/devkitpro/libctru/lib/libctru.a(shbin.o)
                0x0010699c                DVLB_ParseFile
 .text.DVLB_Free
                0x00106b48       0x50 /opt/devkitpro/libctru/lib/libctru.a(shbin.o)
                0x00106b48                DVLB_Free
 .text.DVLE_GetUniformRegister
                0x00106b98       0x74 /opt/devkitpro/libctru/lib/libctru.a(shbin.o)
                0x00106b98                DVLE_GetUniformRegister
 .text.aptConvertScreenForCapture
                0x00106c0c      0x180 /opt/devkitpro/libctru/lib/libctru.a(apt.o)
 .text.aptDspSleep
                0x00106d8c        0x8 /opt/devkitpro/libctru/lib/libctru.a(apt.o)
                0x00106d8c                aptDspSleep
 .text.aptDspWakeup
                0x00106d94        0x4 /opt/devkitpro/libctru/lib/libctru.a(apt.o)
                0x00106d94                aptDspWakeup
 .text.aptDspCancel
                0x00106d98        0x4 /opt/devkitpro/libctru/lib/libctru.a(apt.o)
                0x00106d98                aptDspCancel
 .text.aptSendCommand
                0x00106d9c      0x138 /opt/devkitpro/libctru/lib/libctru.a(apt.o)
                0x00106d9c                aptSendCommand
 *fill*         0x00106ed4        0x4 
 .text.aptExitProcess
                0x00106ed8       0x44 /opt/devkitpro/libctru/lib/libctru.a(apt.o)
 .text.aptExit  0x00106f1c      0x394 /opt/devkitpro/libctru/lib/libctru.a(apt.o)
                0x00106f1c                aptExit
 .text.aptHandleSleep
                0x001072b0       0xd8 /opt/devkitpro/libctru/lib/libctru.a(apt.o)
                0x001072b0                aptHandleSleep
 .text.aptHook  0x00107388       0x34 /opt/devkitpro/libctru/lib/libctru.a(apt.o)
                0x00107388                aptHook
 .text.aptUnhook
                0x001073bc       0x30 /opt/devkitpro/libctru/lib/libctru.a(apt.o)
                0x001073bc                aptUnhook
 .text.APT_SleepIfShellClosed
                0x001073ec       0x84 /opt/devkitpro/libctru/lib/libctru.a(apt.o)
                0x001073ec                APT_SleepIfShellClosed
 .text.aptSetSleepAllowed
                0x00107470       0x78 /opt/devkitpro/libctru/lib/libctru.a(apt.o)
                0x00107470                aptSetSleepAllowed
 .text.APT_UnlockTransition
                0x001074e8       0x84 /opt/devkitpro/libctru/lib/libctru.a(apt.o)
                0x001074e8                APT_UnlockTransition
 *fill*         0x0010756c        0x4 
 .text.aptEventHandler
                0x00107570      0x470 /opt/devkitpro/libctru/lib/libctru.a(apt.o)
 .text.APT_ReceiveParameter
                0x001079e0       0xbc /opt/devkitpro/libctru/lib/libctru.a(apt.o)
                0x001079e0                APT_ReceiveParameter
 .text.aptReceiveParameter.constprop.0
                0x00107a9c       0xb0 /opt/devkitpro/libctru/lib/libctru.a(apt.o)
 *fill*         0x00107b4c        0x4 
 .text.aptScreenTransfer
                0x00107b50      0x294 /opt/devkitpro/libctru/lib/libctru.a(apt.o)
 .text.aptWaitForWakeUp.isra.0
                0x00107de4      0x2d0 /opt/devkitpro/libctru/lib/libctru.a(apt.o)
 .text.aptJumpToHomeMenu
                0x001080b4       0xf4 /opt/devkitpro/libctru/lib/libctru.a(apt.o)
                0x001080b4                aptJumpToHomeMenu
 .text.aptMainLoop
                0x001081a8       0x58 /opt/devkitpro/libctru/lib/libctru.a(apt.o)
                0x001081a8                aptMainLoop
 .text.aptInit  0x00108200      0x240 /opt/devkitpro/libctru/lib/libctru.a(apt.o)
                0x00108200                aptInit
 .text.APT_CheckNew3DS
                0x00108440       0x90 /opt/devkitpro/libctru/lib/libctru.a(apt.o)
                0x00108440                APT_CheckNew3DS
 .text.gspHardwareInit
                0x001084d0      0xc70 /opt/devkitpro/libctru/lib/libctru.a(gspgpu.o)
 .text.gspInit  0x00109140      0x288 /opt/devkitpro/libctru/lib/libctru.a(gspgpu.o)
                0x00109140                gspInit
 .text.gspExit  0x001093c8      0x104 /opt/devkitpro/libctru/lib/libctru.a(gspgpu.o)
                0x001093c8                gspExit
 .text.gspHasGpuRight
                0x001094cc       0x10 /opt/devkitpro/libctru/lib/libctru.a(gspgpu.o)
                0x001094cc                gspHasGpuRight
 .text.gspPresentBuffer
                0x001094dc       0xa4 /opt/devkitpro/libctru/lib/libctru.a(gspgpu.o)
                0x001094dc                gspPresentBuffer
 .text.gspSetEventCallback
                0x00109580       0x30 /opt/devkitpro/libctru/lib/libctru.a(gspgpu.o)
                0x00109580                gspSetEventCallback
 .text.gspWaitForEvent
                0x001095b0       0x50 /opt/devkitpro/libctru/lib/libctru.a(gspgpu.o)
                0x001095b0                gspWaitForEvent
 .text.gspWaitForAnyEvent
                0x00109600       0x4c /opt/devkitpro/libctru/lib/libctru.a(gspgpu.o)
                0x00109600                gspWaitForAnyEvent
 .text.gspEventThreadMain
                0x0010964c      0x154 /opt/devkitpro/libctru/lib/libctru.a(gspgpu.o)
 .text.gspSubmitGxCommand
                0x001097a0      0x12c /opt/devkitpro/libctru/lib/libctru.a(gspgpu.o)
                0x001097a0                gspSubmitGxCommand
 .text.GSPGPU_FlushDataCache
                0x001098cc       0x50 /opt/devkitpro/libctru/lib/libctru.a(gspgpu.o)
                0x001098cc                GSPGPU_FlushDataCache
 .text.GSPGPU_SetLcdForceBlack
                0x0010991c       0x34 /opt/devkitpro/libctru/lib/libctru.a(gspgpu.o)
                0x0010991c                GSPGPU_SetLcdForceBlack
 .text.GSPGPU_AcquireRight
                0x00109950       0x84 /opt/devkitpro/libctru/lib/libctru.a(gspgpu.o)
                0x00109950                GSPGPU_AcquireRight
 .text.GSPGPU_ReleaseRight
                0x001099d4       0x64 /opt/devkitpro/libctru/lib/libctru.a(gspgpu.o)
                0x001099d4                GSPGPU_ReleaseRight
 .text.GSPGPU_ImportDisplayCaptureInfo
                0x00109a38       0x7c /opt/devkitpro/libctru/lib/libctru.a(gspgpu.o)
                0x00109a38                GSPGPU_ImportDisplayCaptureInfo
 .text.GSPGPU_SaveVramSysArea
                0x00109ab4       0x2c /opt/devkitpro/libctru/lib/libctru.a(gspgpu.o)
                0x00109ab4                GSPGPU_SaveVramSysArea
 .text.GSPGPU_RestoreVramSysArea
                0x00109ae0       0x2c /opt/devkitpro/libctru/lib/libctru.a(gspgpu.o)
                0x00109ae0                GSPGPU_RestoreVramSysArea
 .text.hidShouldUseIrrst
                0x00109b0c       0x24 /opt/devkitpro/libctru/lib/libctru.a(hid.o)
                0x00109b0c                hidShouldUseIrrst
 .text.hidInit  0x00109b30      0x1cc /opt/devkitpro/libctru/lib/libctru.a(hid.o)
                0x00109b30                hidInit
 .text.hidExit  0x00109cfc       0xe8 /opt/devkitpro/libctru/lib/libctru.a(hid.o)
                0x00109cfc                hidExit
 .text.hidScanInput
                0x00109de4      0x2a0 /opt/devkitpro/libctru/lib/libctru.a(hid.o)
                0x00109de4                hidScanInput
 .text.hidKeysDown
                0x0010a084       0x10 /opt/devkitpro/libctru/lib/libctru.a(hid.o)
                0x0010a084                hidKeysDown
 .text.irrstInit
                0x0010a094      0x1a4 /opt/devkitpro/libctru/lib/libctru.a(irrst.o)
                0x0010a094                irrstInit
 .text.irrstExit
                0x0010a238       0xdc /opt/devkitpro/libctru/lib/libctru.a(irrst.o)
                0x0010a238                irrstExit
 .text.irrstScanInput
                0x0010a314       0xb4 /opt/devkitpro/libctru/lib/libctru.a(irrst.o)
                0x0010a314                irrstScanInput
 .text.irrstKeysHeld
                0x0010a3c8       0x24 /opt/devkitpro/libctru/lib/libctru.a(irrst.o)
                0x0010a3c8                irrstKeysHeld
 .text.ptmSysmInit
                0x0010a3ec       0x78 /opt/devkitpro/libctru/lib/libctru.a(ptmsysm.o)
                0x0010a3ec                ptmSysmInit
 .text.ptmSysmExit
                0x0010a464       0x3c /opt/devkitpro/libctru/lib/libctru.a(ptmsysm.o)
                0x0010a464                ptmSysmExit
 .text.PTMSYSM_ConfigureNew3DSCPU
                0x0010a4a0       0x34 /opt/devkitpro/libctru/lib/libctru.a(ptmsysm.o)
                0x0010a4a0                PTMSYSM_ConfigureNew3DSCPU
 .text.rbtree_find
                0x0010a4d4       0x74 /opt/devkitpro/libctru/lib/libctru.a(rbtree_find.o)
                0x0010a4d4                rbtree_find
 .text.rbtree_init
                0x0010a548       0x10 /opt/devkitpro/libctru/lib/libctru.a(rbtree_init.o)
                0x0010a548                rbtree_init
 .text.do_insert
                0x0010a558      0x198 /opt/devkitpro/libctru/lib/libctru.a(rbtree_insert.o)
 .text.rbtree_insert
                0x0010a6f0        0x8 /opt/devkitpro/libctru/lib/libctru.a(rbtree_insert.o)
                0x0010a6f0                rbtree_insert
 .text.rbtree_remove
                0x0010a6f8      0x310 /opt/devkitpro/libctru/lib/libctru.a(rbtree_remove.o)
                0x0010a6f8                rbtree_remove
 .text.rbtree_rotate
                0x0010aa08       0x90 /opt/devkitpro/libctru/lib/libctru.a(rbtree_rotate.o)
                0x0010aa08                rbtree_rotate
 .text.__system_allocateHeaps
                0x0010aa98      0x1e8 /opt/devkitpro/libctru/lib/libctru.a(allocateHeaps.o)
                0x0010aa98                __system_allocateHeaps
 .text.__libctru_init
                0x0010ac80       0x38 /opt/devkitpro/libctru/lib/libctru.a(ctru_init.o)
                0x0010ac80                __libctru_init
 .text.__system_initArgv
                0x0010acb8      0x16c /opt/devkitpro/libctru/lib/libctru.a(initArgv.o)
                0x0010acb8                __system_initArgv
 .text.__syscall_getreent
                0x0010ae24       0x30 /opt/devkitpro/libctru/lib/libctru.a(syscalls.o)
                0x0010ae24                __syscall_getreent
 .text.__syscall_lock_acquire
                0x0010ae54        0x4 /opt/devkitpro/libctru/lib/libctru.a(syscalls.o)
                0x0010ae54                __syscall_lock_acquire
 .text.__syscall_lock_release
                0x0010ae58        0x4 /opt/devkitpro/libctru/lib/libctru.a(syscalls.o)
                0x0010ae58                __syscall_lock_release
 .text.__syscall_lock_acquire_recursive
                0x0010ae5c        0x4 /opt/devkitpro/libctru/lib/libctru.a(syscalls.o)
                0x0010ae5c                __syscall_lock_acquire_recursive
 .text.__syscall_lock_release_recursive
                0x0010ae60        0x4 /opt/devkitpro/libctru/lib/libctru.a(syscalls.o)
                0x0010ae60                __syscall_lock_release_recursive
 .text.__syscall_exit
                0x0010ae64        0x4 /opt/devkitpro/libctru/lib/libctru.a(syscalls.o)
                0x0010ae64                __syscall_exit
 .text.initThreadVars
                0x0010ae68       0x54 /opt/devkitpro/libctru/lib/libctru.a(syscalls.o)
                0x0010ae68                initThreadVars
 .text.__system_initSyscalls
                0x0010aebc       0x80 /opt/devkitpro/libctru/lib/libctru.a(syscalls.o)
                0x0010aebc                __system_initSyscalls
 .text.svcControlMemory
                0x0010af3c       0x20 /opt/devkitpro/libctru/lib/libctru.a(svc.o)
                0x0010af3c                svcControlMemory
 .text.svcQueryMemory
                0x0010af5c       0x30 /opt/devkitpro/libctru/lib/libctru.a(svc.o)
                0x0010af5c                svcQueryMemory
 .text.svcExitProcess
                0x0010af8c        0x8 /opt/devkitpro/libctru/lib/libctru.a(svc.o)
                0x0010af8c                svcExitProcess
 .text.svcCreateThread
                0x0010af94       0x20 /opt/devkitpro/libctru/lib/libctru.a(svc.o)
                0x0010af94                svcCreateThread
 .text.svcExitThread
                0x0010afb4        0x8 /opt/devkitpro/libctru/lib/libctru.a(svc.o)
                0x0010afb4                svcExitThread
 .text.svcSleepThread
                0x0010afbc        0x8 /opt/devkitpro/libctru/lib/libctru.a(svc.o)
                0x0010afbc                svcSleepThread
 .text.svcReleaseMutex
                0x0010afc4        0x8 /opt/devkitpro/libctru/lib/libctru.a(svc.o)
                0x0010afc4                svcReleaseMutex
 .text.svcCreateEvent
                0x0010afcc       0x14 /opt/devkitpro/libctru/lib/libctru.a(svc.o)
                0x0010afcc                svcCreateEvent
 .text.svcSignalEvent
                0x0010afe0        0x8 /opt/devkitpro/libctru/lib/libctru.a(svc.o)
                0x0010afe0                svcSignalEvent
 .text.svcClearEvent
                0x0010afe8        0x8 /opt/devkitpro/libctru/lib/libctru.a(svc.o)
                0x0010afe8                svcClearEvent
 .text.svcMapMemoryBlock
                0x0010aff0        0x8 /opt/devkitpro/libctru/lib/libctru.a(svc.o)
                0x0010aff0                svcMapMemoryBlock
 .text.svcUnmapMemoryBlock
                0x0010aff8        0x8 /opt/devkitpro/libctru/lib/libctru.a(svc.o)
                0x0010aff8                svcUnmapMemoryBlock
 .text.svcCreateAddressArbiter
                0x0010b000       0x14 /opt/devkitpro/libctru/lib/libctru.a(svc.o)
                0x0010b000                svcCreateAddressArbiter
 .text.svcArbitrateAddressNoTimeout
                0x0010b014        0x8 /opt/devkitpro/libctru/lib/libctru.a(svc.o)
                0x0010b014                svcArbitrateAddressNoTimeout
 .text.svcCloseHandle
                0x0010b01c        0x8 /opt/devkitpro/libctru/lib/libctru.a(svc.o)
                0x0010b01c                svcCloseHandle
 .text.svcWaitSynchronization
                0x0010b024        0x8 /opt/devkitpro/libctru/lib/libctru.a(svc.o)
                0x0010b024                svcWaitSynchronization
 .text.svcWaitSynchronizationN
                0x0010b02c       0x28 /opt/devkitpro/libctru/lib/libctru.a(svc.o)
                0x0010b02c                svcWaitSynchronizationN
 .text.svcDuplicateHandle
                0x0010b054       0x14 /opt/devkitpro/libctru/lib/libctru.a(svc.o)
                0x0010b054                svcDuplicateHandle
 .text.svcGetSystemTick
                0x0010b068        0x8 /opt/devkitpro/libctru/lib/libctru.a(svc.o)
                0x0010b068                svcGetSystemTick
 .text.svcConnectToPort
                0x0010b070       0x14 /opt/devkitpro/libctru/lib/libctru.a(svc.o)
                0x0010b070                svcConnectToPort
 .text.svcSendSyncRequest
                0x0010b084        0x8 /opt/devkitpro/libctru/lib/libctru.a(svc.o)
                0x0010b084                svcSendSyncRequest
 .text.svcGetResourceLimit
                0x0010b08c       0x14 /opt/devkitpro/libctru/lib/libctru.a(svc.o)
                0x0010b08c                svcGetResourceLimit
 .text.svcGetResourceLimitLimitValues
                0x0010b0a0        0x8 /opt/devkitpro/libctru/lib/libctru.a(svc.o)
                0x0010b0a0                svcGetResourceLimitLimitValues
 .text.svcGetResourceLimitCurrentValues
                0x0010b0a8        0x8 /opt/devkitpro/libctru/lib/libctru.a(svc.o)
                0x0010b0a8                svcGetResourceLimitCurrentValues
 .text.svcBreak
                0x0010b0b0        0x8 /opt/devkitpro/libctru/lib/libctru.a(svc.o)
                0x0010b0b0                svcBreak
 .text.initSystem
                0x0010b0b8       0x50 /opt/devkitpro/libctru/lib/libctru.a(stack_adjust.o)
                0x0010b0b8                initSystem
 .text.__ctru_exit
                0x0010b108       0x14 /opt/devkitpro/libctru/lib/libctru.a(stack_adjust.o)
                0x0010b108                __ctru_exit
 .text.envGetHandle
                0x0010b11c       0x8c /opt/devkitpro/libctru/lib/libctru.a(env.o)
                0x0010b11c                envGetHandle
 .text.envDestroyHandles
                0x0010b1a8       0x50 /opt/devkitpro/libctru/lib/libctru.a(env.o)
                0x0010b1a8                envDestroyHandles
 .text.srvInit  0x0010b1f8      0x164 /opt/devkitpro/libctru/lib/libctru.a(srv.o)
                0x0010b1f8                srvInit
 .text.srvExit  0x0010b35c       0x64 /opt/devkitpro/libctru/lib/libctru.a(srv.o)
                0x0010b35c                srvExit
 .text.srvEnableNotification
                0x0010b3c0       0x60 /opt/devkitpro/libctru/lib/libctru.a(srv.o)
                0x0010b3c0                srvEnableNotification
 .text.srvGetServiceHandleDirect
                0x0010b420       0xa0 /opt/devkitpro/libctru/lib/libctru.a(srv.o)
                0x0010b420                srvGetServiceHandleDirect
 .text.srvGetServiceHandle
                0x0010b4c0       0x48 /opt/devkitpro/libctru/lib/libctru.a(srv.o)
                0x0010b4c0                srvGetServiceHandle
 .text.srvSubscribe
                0x0010b508       0x34 /opt/devkitpro/libctru/lib/libctru.a(srv.o)
                0x0010b508                srvSubscribe
 .text.srvReceiveNotification
                0x0010b53c       0x60 /opt/devkitpro/libctru/lib/libctru.a(srv.o)
                0x0010b53c                srvReceiveNotification
 .text.srvPublishToSubscriber
                0x0010b59c       0x38 /opt/devkitpro/libctru/lib/libctru.a(srv.o)
                0x0010b59c                srvPublishToSubscriber
 .text.__sync_init
                0x0010b5d4        0xc /opt/devkitpro/libctru/lib/libctru.a(synchronization.o)
                0x0010b5d4                __sync_init
 .text.__sync_fini
                0x0010b5e0       0x18 /opt/devkitpro/libctru/lib/libctru.a(synchronization.o)
                0x0010b5e0                __sync_fini
 .text.syncArbitrateAddress
                0x0010b5f8       0x28 /opt/devkitpro/libctru/lib/libctru.a(synchronization.o)
                0x0010b5f8                syncArbitrateAddress
 .text.LightLock_Lock
                0x0010b620       0xac /opt/devkitpro/libctru/lib/libctru.a(synchronization.o)
                0x0010b620                LightLock_Lock
 .text.LightLock_Unlock
                0x0010b6cc       0x40 /opt/devkitpro/libctru/lib/libctru.a(synchronization.o)
                0x0010b6cc                LightLock_Unlock
 .text.RecursiveLock_Lock
                0x0010b70c       0x54 /opt/devkitpro/libctru/lib/libctru.a(synchronization.o)
                0x0010b70c                RecursiveLock_Lock
 .text.RecursiveLock_Unlock
                0x0010b760       0x54 /opt/devkitpro/libctru/lib/libctru.a(synchronization.o)
                0x0010b760                RecursiveLock_Unlock
 .text.LightEvent_Init
                0x0010b7b4       0x44 /opt/devkitpro/libctru/lib/libctru.a(synchronization.o)
                0x0010b7b4                LightEvent_Init
 .text.LightEvent_Clear
                0x0010b7f8       0xb8 /opt/devkitpro/libctru/lib/libctru.a(synchronization.o)
                0x0010b7f8                LightEvent_Clear
 .text.LightEvent_Signal
                0x0010b8b0       0xdc /opt/devkitpro/libctru/lib/libctru.a(synchronization.o)
                0x0010b8b0                LightEvent_Signal
 .text.LightEvent_TryWait
                0x0010b98c       0x50 /opt/devkitpro/libctru/lib/libctru.a(synchronization.o)
                0x0010b98c                LightEvent_TryWait
 .text.LightEvent_Wait
                0x0010b9dc       0xac /opt/devkitpro/libctru/lib/libctru.a(synchronization.o)
                0x0010b9dc                LightEvent_Wait
 .text.threadCreate
                0x0010ba88      0x1fc /opt/devkitpro/libctru/lib/libctru.a(thread.o)
                0x0010ba88                threadCreate
 .text.threadFree
                0x0010bc84       0x38 /opt/devkitpro/libctru/lib/libctru.a(thread.o)
                0x0010bc84                threadFree
 .text.threadJoin
                0x0010bcbc       0x24 /opt/devkitpro/libctru/lib/libctru.a(thread.o)
                0x0010bcbc                threadJoin
 .text.threadGetCurrent
                0x0010bce0       0x30 /opt/devkitpro/libctru/lib/libctru.a(thread.o)
                0x0010bce0                threadGetCurrent
 .text.threadExit
                0x0010bd10       0x40 /opt/devkitpro/libctru/lib/libctru.a(thread.o)
                0x0010bd10                threadExit
 .text._thread_begin
                0x0010bd50       0x20 /opt/devkitpro/libctru/lib/libctru.a(thread.o)
 .text.mappableFindAddressWithin
                0x0010bd70       0x90 /opt/devkitpro/libctru/lib/libctru.a(mappable.o)
 .text.mappableInit
                0x0010be00       0x28 /opt/devkitpro/libctru/lib/libctru.a(mappable.o)
                0x0010be00                mappableInit
 .text.mappableAlloc
                0x0010be28       0x7c /opt/devkitpro/libctru/lib/libctru.a(mappable.o)
                0x0010be28                mappableAlloc
 .text.mappableFree
                0x0010bea4        0x4 /opt/devkitpro/libctru/lib/libctru.a(mappable.o)
                0x0010bea4                mappableFree
 .text.srvPmGetSessionHandle
                0x0010bea8        0xc /opt/devkitpro/libctru/lib/libctru.a(srvpm.o)
                0x0010bea8                srvPmGetSessionHandle
 .text.rbtree_node_next
                0x0010beb4       0x60 /opt/devkitpro/libctru/lib/libctru.a(rbtree_iterator.o)
                0x0010beb4                rbtree_node_next
 .text.__appExit
                0x0010bf14       0x30 /opt/devkitpro/libctru/lib/libctru.a(appExit.o)
                0x0010bf14                __appExit
 .text.__appInit
                0x0010bf44       0x30 /opt/devkitpro/libctru/lib/libctru.a(appInit.o)
                0x0010bf44                __appInit
 .text.__libctru_exit
                0x0010bf74       0x90 /opt/devkitpro/libctru/lib/libctru.a(ctru_exit.o)
                0x0010bf74                __libctru_exit
 .text.error_cmp
                0x0010c004       0x24 /opt/devkitpro/libctru/lib/libctru.a(archive_dev.o)
 .text.archive_translate_error
                0x0010c028       0x50 /opt/devkitpro/libctru/lib/libctru.a(archive_dev.o)
 .text.archive_seek
                0x0010c078       0xc0 /opt/devkitpro/libctru/lib/libctru.a(archive_dev.o)
 .text._archiveInit.part.0
                0x0010c138       0x78 /opt/devkitpro/libctru/lib/libctru.a(archive_dev.o)
 .text.archiveFindDevice.part.0
                0x0010c1b0      0x110 /opt/devkitpro/libctru/lib/libctru.a(archive_dev.o)
 .text.archive_utf16path
                0x0010c2c0      0x298 /opt/devkitpro/libctru/lib/libctru.a(archive_dev.o)
 .text._archiveUnmountDeviceStruct.part.0
                0x0010c558       0x98 /opt/devkitpro/libctru/lib/libctru.a(archive_dev.o)
 .text._archiveMountDevice
                0x0010c5f0      0x178 /opt/devkitpro/libctru/lib/libctru.a(archive_dev.o)
 .text.archive_diropen
                0x0010c768       0xf8 /opt/devkitpro/libctru/lib/libctru.a(archive_dev.o)
 .text.archive_fstat
                0x0010c860       0xac /opt/devkitpro/libctru/lib/libctru.a(archive_dev.o)
 .text.archive_fsync
                0x0010c90c       0x74 /opt/devkitpro/libctru/lib/libctru.a(archive_dev.o)
 .text.archive_close
                0x0010c980       0x74 /opt/devkitpro/libctru/lib/libctru.a(archive_dev.o)
 .text.archive_dirclose
                0x0010c9f4       0x78 /opt/devkitpro/libctru/lib/libctru.a(archive_dev.o)
 .text.sdmc_statvfs
                0x0010ca6c       0xec /opt/devkitpro/libctru/lib/libctru.a(archive_dev.o)
 .text.archive_chdir
                0x0010cb58       0xf8 /opt/devkitpro/libctru/lib/libctru.a(archive_dev.o)
 .text.archive_ftruncate
                0x0010cc50       0x8c /opt/devkitpro/libctru/lib/libctru.a(archive_dev.o)
 .text.archive_read
                0x0010ccdc       0xbc /opt/devkitpro/libctru/lib/libctru.a(archive_dev.o)
 .text.archive_unlink
                0x0010cd98       0xa8 /opt/devkitpro/libctru/lib/libctru.a(archive_dev.o)
 .text.archive_rmdir
                0x0010ce40       0xc0 /opt/devkitpro/libctru/lib/libctru.a(archive_dev.o)
 .text.archive_mkdir
                0x0010cf00       0xd8 /opt/devkitpro/libctru/lib/libctru.a(archive_dev.o)
 .text.archive_stat
                0x0010cfd8      0x1a0 /opt/devkitpro/libctru/lib/libctru.a(archive_dev.o)
 .text.archive_dirnext
                0x0010d178      0x164 /opt/devkitpro/libctru/lib/libctru.a(archive_dev.o)
 .text.archive_write
                0x0010d2dc      0x13c /opt/devkitpro/libctru/lib/libctru.a(archive_dev.o)
 .text.archive_open
                0x0010d418      0x254 /opt/devkitpro/libctru/lib/libctru.a(archive_dev.o)
 .text.archive_rename
                0x0010d66c      0x270 /opt/devkitpro/libctru/lib/libctru.a(archive_dev.o)
 .text.archiveMountSdmc
                0x0010d8dc      0x1c8 /opt/devkitpro/libctru/lib/libctru.a(archive_dev.o)
                0x0010d8dc                archiveMountSdmc
 .text.archiveUnmountAll
                0x0010daa4       0x54 /opt/devkitpro/libctru/lib/libctru.a(archive_dev.o)
                0x0010daa4                archiveUnmountAll
 .text.fsInit   0x0010daf8      0x104 /opt/devkitpro/libctru/lib/libctru.a(fs.o)
                0x0010daf8                fsInit
 .text.fsExit   0x0010dbfc       0x3c /opt/devkitpro/libctru/lib/libctru.a(fs.o)
                0x0010dbfc                fsExit
 .text.fsExemptFromSession
                0x0010dc38       0x68 /opt/devkitpro/libctru/lib/libctru.a(fs.o)
                0x0010dc38                fsExemptFromSession
 .text.fsUnexemptFromSession
                0x0010dca0       0x50 /opt/devkitpro/libctru/lib/libctru.a(fs.o)
                0x0010dca0                fsUnexemptFromSession
 .text.FSUSER_OpenFile
                0x0010dcf0       0xcc /opt/devkitpro/libctru/lib/libctru.a(fs.o)
                0x0010dcf0                FSUSER_OpenFile
 .text.FSUSER_DeleteFile
                0x0010ddbc       0xb8 /opt/devkitpro/libctru/lib/libctru.a(fs.o)
                0x0010ddbc                FSUSER_DeleteFile
 .text.FSUSER_RenameFile
                0x0010de74       0xf4 /opt/devkitpro/libctru/lib/libctru.a(fs.o)
                0x0010de74                FSUSER_RenameFile
 .text.FSUSER_DeleteDirectory
                0x0010df68       0xb8 /opt/devkitpro/libctru/lib/libctru.a(fs.o)
                0x0010df68                FSUSER_DeleteDirectory
 .text.FSUSER_CreateFile
                0x0010e020       0xd0 /opt/devkitpro/libctru/lib/libctru.a(fs.o)
                0x0010e020                FSUSER_CreateFile
 .text.FSUSER_CreateDirectory
                0x0010e0f0       0xc0 /opt/devkitpro/libctru/lib/libctru.a(fs.o)
                0x0010e0f0                FSUSER_CreateDirectory
 .text.FSUSER_RenameDirectory
                0x0010e1b0       0xf4 /opt/devkitpro/libctru/lib/libctru.a(fs.o)
                0x0010e1b0                FSUSER_RenameDirectory
 .text.FSUSER_OpenDirectory
                0x0010e2a4       0xb4 /opt/devkitpro/libctru/lib/libctru.a(fs.o)
                0x0010e2a4                FSUSER_OpenDirectory
 .text.FSUSER_OpenArchive
                0x0010e358       0x90 /opt/devkitpro/libctru/lib/libctru.a(fs.o)
                0x0010e358                FSUSER_OpenArchive
 .text.FSUSER_CloseArchive
                0x0010e3e8       0x8c /opt/devkitpro/libctru/lib/libctru.a(fs.o)
                0x0010e3e8                FSUSER_CloseArchive
 .text.FSUSER_GetSdmcArchiveResource
                0x0010e474       0x74 /opt/devkitpro/libctru/lib/libctru.a(fs.o)
                0x0010e474                FSUSER_GetSdmcArchiveResource
 .text.FSUSER_IsSdmcWritable
                0x0010e4e8       0x64 /opt/devkitpro/libctru/lib/libctru.a(fs.o)
                0x0010e4e8                FSUSER_IsSdmcWritable
 .text.FSFILE_Read
                0x0010e54c       0x64 /opt/devkitpro/libctru/lib/libctru.a(fs.o)
                0x0010e54c                FSFILE_Read
 .text.FSFILE_Write
                0x0010e5b0       0x6c /opt/devkitpro/libctru/lib/libctru.a(fs.o)
                0x0010e5b0                FSFILE_Write
 .text.FSFILE_GetSize
                0x0010e61c       0x44 /opt/devkitpro/libctru/lib/libctru.a(fs.o)
                0x0010e61c                FSFILE_GetSize
 .text.FSFILE_SetSize
                0x0010e660       0x28 /opt/devkitpro/libctru/lib/libctru.a(fs.o)
                0x0010e660                FSFILE_SetSize
 .text.FSFILE_Close
                0x0010e688       0x3c /opt/devkitpro/libctru/lib/libctru.a(fs.o)
                0x0010e688                FSFILE_Close
 .text.FSFILE_Flush
                0x0010e6c4       0x24 /opt/devkitpro/libctru/lib/libctru.a(fs.o)
                0x0010e6c4                FSFILE_Flush
 .text.FSDIR_Read
                0x0010e6e8       0x60 /opt/devkitpro/libctru/lib/libctru.a(fs.o)
                0x0010e6e8                FSDIR_Read
 .text.FSDIR_Close
                0x0010e748       0x3c /opt/devkitpro/libctru/lib/libctru.a(fs.o)
                0x0010e748                FSDIR_Close
 .text.decode_utf8
                0x0010e784      0x140 /opt/devkitpro/libctru/lib/libctru.a(decode_utf8.o)
                0x0010e784                decode_utf8
 .text.utf16_to_utf8
                0x0010e8c4       0xe8 /opt/devkitpro/libctru/lib/libctru.a(utf16_to_utf8.o)
                0x0010e8c4                utf16_to_utf8
 .text.utf8_to_utf16
                0x0010e9ac       0xc0 /opt/devkitpro/libctru/lib/libctru.a(utf8_to_utf16.o)
                0x0010e9ac                utf8_to_utf16
 .text.__aeabi_read_tp
                0x0010ea6c        0xc /opt/devkitpro/libctru/lib/libctru.a(readtp.o)
                0x0010ea6c                __aeabi_read_tp
 .text.decode_utf16
                0x0010ea78       0x54 /opt/devkitpro/libctru/lib/libctru.a(decode_utf16.o)
                0x0010ea78                decode_utf16
 .text.encode_utf16
                0x0010eacc       0x54 /opt/devkitpro/libctru/lib/libctru.a(encode_utf16.o)
                0x0010eacc                encode_utf16
 .text.encode_utf8
                0x0010eb20       0xe0 /opt/devkitpro/libctru/lib/libctru.a(encode_utf8.o)
                0x0010eb20                encode_utf8
 .text._ZdlPvj  0x0010ec00        0x4 /opt/devkitpro/devkitARM/lib/gcc/arm-none-eabi/16.1.0/../../../../arm-none-eabi/lib/armv6k/fpu/libstdc++.a(del_ops.o)
                0x0010ec00                operator delete(void*, unsigned int)
 .text._Znwj    0x0010ec04       0x5c /opt/devkitpro/devkitARM/lib/gcc/arm-none-eabi/16.1.0/../../../../arm-none-eabi/lib/armv6k/fpu/libstdc++.a(new_op.o)
                0x0010ec04                operator new(unsigned int)
 .text._ZNKSt9bad_alloc4whatEv
                0x0010ec60        0xc /opt/devkitpro/devkitARM/lib/gcc/arm-none-eabi/16.1.0/../../../../arm-none-eabi/lib/armv6k/fpu/libstdc++.a(bad_alloc.o)
                0x0010ec60                std::bad_alloc::what() const
 .text._ZNSt9bad_allocD2Ev
                0x0010ec6c       0x20 /opt/devkitpro/devkitARM/lib/gcc/arm-none-eabi/16.1.0/../../../../arm-none-eabi/lib/armv6k/fpu/libstdc++.a(bad_alloc.o)
                0x0010ec6c                std::bad_alloc::~bad_alloc()
                0x0010ec6c                std::bad_alloc::~bad_alloc()
 .text._ZNSt9bad_allocD0Ev
                0x0010ec8c       0x2c /opt/devkitpro/devkitARM/lib/gcc/arm-none-eabi/16.1.0/../../../../arm-none-eabi/lib/armv6k/fpu/libstdc++.a(bad_alloc.o)
                0x0010ec8c                std::bad_alloc::~bad_alloc()
 .text._ZdlPv   0x0010ecb8        0x4 /opt/devkitpro/devkitARM/lib/gcc/arm-none-eabi/16.1.0/../../../../arm-none-eabi/lib/armv6k/fpu/libstdc++.a(del_op.o)
                0x0010ecb8                operator delete(void*)
 .text._ZNK9__gnu_cxx24__concurrence_lock_error4whatEv
                0x0010ecbc        0xc /opt/devkitpro/devkitARM/lib/gcc/arm-none-eabi/16.1.0/../../../../arm-none-eabi/lib/armv6k/fpu/libstdc++.a(eh_alloc.o)
                0x0010ecbc                __gnu_cxx::__concurrence_lock_error::what() const
 .text._ZNK9__gnu_cxx26__concurrence_unlock_error4whatEv
                0x0010ecc8        0xc /opt/devkitpro/devkitARM/lib/gcc/arm-none-eabi/16.1.0/../../../../arm-none-eabi/lib/armv6k/fpu/libstdc++.a(eh_alloc.o)
                0x0010ecc8                __gnu_cxx::__concurrence_unlock_error::what() const
 .text._ZN9__gnu_cxx24__concurrence_lock_errorD2Ev
                0x0010ecd4       0x20 /opt/devkitpro/devkitARM/lib/gcc/arm-none-eabi/16.1.0/../../../../arm-none-eabi/lib/armv6k/fpu/libstdc++.a(eh_alloc.o)
                0x0010ecd4                __gnu_cxx::__concurrence_lock_error::~__concurrence_lock_error()
                0x0010ecd4                __gnu_cxx::__concurrence_lock_error::~__concurrence_lock_error()
 .text._ZN9__gnu_cxx24__concurrence_lock_errorD0Ev
                0x0010ecf4       0x2c /opt/devkitpro/devkitARM/lib/gcc/arm-none-eabi/16.1.0/../../../../arm-none-eabi/lib/armv6k/fpu/libstdc++.a(eh_alloc.o)
                0x0010ecf4                __gnu_cxx::__concurrence_lock_error::~__concurrence_lock_error()
 .text._ZN9__gnu_cxx26__concurrence_unlock_errorD2Ev
                0x0010ed20       0x20 /opt/devkitpro/devkitARM/lib/gcc/arm-none-eabi/16.1.0/../../../../arm-none-eabi/lib/armv6k/fpu/libstdc++.a(eh_alloc.o)
                0x0010ed20                __gnu_cxx::__concurrence_unlock_error::~__concurrence_unlock_error()
                0x0010ed20                __gnu_cxx::__concurrence_unlock_error::~__concurrence_unlock_error()
 .text._ZN9__gnu_cxx26__concurrence_unlock_errorD0Ev
                0x0010ed40       0x2c /opt/devkitpro/devkitARM/lib/gcc/arm-none-eabi/16.1.0/../../../../arm-none-eabi/lib/armv6k/fpu/libstdc++.a(eh_alloc.o)
                0x0010ed40                __gnu_cxx::__concurrence_unlock_error::~__concurrence_unlock_error()
 .text.unlikely._ZN9__gnu_cxx30__throw_concurrence_lock_errorEv
                0x0010ed6c       0x2c /opt/devkitpro/devkitARM/lib/gcc/arm-none-eabi/16.1.0/../../../../arm-none-eabi/lib/armv6k/fpu/libstdc++.a(eh_alloc.o)
                0x0010ed6c                __gnu_cxx::__throw_concurrence_lock_error()
 .text.unlikely._ZN9__gnu_cxx32__throw_concurrence_unlock_errorEv
                0x0010ed98       0x2c /opt/devkitpro/devkitARM/lib/gcc/arm-none-eabi/16.1.0/../../../../arm-none-eabi/lib/armv6k/fpu/libstdc++.a(eh_alloc.o)
                0x0010ed98                __gnu_cxx::__throw_concurrence_unlock_error()
 .text._ZN12_GLOBAL__N_14pool4freeEPv.constprop.0
                0x0010edc4       0xf4 /opt/devkitpro/devkitARM/lib/gcc/arm-none-eabi/16.1.0/../../../../arm-none-eabi/lib/armv6k/fpu/libstdc++.a(eh_alloc.o)
 .text._ZN12_GLOBAL__N_14pool8allocateEj.constprop.0
                0x0010eeb8       0xb8 /opt/devkitpro/devkitARM/lib/gcc/arm-none-eabi/16.1.0/../../../../arm-none-eabi/lib/armv6k/fpu/libstdc++.a(eh_alloc.o)
 .text.__cxa_allocate_exception
                0x0010ef70       0x44 /opt/devkitpro/devkitARM/lib/gcc/arm-none-eabi/16.1.0/../../../../arm-none-eabi/lib/armv6k/fpu/libstdc++.a(eh_alloc.o)
                0x0010ef70                __cxa_allocate_exception
 .text.__cxa_free_exception
                0x0010efb4       0x28 /opt/devkitpro/devkitARM/lib/gcc/arm-none-eabi/16.1.0/../../../../arm-none-eabi/lib/armv6k/fpu/libstdc++.a(eh_alloc.o)
                0x0010efb4                __cxa_free_exception
 .text.startup._GLOBAL__sub_I__ZN9__gnu_cxx9__freeresEv
                0x0010efdc      0x1a0 /opt/devkitpro/devkitARM/lib/gcc/arm-none-eabi/16.1.0/../../../../arm-none-eabi/lib/armv6k/fpu/libstdc++.a(eh_alloc.o)
 .text.exit._GLOBAL__sub_D__ZN9__gnu_cxx9__freeresEv
                0x0010f17c       0x18 /opt/devkitpro/devkitARM/lib/gcc/arm-none-eabi/16.1.0/../../../../arm-none-eabi/lib/armv6k/fpu/libstdc++.a(eh_alloc.o)
 .text._ZNSt9exceptionD2Ev
                0x0010f194        0x4 /opt/devkitpro/devkitARM/lib/gcc/arm-none-eabi/16.1.0/../../../../arm-none-eabi/lib/armv6k/fpu/libstdc++.a(eh_exception.o)
                0x0010f194                std::exception::~exception()
                0x0010f194                std::exception::~exception()
 .text._ZNSt13bad_exceptionD2Ev
                0x0010f198        0x4 /opt/devkitpro/devkitARM/lib/gcc/arm-none-eabi/16.1.0/../../../../arm-none-eabi/lib/armv6k/fpu/libstdc++.a(eh_exception.o)
                0x0010f198                std::bad_exception::~bad_exception()
                0x0010f198                std::bad_exception::~bad_exception()
 .text._ZNKSt13bad_exception4whatEv
                0x0010f19c        0xc /opt/devkitpro/devkitARM/lib/gcc/arm-none-eabi/16.1.0/../../../../arm-none-eabi/lib/armv6k/fpu/libstdc++.a(eh_exception.o)
                0x0010f19c                transaction clone for std::bad_exception::what() const
                0x0010f19c                std::bad_exception::what() const
 .text._ZNSt13bad_exceptionD0Ev
                0x0010f1a8       0x20 /opt/devkitpro/devkitARM/lib/gcc/arm-none-eabi/16.1.0/../../../../arm-none-eabi/lib/armv6k/fpu/libstdc++.a(eh_exception.o)
                0x0010f1a8                std::bad_exception::~bad_exception()
 .text._ZL28read_encoded_value_with_basehjPKhPj
                0x0010f1c8      0x150 /opt/devkitpro/devkitARM/lib/gcc/arm-none-eabi/16.1.0/../../../../arm-none-eabi/lib/armv6k/fpu/libstdc++.a(eh_personality.o)
 .text._ZL21base_of_encoded_valuehP15_Unwind_Context
                0x0010f318       0x58 /opt/devkitpro/devkitARM/lib/gcc/arm-none-eabi/16.1.0/../../../../arm-none-eabi/lib/armv6k/fpu/libstdc++.a(eh_personality.o)
 .text._ZL17parse_lsda_headerP15_Unwind_ContextPKhP16lsda_header_info
                0x0010f370       0xf0 /opt/devkitpro/devkitARM/lib/gcc/arm-none-eabi/16.1.0/../../../../arm-none-eabi/lib/armv6k/fpu/libstdc++.a(eh_personality.o)
 .text.__gxx_personality_v0
                0x0010f460      0x74c /opt/devkitpro/devkitARM/lib/gcc/arm-none-eabi/16.1.0/../../../../arm-none-eabi/lib/armv6k/fpu/libstdc++.a(eh_personality.o)
                0x0010f460                __gxx_personality_v0
 .text._ZN10__cxxabiv111__terminateEPFvvE
                0x0010fbac       0x14 /opt/devkitpro/devkitARM/lib/gcc/arm-none-eabi/16.1.0/../../../../arm-none-eabi/lib/armv6k/fpu/libstdc++.a(eh_terminate.o)
                0x0010fbac                __cxxabiv1::__terminate(void (*)())
 .text.unlikely._ZSt9terminatev
                0x0010fbc0       0x18 /opt/devkitpro/devkitARM/lib/gcc/arm-none-eabi/16.1.0/../../../../arm-none-eabi/lib/armv6k/fpu/libstdc++.a(eh_terminate.o)
                0x0010fbc0                std::terminate()
 .text._ZN10__cxxabiv112__unexpectedEPFvvE
                0x0010fbd8        0xc /opt/devkitpro/devkitARM/lib/gcc/arm-none-eabi/16.1.0/../../../../arm-none-eabi/lib/armv6k/fpu/libstdc++.a(eh_terminate.o)
                0x0010fbd8                __cxxabiv1::__unexpected(void (*)())
 .text.unlikely._ZSt10unexpectedv
                0x0010fbe4       0x18 /opt/devkitpro/devkitARM/lib/gcc/arm-none-eabi/16.1.0/../../../../arm-none-eabi/lib/armv6k/fpu/libstdc++.a(eh_terminate.o)
                0x0010fbe4                std::unexpected()
 .text._ZSt13get_terminatev
                0x0010fbfc       0x14 /opt/devkitpro/devkitARM/lib/gcc/arm-none-eabi/16.1.0/../../../../arm-none-eabi/lib/armv6k/fpu/libstdc++.a(eh_terminate.o)
                0x0010fbfc                std::get_terminate()
 .text._ZSt14get_unexpectedv
                0x0010fc10       0x14 /opt/devkitpro/devkitARM/lib/gcc/arm-none-eabi/16.1.0/../../../../arm-none-eabi/lib/armv6k/fpu/libstdc++.a(eh_terminate.o)
                0x0010fc10                std::get_unexpected()
 .text._ZL23__gxx_exception_cleanup19_Unwind_Reason_CodeP21_Unwind_Control_Block
                0x0010fc24       0x70 /opt/devkitpro/devkitARM/lib/gcc/arm-none-eabi/16.1.0/../../../../arm-none-eabi/lib/armv6k/fpu/libstdc++.a(eh_throw.o)
 .text.__cxa_throw
                0x0010fc94       0x80 /opt/devkitpro/devkitARM/lib/gcc/arm-none-eabi/16.1.0/../../../../arm-none-eabi/lib/armv6k/fpu/libstdc++.a(eh_throw.o)
                0x0010fc94                __cxa_throw
 .text.__cxa_rethrow
                0x0010fd14       0xb0 /opt/devkitpro/devkitARM/lib/gcc/arm-none-eabi/16.1.0/../../../../arm-none-eabi/lib/armv6k/fpu/libstdc++.a(eh_throw.o)
                0x0010fd14                __cxa_rethrow
 .text._ZSt15get_new_handlerv
                0x0010fdc4       0x14 /opt/devkitpro/devkitARM/lib/gcc/arm-none-eabi/16.1.0/../../../../arm-none-eabi/lib/armv6k/fpu/libstdc++.a(new_handler.o)
                0x0010fdc4                std::get_new_handler()
 .text._ZN10__cxxabiv120__si_class_type_infoD2Ev
                0x0010fdd8       0x20 /opt/devkitpro/devkitARM/lib/gcc/arm-none-eabi/16.1.0/../../../../arm-none-eabi/lib/armv6k/fpu/libstdc++.a(si_class_type_info.o)
                0x0010fdd8                __cxxabiv1::__si_class_type_info::~__si_class_type_info()
                0x0010fdd8                __cxxabiv1::__si_class_type_info::~__si_class_type_info()
 .text._ZN10__cxxabiv120__si_class_type_infoD0Ev
                0x0010fdf8       0x2c /opt/devkitpro/devkitARM/lib/gcc/arm-none-eabi/16.1.0/../../../../arm-none-eabi/lib/armv6k/fpu/libstdc++.a(si_class_type_info.o)
                0x0010fdf8                __cxxabiv1::__si_class_type_info::~__si_class_type_info()
 .text._ZNK10__cxxabiv120__si_class_type_info20__do_find_public_srcEiPKvPKNS_17__class_type_infoES2_
                0x0010fe24       0x6c /opt/devkitpro/devkitARM/lib/gcc/arm-none-eabi/16.1.0/../../../../arm-none-eabi/lib/armv6k/fpu/libstdc++.a(si_class_type_info.o)
                0x0010fe24                __cxxabiv1::__si_class_type_info::__do_find_public_src(int, void const*, __cxxabiv1::__class_type_info const*, void const*) const
 .text._ZNK10__cxxabiv120__si_class_type_info12__do_dyncastEiNS_17__class_type_info10__sub_kindEPKS1_PKvS4_S6_RNS1_16__dyncast_resultE
                0x0010fe90       0xe4 /opt/devkitpro/devkitARM/lib/gcc/arm-none-eabi/16.1.0/../../../../arm-none-eabi/lib/armv6k/fpu/libstdc++.a(si_class_type_info.o)
                0x0010fe90                __cxxabiv1::__si_class_type_info::__do_dyncast(int, __cxxabiv1::__class_type_info::__sub_kind, __cxxabiv1::__class_type_info const*, void const*, __cxxabiv1::__class_type_info const*, void const*, __cxxabiv1::__class_type_info::__dyncast_result&) const
 .text._ZNK10__cxxabiv120__si_class_type_info11__do_upcastEPKNS_17__class_type_infoEPKvRNS1_15__upcast_resultE
                0x0010ff74       0x44 /opt/devkitpro/devkitARM/lib/gcc/arm-none-eabi/16.1.0/../../../../arm-none-eabi/lib/armv6k/fpu/libstdc++.a(si_class_type_info.o)
                0x0010ff74                __cxxabiv1::__si_class_type_info::__do_upcast(__cxxabiv1::__class_type_info const*, void const*, __cxxabiv1::__class_type_info::__upcast_result&) const
 .text._ZNSt9type_infoD2Ev
                0x0010ffb8        0x4 /opt/devkitpro/devkitARM/lib/gcc/arm-none-eabi/16.1.0/../../../../arm-none-eabi/lib/armv6k/fpu/libstdc++.a(tinfo.o)
                0x0010ffb8                std::type_info::~type_info()
                0x0010ffb8                std::type_info::~type_info()
 .text._ZNKSt9type_info14__is_pointer_pEv
                0x0010ffbc        0x8 /opt/devkitpro/devkitARM/lib/gcc/arm-none-eabi/16.1.0/../../../../arm-none-eabi/lib/armv6k/fpu/libstdc++.a(tinfo.o)
                0x0010ffbc                std::type_info::__is_function_p() const
                0x0010ffbc                std::type_info::__is_pointer_p() const
 .text._ZNKSt9type_infoeqERKS_
                0x0010ffc4       0x4c /opt/devkitpro/devkitARM/lib/gcc/arm-none-eabi/16.1.0/../../../../arm-none-eabi/lib/armv6k/fpu/libstdc++.a(tinfo.o)
                0x0010ffc4                std::type_info::__equal(std::type_info const&) const
                0x0010ffc4                std::type_info::operator==(std::type_info const&) const
 .text._ZNK10__cxxabiv117__class_type_info20__do_find_public_srcEiPKvPKS0_S2_
                0x00110010       0x14 /opt/devkitpro/devkitARM/lib/gcc/arm-none-eabi/16.1.0/../../../../arm-none-eabi/lib/armv6k/fpu/libstdc++.a(class_type_info.o)
                0x00110010                __cxxabiv1::__class_type_info::__do_find_public_src(int, void const*, __cxxabiv1::__class_type_info const*, void const*) const
 .text._ZN10__cxxabiv117__class_type_infoD2Ev
                0x00110024       0x20 /opt/devkitpro/devkitARM/lib/gcc/arm-none-eabi/16.1.0/../../../../arm-none-eabi/lib/armv6k/fpu/libstdc++.a(class_type_info.o)
                0x00110024                __cxxabiv1::__class_type_info::~__class_type_info()
                0x00110024                __cxxabiv1::__class_type_info::~__class_type_info()
 .text._ZN10__cxxabiv117__class_type_infoD0Ev
                0x00110044       0x2c /opt/devkitpro/devkitARM/lib/gcc/arm-none-eabi/16.1.0/../../../../arm-none-eabi/lib/armv6k/fpu/libstdc++.a(class_type_info.o)
                0x00110044                __cxxabiv1::__class_type_info::~__class_type_info()
 .text._ZNK10__cxxabiv117__class_type_info12__do_dyncastEiNS0_10__sub_kindEPKS0_PKvS3_S5_RNS0_16__dyncast_resultE
                0x00110070       0x84 /opt/devkitpro/devkitARM/lib/gcc/arm-none-eabi/16.1.0/../../../../arm-none-eabi/lib/armv6k/fpu/libstdc++.a(class_type_info.o)
                0x00110070                __cxxabiv1::__class_type_info::__do_dyncast(int, __cxxabiv1::__class_type_info::__sub_kind, __cxxabiv1::__class_type_info const*, void const*, __cxxabiv1::__class_type_info const*, void const*, __cxxabiv1::__class_type_info::__dyncast_result&) const
 .text._ZNK10__cxxabiv117__class_type_info11__do_upcastEPKS0_PKvRNS0_15__upcast_resultE
                0x001100f4       0x38 /opt/devkitpro/devkitARM/lib/gcc/arm-none-eabi/16.1.0/../../../../arm-none-eabi/lib/armv6k/fpu/libstdc++.a(class_type_info.o)
                0x001100f4                __cxxabiv1::__class_type_info::__do_upcast(__cxxabiv1::__class_type_info const*, void const*, __cxxabiv1::__class_type_info::__upcast_result&) const
 .text._ZNK10__cxxabiv117__class_type_info11__do_upcastEPKS0_PPv
                0x0011012c       0x90 /opt/devkitpro/devkitARM/lib/gcc/arm-none-eabi/16.1.0/../../../../arm-none-eabi/lib/armv6k/fpu/libstdc++.a(class_type_info.o)
                0x0011012c                __cxxabiv1::__class_type_info::__do_upcast(__cxxabiv1::__class_type_info const*, void**) const
 .text._ZNK10__cxxabiv117__class_type_info10__do_catchEPKSt9type_infoPPvj
                0x001101bc       0x5c /opt/devkitpro/devkitARM/lib/gcc/arm-none-eabi/16.1.0/../../../../arm-none-eabi/lib/armv6k/fpu/libstdc++.a(class_type_info.o)
                0x001101bc                __cxxabiv1::__class_type_info::__do_catch(std::type_info const*, void**, unsigned int) const
 .text.__cxa_end_cleanup
                0x00110218       0x10 /opt/devkitpro/devkitARM/lib/gcc/arm-none-eabi/16.1.0/../../../../arm-none-eabi/lib/armv6k/fpu/libstdc++.a(eh_arm.o)
                0x00110218                __cxa_end_cleanup
 .text.__cxa_type_match
                0x00110228      0x138 /opt/devkitpro/devkitARM/lib/gcc/arm-none-eabi/16.1.0/../../../../arm-none-eabi/lib/armv6k/fpu/libstdc++.a(eh_arm.o)
                0x00110228                __cxa_type_match
 .text.__cxa_begin_cleanup
                0x00110360       0xb4 /opt/devkitpro/devkitARM/lib/gcc/arm-none-eabi/16.1.0/../../../../arm-none-eabi/lib/armv6k/fpu/libstdc++.a(eh_arm.o)
                0x00110360                __cxa_begin_cleanup
 .text.__gnu_end_cleanup
                0x00110414       0xb0 /opt/devkitpro/devkitARM/lib/gcc/arm-none-eabi/16.1.0/../../../../arm-none-eabi/lib/armv6k/fpu/libstdc++.a(eh_arm.o)
                0x00110414                __gnu_end_cleanup
 .text.unlikely._ZN10__cxxabiv1L24__is_gxx_exception_classEPc
                0x001104c4       0x70 /opt/devkitpro/devkitARM/lib/gcc/arm-none-eabi/16.1.0/../../../../arm-none-eabi/lib/armv6k/fpu/libstdc++.a(eh_call.o)
 .text.unlikely.__cxa_call_terminate
                0x00110534       0x2c /opt/devkitpro/devkitARM/lib/gcc/arm-none-eabi/16.1.0/../../../../arm-none-eabi/lib/armv6k/fpu/libstdc++.a(eh_call.o)
                0x00110534                __cxa_call_terminate
 .text.unlikely.__cxa_call_unexpected
                0x00110560      0x14c /opt/devkitpro/devkitARM/lib/gcc/arm-none-eabi/16.1.0/../../../../arm-none-eabi/lib/armv6k/fpu/libstdc++.a(eh_call.o)
                0x00110560                __cxa_call_unexpected
 .text.__cxa_begin_catch
                0x001106ac       0xe0 /opt/devkitpro/devkitARM/lib/gcc/arm-none-eabi/16.1.0/../../../../arm-none-eabi/lib/armv6k/fpu/libstdc++.a(eh_catch.o)
                0x001106ac                __cxa_begin_catch
 .text.__cxa_end_catch
                0x0011078c       0xe0 /opt/devkitpro/devkitARM/lib/gcc/arm-none-eabi/16.1.0/../../../../arm-none-eabi/lib/armv6k/fpu/libstdc++.a(eh_catch.o)
                0x0011078c                __cxa_end_catch
 .text._ZL15eh_globals_dtorPv
                0x0011086c       0x38 /opt/devkitpro/devkitARM/lib/gcc/arm-none-eabi/16.1.0/../../../../arm-none-eabi/lib/armv6k/fpu/libstdc++.a(eh_globals.o)
 .text.__cxa_get_globals_fast
                0x001108a4       0x38 /opt/devkitpro/devkitARM/lib/gcc/arm-none-eabi/16.1.0/../../../../arm-none-eabi/lib/armv6k/fpu/libstdc++.a(eh_globals.o)
                0x001108a4                __cxa_get_globals_fast
 .text.__cxa_get_globals
                0x001108dc       0x90 /opt/devkitpro/devkitARM/lib/gcc/arm-none-eabi/16.1.0/../../../../arm-none-eabi/lib/armv6k/fpu/libstdc++.a(eh_globals.o)
                0x001108dc                __cxa_get_globals
 .text.startup._GLOBAL__sub_I__ZN17__eh_globals_init7_S_initE
                0x0011096c       0x30 /opt/devkitpro/devkitARM/lib/gcc/arm-none-eabi/16.1.0/../../../../arm-none-eabi/lib/armv6k/fpu/libstdc++.a(eh_globals.o)
 .text.exit._GLOBAL__sub_D__ZN17__eh_globals_init7_S_initE
                0x0011099c       0x34 /opt/devkitpro/devkitARM/lib/gcc/arm-none-eabi/16.1.0/../../../../arm-none-eabi/lib/armv6k/fpu/libstdc++.a(eh_globals.o)
 .text.selfrel_offset31
                0x001109d0       0x18 /opt/devkitpro/devkitARM/lib/gcc/arm-none-eabi/16.1.0/armv6k/fpu/libgcc.a(unwind-arm.o)
 .text.search_EIT_table
                0x001109e8       0x90 /opt/devkitpro/devkitARM/lib/gcc/arm-none-eabi/16.1.0/armv6k/fpu/libgcc.a(unwind-arm.o)
 .text.__gnu_unwind_get_pr_addr
                0x00110a78       0x40 /opt/devkitpro/devkitARM/lib/gcc/arm-none-eabi/16.1.0/armv6k/fpu/libgcc.a(unwind-arm.o)
 .text.get_eit_entry
                0x00110ab8      0x110 /opt/devkitpro/devkitARM/lib/gcc/arm-none-eabi/16.1.0/armv6k/fpu/libgcc.a(unwind-arm.o)
 .text.restore_non_core_regs
                0x00110bc8       0x88 /opt/devkitpro/devkitARM/lib/gcc/arm-none-eabi/16.1.0/armv6k/fpu/libgcc.a(unwind-arm.o)
 .text._Unwind_decode_typeinfo_ptr.constprop.0
                0x00110c50       0x14 /opt/devkitpro/devkitARM/lib/gcc/arm-none-eabi/16.1.0/armv6k/fpu/libgcc.a(unwind-arm.o)
 .text._Unwind_DebugHook
                0x00110c64        0x4 /opt/devkitpro/devkitARM/lib/gcc/arm-none-eabi/16.1.0/armv6k/fpu/libgcc.a(unwind-arm.o)
 .text.unwind_phase2
                0x00110c68       0x64 /opt/devkitpro/devkitARM/lib/gcc/arm-none-eabi/16.1.0/armv6k/fpu/libgcc.a(unwind-arm.o)
 .text.unwind_phase2_forced
                0x00110ccc      0x13c /opt/devkitpro/devkitARM/lib/gcc/arm-none-eabi/16.1.0/armv6k/fpu/libgcc.a(unwind-arm.o)
 .text.__gnu_Unwind_RaiseException
                0x00110e08       0xa4 /opt/devkitpro/devkitARM/lib/gcc/arm-none-eabi/16.1.0/armv6k/fpu/libgcc.a(unwind-arm.o)
                0x00110e08                __gnu_Unwind_RaiseException
 .text.__gnu_Unwind_ForcedUnwind
                0x00110eac       0x20 /opt/devkitpro/devkitARM/lib/gcc/arm-none-eabi/16.1.0/armv6k/fpu/libgcc.a(unwind-arm.o)
                0x00110eac                __gnu_Unwind_ForcedUnwind
 .text.__gnu_Unwind_Resume
                0x00110ecc       0x74 /opt/devkitpro/devkitARM/lib/gcc/arm-none-eabi/16.1.0/armv6k/fpu/libgcc.a(unwind-arm.o)
                0x00110ecc                __gnu_Unwind_Resume
 .text.__gnu_Unwind_Resume_or_Rethrow
                0x00110f40       0x20 /opt/devkitpro/devkitARM/lib/gcc/arm-none-eabi/16.1.0/armv6k/fpu/libgcc.a(unwind-arm.o)
                0x00110f40                __gnu_Unwind_Resume_or_Rethrow
 .text._Unwind_Complete
                0x00110f60        0x4 /opt/devkitpro/devkitARM/lib/gcc/arm-none-eabi/16.1.0/armv6k/fpu/libgcc.a(unwind-arm.o)
                0x00110f60                _Unwind_Complete
 .text._Unwind_DeleteException
                0x00110f64       0x18 /opt/devkitpro/devkitARM/lib/gcc/arm-none-eabi/16.1.0/armv6k/fpu/libgcc.a(unwind-arm.o)
                0x00110f64                _Unwind_DeleteException
 .text._Unwind_VRS_Get
                0x00110f7c       0x7c /opt/devkitpro/devkitARM/lib/gcc/arm-none-eabi/16.1.0/armv6k/fpu/libgcc.a(unwind-arm.o)
                0x00110f7c                _Unwind_VRS_Get
 .text._Unwind_GetGR
                0x00110ff8       0x2c /opt/devkitpro/devkitARM/lib/gcc/arm-none-eabi/16.1.0/armv6k/fpu/libgcc.a(unwind-arm.o)
 .text._Unwind_VRS_Set
                0x00111024       0x7c /opt/devkitpro/devkitARM/lib/gcc/arm-none-eabi/16.1.0/armv6k/fpu/libgcc.a(unwind-arm.o)
                0x00111024                _Unwind_VRS_Set
 .text._Unwind_SetGR
                0x001110a0       0x2c /opt/devkitpro/devkitARM/lib/gcc/arm-none-eabi/16.1.0/armv6k/fpu/libgcc.a(unwind-arm.o)
 .text.__gnu_Unwind_Backtrace
                0x001110cc       0xc0 /opt/devkitpro/devkitARM/lib/gcc/arm-none-eabi/16.1.0/armv6k/fpu/libgcc.a(unwind-arm.o)
                0x001110cc                __gnu_Unwind_Backtrace
 .text.__gnu_unwind_pr_common
                0x0011118c      0x404 /opt/devkitpro/devkitARM/lib/gcc/arm-none-eabi/16.1.0/armv6k/fpu/libgcc.a(unwind-arm.o)
 .text.__aeabi_unwind_cpp_pr0
                0x00111590        0x8 /opt/devkitpro/devkitARM/lib/gcc/arm-none-eabi/16.1.0/armv6k/fpu/libgcc.a(unwind-arm.o)
                0x00111590                __aeabi_unwind_cpp_pr0
 .text.__aeabi_unwind_cpp_pr1
                0x00111598        0x8 /opt/devkitpro/devkitARM/lib/gcc/arm-none-eabi/16.1.0/armv6k/fpu/libgcc.a(unwind-arm.o)
                0x00111598                __aeabi_unwind_cpp_pr1
 .text.__aeabi_unwind_cpp_pr2
                0x001115a0        0x8 /opt/devkitpro/devkitARM/lib/gcc/arm-none-eabi/16.1.0/armv6k/fpu/libgcc.a(unwind-arm.o)
                0x001115a0                __aeabi_unwind_cpp_pr2
 .text._Unwind_VRS_Pop
                0x001115a8      0x454 /opt/devkitpro/devkitARM/lib/gcc/arm-none-eabi/16.1.0/armv6k/fpu/libgcc.a(unwind-arm.o)
                0x001115a8                _Unwind_VRS_Pop
 .text.next_unwind_byte
                0x001119fc       0x64 /opt/devkitpro/devkitARM/lib/gcc/arm-none-eabi/16.1.0/armv6k/fpu/libgcc.a(pr-support.o)
 .text._Unwind_GetGR.constprop.0
                0x00111a60       0x2c /opt/devkitpro/devkitARM/lib/gcc/arm-none-eabi/16.1.0/armv6k/fpu/libgcc.a(pr-support.o)
 .text.unwind_UCB_from_context
                0x00111a8c        0x4 /opt/devkitpro/devkitARM/lib/gcc/arm-none-eabi/16.1.0/armv6k/fpu/libgcc.a(pr-support.o)
 .text.__gnu_unwind_execute
                0x00111a90      0x46c /opt/devkitpro/devkitARM/lib/gcc/arm-none-eabi/16.1.0/armv6k/fpu/libgcc.a(pr-support.o)
                0x00111a90                __gnu_unwind_execute
 .text.__gnu_unwind_frame
                0x00111efc       0x48 /opt/devkitpro/devkitARM/lib/gcc/arm-none-eabi/16.1.0/armv6k/fpu/libgcc.a(pr-support.o)
                0x00111efc                __gnu_unwind_frame
 .text._Unwind_GetRegionStart
                0x00111f44       0x10 /opt/devkitpro/devkitARM/lib/gcc/arm-none-eabi/16.1.0/armv6k/fpu/libgcc.a(pr-support.o)
                0x00111f44                _Unwind_GetRegionStart
 .text._Unwind_GetLanguageSpecificData
                0x00111f54       0x1c /opt/devkitpro/devkitARM/lib/gcc/arm-none-eabi/16.1.0/armv6k/fpu/libgcc.a(pr-support.o)
                0x00111f54                _Unwind_GetLanguageSpecificData
 .text.unlikely._Unwind_GetDataRelBase
                0x00111f70        0x8 /opt/devkitpro/devkitARM/lib/gcc/arm-none-eabi/16.1.0/armv6k/fpu/libgcc.a(pr-support.o)
                0x00111f70                _Unwind_GetDataRelBase
 .text.unlikely._Unwind_GetTextRelBase
                0x00111f78        0x8 /opt/devkitpro/devkitARM/lib/gcc/arm-none-eabi/16.1.0/armv6k/fpu/libgcc.a(pr-support.o)
                0x00111f78                _Unwind_GetTextRelBase
 .text.strncat  0x00111f80       0xe4 /opt/devkitpro/devkitARM/lib/gcc/arm-none-eabi/16.1.0/../../../../arm-none-eabi/lib/armv6k/fpu/libc.a(libc_a-strncat.o)
                0x00111f80                strncat
 .text.getenv   0x00112064       0x24 /opt/devkitpro/devkitARM/lib/gcc/arm-none-eabi/16.1.0/../../../../arm-none-eabi/lib/armv6k/fpu/libc.a(libc_a-getenv.o)
                0x00112064                getenv
 .text.memcpy   0x00112088      0x128 /opt/devkitpro/devkitARM/lib/gcc/arm-none-eabi/16.1.0/../../../../arm-none-eabi/lib/armv6k/fpu/libc.a(libc_a-memcpy-stub.o)
                0x00112088                memcpy
 .text.strlen   0x001121b0       0x8c /opt/devkitpro/devkitARM/lib/gcc/arm-none-eabi/16.1.0/../../../../arm-none-eabi/lib/armv6k/fpu/libc.a(libc_a-strlen.o)
                0x001121b0                strlen
 .text.bsearch  0x0011223c       0x78 /opt/devkitpro/devkitARM/lib/gcc/arm-none-eabi/16.1.0/../../../../arm-none-eabi/lib/armv6k/fpu/libc.a(libc_a-bsearch.o)
                0x0011223c                bsearch
 .text.memalign
                0x001122b4       0x28 /opt/devkitpro/devkitARM/lib/gcc/arm-none-eabi/16.1.0/../../../../arm-none-eabi/lib/armv6k/fpu/libc.a(libc_a-malign.o)
                0x001122b4                memalign
 .text._strtoul_l.isra.0
                0x001122dc      0x1ec /opt/devkitpro/devkitARM/lib/gcc/arm-none-eabi/16.1.0/../../../../arm-none-eabi/lib/armv6k/fpu/libc.a(libc_a-strtoul.o)
 .text.strtoul  0x001124c8       0x3c /opt/devkitpro/devkitARM/lib/gcc/arm-none-eabi/16.1.0/../../../../arm-none-eabi/lib/armv6k/fpu/libc.a(libc_a-strtoul.o)
                0x001124c8                strtoul
 .text.strchr   0x00112504      0x140 /opt/devkitpro/devkitARM/lib/gcc/arm-none-eabi/16.1.0/../../../../arm-none-eabi/lib/armv6k/fpu/libc.a(libc_a-strchr.o)
                0x00112504                strchr
 .text.memcmp   0x00112644       0xd8 /opt/devkitpro/devkitARM/lib/gcc/arm-none-eabi/16.1.0/../../../../arm-none-eabi/lib/armv6k/fpu/libc.a(libc_a-memcmp.o)
                0x00112644                memcmp
 .text.calloc   0x0011271c       0x28 /opt/devkitpro/devkitARM/lib/gcc/arm-none-eabi/16.1.0/../../../../arm-none-eabi/lib/armv6k/fpu/libc.a(libc_a-calloc.o)
                0x0011271c                calloc
 .text._memalign_r
                0x00112744      0x16c /opt/devkitpro/devkitARM/lib/gcc/arm-none-eabi/16.1.0/../../../../arm-none-eabi/lib/armv6k/fpu/libc.a(libc_a-malignr.o)
                0x00112744                _memalign_r
 .text.__errno  0x001128b0        0xc /opt/devkitpro/devkitARM/lib/gcc/arm-none-eabi/16.1.0/../../../../arm-none-eabi/lib/armv6k/fpu/libc.a(libc_a-errno.o)
                0x001128b0                __errno
 .text.abort    0x001128bc       0x14 /opt/devkitpro/devkitARM/lib/gcc/arm-none-eabi/16.1.0/../../../../arm-none-eabi/lib/armv6k/fpu/libc.a(libc_a-abort.o)
                0x001128bc                abort
 .text.memset   0x001128d0       0xe4 /opt/devkitpro/devkitARM/lib/gcc/arm-none-eabi/16.1.0/../../../../arm-none-eabi/lib/armv6k/fpu/libc.a(libc_a-memset.o)
                0x001128d0                memset
 .text._calloc_r
                0x001129b4       0xd8 /opt/devkitpro/devkitARM/lib/gcc/arm-none-eabi/16.1.0/../../../../arm-none-eabi/lib/armv6k/fpu/libc.a(libc_a-callocr.o)
                0x001129b4                _calloc_r
 .text._malloc_r
                0x00112a8c      0x82c /opt/devkitpro/devkitARM/lib/gcc/arm-none-eabi/16.1.0/../../../../arm-none-eabi/lib/armv6k/fpu/libc.a(libc_a-mallocr.o)
                0x00112a8c                _malloc_r
 .text._malloc_trim_r
                0x001132b8      0x114 /opt/devkitpro/devkitARM/lib/gcc/arm-none-eabi/16.1.0/../../../../arm-none-eabi/lib/armv6k/fpu/libc.a(libc_a-freer.o)
                0x001132b8                _malloc_trim_r
 .text._free_r  0x001133cc      0x314 /opt/devkitpro/devkitARM/lib/gcc/arm-none-eabi/16.1.0/../../../../arm-none-eabi/lib/armv6k/fpu/libc.a(libc_a-freer.o)
                0x001133cc                _free_r
 .text.__libc_init_array
                0x001136e0       0x84 /opt/devkitpro/devkitARM/lib/gcc/arm-none-eabi/16.1.0/../../../../arm-none-eabi/lib/armv6k/fpu/libc.a(libc_a-init.o)
                0x001136e0                __libc_init_array
 .text.strncpy  0x00113764       0xd4 /opt/devkitpro/devkitARM/lib/gcc/arm-none-eabi/16.1.0/../../../../arm-none-eabi/lib/armv6k/fpu/libc.a(libc_a-strncpy.o)
                0x00113764                strncpy
 .text.malloc   0x00113838       0x40 /opt/devkitpro/devkitARM/lib/gcc/arm-none-eabi/16.1.0/../../../../arm-none-eabi/lib/armv6k/fpu/libc.a(libc_a-malloc.o)
                0x00113838                malloc
 .text.free     0x00113878       0x20 /opt/devkitpro/devkitARM/lib/gcc/arm-none-eabi/16.1.0/../../../../arm-none-eabi/lib/armv6k/fpu/libc.a(libc_a-malloc.o)
                0x00113878                free
 .text._findenv_r
                0x00113898       0xdc /opt/devkitpro/devkitARM/lib/gcc/arm-none-eabi/16.1.0/../../../../arm-none-eabi/lib/armv6k/fpu/libc.a(libc_a-getenv_r.o)
                0x00113898                _findenv_r
 .text.__malloc_lock
                0x00113974        0xc /opt/devkitpro/devkitARM/lib/gcc/arm-none-eabi/16.1.0/../../../../arm-none-eabi/lib/armv6k/fpu/libc.a(libc_a-mlock.o)
                0x00113974                __malloc_lock
 .text.__malloc_unlock
                0x00113980        0xc /opt/devkitpro/devkitARM/lib/gcc/arm-none-eabi/16.1.0/../../../../arm-none-eabi/lib/armv6k/fpu/libc.a(libc_a-mlock.o)
                0x00113980                __malloc_unlock
 .text.__call_exitprocs
                0x0011398c        0x4 /opt/devkitpro/devkitARM/lib/gcc/arm-none-eabi/16.1.0/../../../../arm-none-eabi/lib/armv6k/fpu/libc.a(libc_a-exit.o)
                0x0011398c                __call_exitprocs
 .text.exit     0x00113990       0x30 /opt/devkitpro/devkitARM/lib/gcc/arm-none-eabi/16.1.0/../../../../arm-none-eabi/lib/armv6k/fpu/libc.a(libc_a-exit.o)
                0x00113990                exit
 .text.__libc_fini_array
                0x001139c0       0x3c /opt/devkitpro/devkitARM/lib/gcc/arm-none-eabi/16.1.0/../../../../arm-none-eabi/lib/armv6k/fpu/libc.a(libc_a-fini.o)
                0x001139c0                __libc_fini_array
 .text.strnlen  0x001139fc       0x3c /opt/devkitpro/devkitARM/lib/gcc/arm-none-eabi/16.1.0/../../../../arm-none-eabi/lib/armv6k/fpu/libc.a(libc_a-strnlen.o)
                0x001139fc                strnlen
 .text.strncmp  0x00113a38       0xd8 /opt/devkitpro/devkitARM/lib/gcc/arm-none-eabi/16.1.0/../../../../arm-none-eabi/lib/armv6k/fpu/libc.a(libc_a-strncmp.o)
                0x00113a38                strncmp
 .text.__env_lock
                0x00113b10        0xc /opt/devkitpro/devkitARM/lib/gcc/arm-none-eabi/16.1.0/../../../../arm-none-eabi/lib/armv6k/fpu/libc.a(libc_a-envlock.o)
                0x00113b10                __env_lock
 .text.__env_unlock
                0x00113b1c        0xc /opt/devkitpro/devkitARM/lib/gcc/arm-none-eabi/16.1.0/../../../../arm-none-eabi/lib/armv6k/fpu/libc.a(libc_a-envlock.o)
                0x00113b1c                __env_unlock
 .text._raise_r
                0x00113b28       0x9c /opt/devkitpro/devkitARM/lib/gcc/arm-none-eabi/16.1.0/../../../../arm-none-eabi/lib/armv6k/fpu/libc.a(libc_a-signal.o)
                0x00113b28                _raise_r
 .text.raise    0x00113bc4       0x20 /opt/devkitpro/devkitARM/lib/gcc/arm-none-eabi/16.1.0/../../../../arm-none-eabi/lib/armv6k/fpu/libc.a(libc_a-signal.o)
                0x00113bc4                raise
 .text._exit    0x00113be4       0x20 /opt/devkitpro/devkitARM/lib/gcc/arm-none-eabi/16.1.0/../../../../arm-none-eabi/lib/armv6k/fpu/libsysbase.a(libsysbase_libsysbase_a-_exit.o)
                0x00113be4                _exit
 .text.chdir    0x00113c04      0x140 /opt/devkitpro/devkitARM/lib/gcc/arm-none-eabi/16.1.0/../../../../arm-none-eabi/lib/armv6k/fpu/libsysbase.a(libsysbase_libsysbase_a-chdir.o)
                0x00113c04                chdir
 .text._concatenate_path
                0x00113d44      0x1c8 /opt/devkitpro/devkitARM/lib/gcc/arm-none-eabi/16.1.0/../../../../arm-none-eabi/lib/armv6k/fpu/libsysbase.a(libsysbase_libsysbase_a-concatenate.o)
                0x00113d44                _concatenate_path
 .text._getpid_r
                0x00113f0c       0x14 /opt/devkitpro/devkitARM/lib/gcc/arm-none-eabi/16.1.0/../../../../arm-none-eabi/lib/armv6k/fpu/libsysbase.a(libsysbase_libsysbase_a-getpid.o)
                0x00113f0c                _getpid_r
 .text.__getreent
                0x00113f20       0x2c /opt/devkitpro/devkitARM/lib/gcc/arm-none-eabi/16.1.0/../../../../arm-none-eabi/lib/armv6k/fpu/libsysbase.a(libsysbase_libsysbase_a-getreent.o)
                0x00113f20                __getreent
 .text.null_write
                0x00113f4c        0x8 /opt/devkitpro/devkitARM/lib/gcc/arm-none-eabi/16.1.0/../../../../arm-none-eabi/lib/armv6k/fpu/libsysbase.a(libsysbase_libsysbase_a-iosupport.o)
 .text.setDefaultDevice
                0x00113f54       0x18 /opt/devkitpro/devkitARM/lib/gcc/arm-none-eabi/16.1.0/../../../../arm-none-eabi/lib/armv6k/fpu/libsysbase.a(libsysbase_libsysbase_a-iosupport.o)
                0x00113f54                setDefaultDevice
 .text.FindDevice
                0x00113f6c       0x98 /opt/devkitpro/devkitARM/lib/gcc/arm-none-eabi/16.1.0/../../../../arm-none-eabi/lib/armv6k/fpu/libsysbase.a(libsysbase_libsysbase_a-iosupport.o)
                0x00113f6c                FindDevice
 .text.RemoveDevice
                0x00114004       0x24 /opt/devkitpro/devkitARM/lib/gcc/arm-none-eabi/16.1.0/../../../../arm-none-eabi/lib/armv6k/fpu/libsysbase.a(libsysbase_libsysbase_a-iosupport.o)
                0x00114004                RemoveDevice
 .text.AddDevice
                0x00114028       0x88 /opt/devkitpro/devkitARM/lib/gcc/arm-none-eabi/16.1.0/../../../../arm-none-eabi/lib/armv6k/fpu/libsysbase.a(libsysbase_libsysbase_a-iosupport.o)
                0x00114028                AddDevice
 .text.GetDeviceOpTab
                0x001140b0       0x20 /opt/devkitpro/devkitARM/lib/gcc/arm-none-eabi/16.1.0/../../../../arm-none-eabi/lib/armv6k/fpu/libsysbase.a(libsysbase_libsysbase_a-iosupport.o)
                0x001140b0                GetDeviceOpTab
 .text._kill_r  0x001140d0       0x14 /opt/devkitpro/devkitARM/lib/gcc/arm-none-eabi/16.1.0/../../../../arm-none-eabi/lib/armv6k/fpu/libsysbase.a(libsysbase_libsysbase_a-kill.o)
                0x001140d0                _kill_r
 .text.pthread_mutex_lock
                0x001140e4       0x60 /opt/devkitpro/devkitARM/lib/gcc/arm-none-eabi/16.1.0/../../../../arm-none-eabi/lib/armv6k/fpu/libsysbase.a(libsysbase_libsysbase_a-pthread.o)
                0x001140e4                pthread_mutex_lock
 .text.pthread_mutex_unlock
                0x00114144       0x60 /opt/devkitpro/devkitARM/lib/gcc/arm-none-eabi/16.1.0/../../../../arm-none-eabi/lib/armv6k/fpu/libsysbase.a(libsysbase_libsysbase_a-pthread.o)
                0x00114144                pthread_mutex_unlock
 .text.pthread_key_create
                0x001141a4       0x34 /opt/devkitpro/devkitARM/lib/gcc/arm-none-eabi/16.1.0/../../../../arm-none-eabi/lib/armv6k/fpu/libsysbase.a(libsysbase_libsysbase_a-pthread.o)
                0x001141a4                pthread_key_create
 .text.pthread_setspecific
                0x001141d8       0x24 /opt/devkitpro/devkitARM/lib/gcc/arm-none-eabi/16.1.0/../../../../arm-none-eabi/lib/armv6k/fpu/libsysbase.a(libsysbase_libsysbase_a-pthread.o)
                0x001141d8                pthread_setspecific
 .text.pthread_getspecific
                0x001141fc       0x24 /opt/devkitpro/devkitARM/lib/gcc/arm-none-eabi/16.1.0/../../../../arm-none-eabi/lib/armv6k/fpu/libsysbase.a(libsysbase_libsysbase_a-pthread.o)
                0x001141fc                pthread_getspecific
 .text.pthread_key_delete
                0x00114220       0x24 /opt/devkitpro/devkitARM/lib/gcc/arm-none-eabi/16.1.0/../../../../arm-none-eabi/lib/armv6k/fpu/libsysbase.a(libsysbase_libsysbase_a-pthread.o)
                0x00114220                pthread_key_delete
 .text._sbrk_r  0x00114244       0x78 /opt/devkitpro/devkitARM/lib/gcc/arm-none-eabi/16.1.0/../../../../arm-none-eabi/lib/armv6k/fpu/libsysbase.a(libsysbase_libsysbase_a-sbrk.o)
                0x00114244                _sbrk_r
 .text.__libc_lock_acquire
                0x001142bc       0x1c /opt/devkitpro/devkitARM/lib/gcc/arm-none-eabi/16.1.0/../../../../arm-none-eabi/lib/armv6k/fpu/libsysbase.a(libsysbase_libsysbase_a-syscall_support.o)
                0x001142bc                __libc_lock_acquire
 .text.__libc_lock_release
                0x001142d8       0x1c /opt/devkitpro/devkitARM/lib/gcc/arm-none-eabi/16.1.0/../../../../arm-none-eabi/lib/armv6k/fpu/libsysbase.a(libsysbase_libsysbase_a-syscall_support.o)
                0x001142d8                __libc_lock_release
 .text.__libc_lock_acquire_recursive